Component: ARM Compiler 5.06 update 7 (build 960) Tool: armlink [4d3601]

==============================================================================

Section Cross References

    system_gd32f10x.o(i.SystemInit) refers to system_gd32f10x.o(i.system_clock_config) for system_clock_config
    system_gd32f10x.o(i.SystemInit) refers to gd32f10x_misc.o(i.nvic_vector_table_set) for nvic_vector_table_set
    system_gd32f10x.o(i.system_clock_config) refers to system_gd32f10x.o(i.system_clock_108m_hxtal) for system_clock_108m_hxtal
    startup_gd32f10x_hd.o(STACK) refers (Special) to heapauxi.o(.text) for __use_two_region_memory
    startup_gd32f10x_hd.o(HEAP) refers (Special) to heapauxi.o(.text) for __use_two_region_memory
    startup_gd32f10x_hd.o(RESET) refers (Special) to heapauxi.o(.text) for __use_two_region_memory
    startup_gd32f10x_hd.o(RESET) refers to startup_gd32f10x_hd.o(STACK) for __initial_sp
    startup_gd32f10x_hd.o(RESET) refers to startup_gd32f10x_hd.o(.text) for Reset_Handler
    startup_gd32f10x_hd.o(RESET) refers to gd32f10x_it.o(i.NMI_Handler) for NMI_Handler
    startup_gd32f10x_hd.o(RESET) refers to gd32f10x_it.o(i.HardFault_Handler) for HardFault_Handler
    startup_gd32f10x_hd.o(RESET) refers to gd32f10x_it.o(i.MemManage_Handler) for MemManage_Handler
    startup_gd32f10x_hd.o(RESET) refers to gd32f10x_it.o(i.BusFault_Handler) for BusFault_Handler
    startup_gd32f10x_hd.o(RESET) refers to gd32f10x_it.o(i.UsageFault_Handler) for UsageFault_Handler
    startup_gd32f10x_hd.o(RESET) refers to gd32f10x_it.o(i.DebugMon_Handler) for DebugMon_Handler
    startup_gd32f10x_hd.o(RESET) refers to gd32f10x_it.o(i.SysTick_Handler) for SysTick_Handler
    startup_gd32f10x_hd.o(RESET) refers to bsp_timer.o(i.TIMER0_UP_IRQHandler) for TIMER0_UP_IRQHandler
    startup_gd32f10x_hd.o(RESET) refers to bsp_timer.o(i.TIMER1_IRQHandler) for TIMER1_IRQHandler
    startup_gd32f10x_hd.o(RESET) refers to gd32f10x_it.o(i.USART0_IRQHandler) for USART0_IRQHandler
    startup_gd32f10x_hd.o(RESET) refers to gd32f10x_it.o(i.USART1_IRQHandler) for USART1_IRQHandler
    startup_gd32f10x_hd.o(RESET) refers to gd32f10x_it.o(i.USART2_IRQHandler) for USART2_IRQHandler
    startup_gd32f10x_hd.o(RESET) refers to gd32f10x_it.o(i.UART3_IRQHandler) for UART3_IRQHandler
    startup_gd32f10x_hd.o(RESET) refers to bsp_timer.o(i.TIMER5_IRQHandler) for TIMER5_IRQHandler
    startup_gd32f10x_hd.o(.text) refers (Special) to heapauxi.o(.text) for __use_two_region_memory
    startup_gd32f10x_hd.o(.text) refers to system_gd32f10x.o(i.SystemInit) for SystemInit
    startup_gd32f10x_hd.o(.text) refers to __main.o(!!!main) for __main
    startup_gd32f10x_hd.o(.text) refers to startup_gd32f10x_hd.o(HEAP) for Heap_Mem
    startup_gd32f10x_hd.o(.text) refers to startup_gd32f10x_hd.o(STACK) for Stack_Mem
    gd32f10x_adc.o(i.adc_deinit) refers to gd32f10x_rcu.o(i.rcu_periph_reset_enable) for rcu_periph_reset_enable
    gd32f10x_adc.o(i.adc_deinit) refers to gd32f10x_rcu.o(i.rcu_periph_reset_disable) for rcu_periph_reset_disable
    gd32f10x_bkp.o(i.bkp_deinit) refers to gd32f10x_rcu.o(i.rcu_bkp_reset_enable) for rcu_bkp_reset_enable
    gd32f10x_bkp.o(i.bkp_deinit) refers to gd32f10x_rcu.o(i.rcu_bkp_reset_disable) for rcu_bkp_reset_disable
    gd32f10x_can.o(i.can_debug_freeze_disable) refers to gd32f10x_dbg.o(i.dbg_periph_enable) for dbg_periph_enable
    gd32f10x_can.o(i.can_debug_freeze_enable) refers to gd32f10x_dbg.o(i.dbg_periph_enable) for dbg_periph_enable
    gd32f10x_can.o(i.can_deinit) refers to gd32f10x_rcu.o(i.rcu_periph_reset_enable) for rcu_periph_reset_enable
    gd32f10x_can.o(i.can_deinit) refers to gd32f10x_rcu.o(i.rcu_periph_reset_disable) for rcu_periph_reset_disable
    gd32f10x_can.o(i.can_interrupt_flag_get) refers to gd32f10x_can.o(i.can_receive_message_length_get) for can_receive_message_length_get
    gd32f10x_can.o(i.can_interrupt_flag_get) refers to gd32f10x_can.o(i.can_error_get) for can_error_get
    gd32f10x_dac.o(i.dac_deinit) refers to gd32f10x_rcu.o(i.rcu_periph_reset_enable) for rcu_periph_reset_enable
    gd32f10x_dac.o(i.dac_deinit) refers to gd32f10x_rcu.o(i.rcu_periph_reset_disable) for rcu_periph_reset_disable
    gd32f10x_dma.o(i.dma_channel_disable) refers to gd32f10x_dma.o(i.dma_periph_and_channel_check) for dma_periph_and_channel_check
    gd32f10x_dma.o(i.dma_channel_enable) refers to gd32f10x_dma.o(i.dma_periph_and_channel_check) for dma_periph_and_channel_check
    gd32f10x_dma.o(i.dma_circulation_disable) refers to gd32f10x_dma.o(i.dma_periph_and_channel_check) for dma_periph_and_channel_check
    gd32f10x_dma.o(i.dma_circulation_enable) refers to gd32f10x_dma.o(i.dma_periph_and_channel_check) for dma_periph_and_channel_check
    gd32f10x_dma.o(i.dma_deinit) refers to gd32f10x_dma.o(i.dma_periph_and_channel_check) for dma_periph_and_channel_check
    gd32f10x_dma.o(i.dma_init) refers to gd32f10x_dma.o(i.dma_periph_and_channel_check) for dma_periph_and_channel_check
[...]
    _btod_etento                             0x08001775   Thumb Code   224  bigflt0.o(.text)
    __user_libspace                          0x08001859   Thumb Code     8  libspace.o(.text)
    __user_perproc_libspace                  0x08001859   Thumb Code     0  libspace.o(.text)
    __user_perthread_libspace                0x08001859   Thumb Code     0  libspace.o(.text)
    __user_setup_stackheap                   0x08001861   Thumb Code    74  sys_stackheap_outer.o(.text)
    __rt_ctype_table                         0x080018ad   Thumb Code    16  rt_ctype_table.o(.text)
    __read_errno                             0x080018bd   Thumb Code    10  _rserrno.o(.text)
    __set_errno                              0x080018c7   Thumb Code    12  _rserrno.o(.text)
    _scanf_really_hex_real                   0x080018d5   Thumb Code   786  scanf_hexfp.o(.text)
    _scanf_really_infnan                     0x08001bf5   Thumb Code   292  scanf_infnan.o(.text)
    exit                                     0x08001d29   Thumb Code    18  exit.o(.text)
    strcmp                                   0x08001d3d   Thumb Code   128  strcmpv7m.o(.text)
    __aeabi_llsl                             0x08001dbd   Thumb Code     0  llshl.o(.text)
    _ll_shift_l                              0x08001dbd   Thumb Code    38  llshl.o(.text)
    _sys_exit                                0x08001de5   Thumb Code     8  sys_exit.o(.text)
    __I$use$semihosting                      0x08001df1   Thumb Code     0  use_no_semi.o(.text)
    __use_no_semihosting_swi                 0x08001df1   Thumb Code     2  use_no_semi.o(.text)
    __semihosting_library_function           0x08001df3   Thumb Code     0  indicate_semi.o(.text)
    _btod_d2e                                0x08001df3   Thumb Code    62  btod.o(CL$$btod_d2e)
    _d2e_denorm_low                          0x08001e31   Thumb Code    70  btod.o(CL$$btod_d2e_denorm_low)
    _d2e_norm_op1                            0x08001e77   Thumb Code    96  btod.o(CL$$btod_d2e_norm_op1)
    __btod_div_common                        0x08001ed7   Thumb Code   696  btod.o(CL$$btod_div_common)
    _e2d                                     0x08002211   Thumb Code   122  btod.o(CL$$btod_e2d)
    _e2e                                     0x08002295   Thumb Code   220  btod.o(CL$$btod_e2e)
    _btod_ediv                               0x08002371   Thumb Code    42  btod.o(CL$$btod_ediv)
    _btod_edivd                              0x0800239b   Thumb Code    42  btod.o(CL$$btod_edivd)
    _btod_emul                               0x080023c5   Thumb Code    42  btod.o(CL$$btod_emul)
    _btod_emuld                              0x080023ef   Thumb Code    42  btod.o(CL$$btod_emuld)
    __btod_mult_common                       0x08002419   Thumb Code   580  btod.o(CL$$btod_mult_common)
    ADC_GetVolPer                            0x0800265d   Thumb Code    54  bsp_adc.o(i.ADC_GetVolPer)
    BEEP_SetState                            0x08002725   Thumb Code    24  bsp_gpio.o(i.BEEP_SetState)
    BSP_ADC_Init                             0x08002741   Thumb Code    12  bsp_adc.o(i.BSP_ADC_Init)
    BSP_EEPROM_Init                          0x0800274d   Thumb Code    30  bsp_eeprom.o(i.BSP_EEPROM_Init)
    BSP_GPIO_Init                            0x08002771   Thumb Code   250  bsp_gpio.o(i.BSP_GPIO_Init)
    BSP_Init                                 0x08002879   Thumb Code    46  main.o(i.BSP_Init)
    BSP_Key_Init                             0x080028a9   Thumb Code    76  bsp_key.o(i.BSP_Key_Init)
    BSP_PWM_Init                             0x080028f9   Thumb Code   168  bsp_pwm.o(i.BSP_PWM_Init)
    BSP_RTC_Init                             0x080029a9   Thumb Code    60  bsp_rtc.o(i.BSP_RTC_Init)
    BSP_TIM_Init                             0x080029e9   Thumb Code    16  bsp_timer.o(i.BSP_TIM_Init)
    BSP_Uart_Init                            0x080029f9   Thumb Code   334  bsp_uart.o(i.BSP_Uart_Init)
    BeepStateProcess                         0x08002b59   Thumb Code   126  task_status.o(i.BeepStateProcess)
    BusFault_Handler                         0x08002bf1   Thumb Code     4  gd32f10x_it.o(i.BusFault_Handler)
    Byte_BCDToBin                            0x08002bf5   Thumb Code    20  sys.o(i.Byte_BCDToBin)
    Byte_BinToBCD                            0x08002c09   Thumb Code    30  sys.o(i.Byte_BinToBCD)
    CHG_GetChgState                          0x08002c29   Thumb Code   102  bsp_gpio.o(i.CHG_GetChgState)
    CHG_SetChg                               0x08002c99   Thumb Code    24  bsp_gpio.o(i.CHG_SetChg)
    CHG_plugCheck                            0x08002cb5   Thumb Code    10  bsp_gpio.o(i.CHG_plugCheck)
    ChgStateProcess                          0x08002cc5   Thumb Code    78  task_status.o(i.ChgStateProcess)
    DebugDataParse                           0x08002d19   Thumb Code    26  task_com.o(i.DebugDataParse)
    DebugMon_Handler                         0x08002d39   Thumb Code     2  gd32f10x_it.o(i.DebugMon_Handler)
    DetectoCom                               0x08002d3d   Thumb Code   184  task_com.o(i.DetectoCom)
    Display_ProgressBar                      0x08002e21   Thumb Code   104  display.o(i.Display_ProgressBar)
    Display_bat                              0x08002e95   Thumb Code    42  display.o(i.Display_bat)
    Display_brightness                       0x08002ec5   Thumb Code    98  display.o(i.Display_brightness)
    Display_dose                             0x08002f2d   Thumb Code   224  display.o(i.Display_dose)
    Display_doseVal                          0x08003031   Thumb Code   318  display.o(i.Display_doseVal)
    Display_setWarnVal                       0x0800319d   Thumb Code   314  display.o(i.Display_setWarnVal)
    Display_statusBar                        0x080032ed   Thumb Code    68  display.o(i.Display_statusBar)
    Display_unitParam                        0x08003341   Thumb Code    86  display.o(i.Display_unitParam)
    EE_Stop                                  0x080033b9   Thumb Code    36  bsp_eeprom.o(i.EE_Stop)
    ExtDoseCalc                              0x080033e1   Thumb Code   346  task_dose.o(i.ExtDoseCalc)
    GUI_Refresh                              0x08003555   Thumb Code    20  gui.o(i.GUI_Refresh)
    GUI_SetBat                               0x0800356d   Thumb Code   256  gui.o(i.GUI_SetBat)
    GUI_SetChar1608                          0x08003679   Thumb Code   254  gui.o(i.GUI_SetChar1608)
    GUI_SetChar1616                          0x08003781   Thumb Code   194  gui.o(i.GUI_SetChar1616)
    GUI_SetChar2412                          0x0800384d   Thumb Code   254  gui.o(i.GUI_SetChar2412)
    GUI_SetChar2424                          0x08003955   Thumb Code   194  gui.o(i.GUI_SetChar2424)
    GUI_SetChar3216                          0x08003a21   Thumb Code   254  gui.o(i.GUI_SetChar3216)
    GUI_SetChar4824                          0x08003b29   Thumb Code   252  gui.o(i.GUI_SetChar4824)
    GUI_SetFillRect                          0x08003c2d   Thumb Code    42  gui.o(i.GUI_SetFillRect)
    GUI_SetLine                              0x08003c59   Thumb Code   358  gui.o(i.GUI_SetLine)
    GUI_SetRect                              0x08003dc5   Thumb Code    66  gui.o(i.GUI_SetRect)
    GUI_SetString1608                        0x08003e07   Thumb Code    52  gui.o(i.GUI_SetString1608)
    GUI_SetString1616                        0x08003e3b   Thumb Code    82  gui.o(i.GUI_SetString1616)
    GUI_SetString2412                        0x08003e8d   Thumb Code    52  gui.o(i.GUI_SetString2412)
    GUI_SetString2424                        0x08003ec1   Thumb Code    82  gui.o(i.GUI_SetString2424)
    GUI_SetString3216                        0x08003f13   Thumb Code    52  gui.o(i.GUI_SetString3216)
    GUI_SetString4824                        0x08003f47   Thumb Code    52  gui.o(i.GUI_SetString4824)
    GetAdcVal                                0x08003f7d   Thumb Code    32  bsp_adc.o(i.GetAdcVal)
    GetChgState                              0x08003fa1   Thumb Code     6  task_status.o(i.GetChgState)
    GetDoseUnit                              0x08003fad   Thumb Code    22  display.o(i.GetDoseUnit)
    Get_BatValueSOC                          0x08003fc9   Thumb Code   286  bsp_adc.o(i.Get_BatValueSOC)
    Get_RTC_Time                             0x080040fd   Thumb Code    88  bsp_rtc.o(i.Get_RTC_Time)
    HMI_start                                0x08004171   Thumb Code    52  task_gui.o(i.HMI_start)
    HZ16_to_index                            0x080041a5   Thumb Code   828  gui.o(i.HZ16_to_index)
    HZ24_to_index                            0x080044e1   Thumb Code   666  gui.o(i.HZ24_to_index)
    HardFault_Handler                        0x0800477b   Thumb Code     4  gd32f10x_it.o(i.HardFault_Handler)
    IntDoseCalc                              0x08004781   Thumb Code   168  task_dose.o(i.IntDoseCalc)
    LCD_FillData                             0x08004839   Thumb Code    48  bsp_lcd.o(i.LCD_FillData)
    LCD_Init                                 0x08004869   Thumb Code   438  bsp_lcd.o(i.LCD_Init)
    LCD_clear                                0x08004a1f   Thumb Code    58  bsp_lcd.o(i.LCD_clear)
    LCD_delay                                0x08004a59   Thumb Code    22  bsp_lcd.o(i.LCD_delay)
    LCD_reset                                0x08004a71   Thumb Code    42  bsp_lcd.o(i.LCD_reset)
    LCD_set_window                           0x08004aa1   Thumb Code    72  bsp_lcd.o(i.LCD_set_window)
    LCD_write                                0x08004ae9   Thumb Code    46  bsp_lcd.o(i.LCD_write)
    LED_SetState                             0x08004b1d   Thumb Code    66  bsp_gpio.o(i.LED_SetState)
    LedStateProcess                          0x08004b65   Thumb Code    96  task_status.o(i.LedStateProcess)
    MemManage_Handler                        0x08004bc9   Thumb Code     4  gd32f10x_it.o(i.MemManage_Handler)
    NMI_Handler                              0x08004bcd   Thumb Code     2  gd32f10x_it.o(i.NMI_Handler)
    PWR_shutdown                             0x08004bf9   Thumb Code    10  bsp_gpio.o(i.PWR_shutdown)
    RTC_Ack                                  0x08004c09   Thumb Code    44  bsp_rtc.o(i.RTC_Ack)
    RTC_NAck                                 0x08004c45   Thumb Code    36  bsp_rtc.o(i.RTC_NAck)
    RTC_Read                                 0x08004c6d   Thumb Code   100  bsp_rtc.o(i.RTC_Read)
    RTC_ReadByte                             0x08004cd1   Thumb Code    62  bsp_rtc.o(i.RTC_ReadByte)
    RTC_SendByte                             0x08004d15   Thumb Code    80  bsp_rtc.o(i.RTC_SendByte)
    RTC_Start                                0x08004d69   Thumb Code    42  bsp_rtc.o(i.RTC_Start)
    RTC_Stop                                 0x08004d99   Thumb Code    32  bsp_rtc.o(i.RTC_Stop)
    RTC_WaitAck                              0x08004dbd   Thumb Code    56  bsp_rtc.o(i.RTC_WaitAck)
    RTC_Write                                0x08004df9   Thumb Code    78  bsp_rtc.o(i.RTC_Write)
    SetLcdBacklight                          0x08004e49   Thumb Code    12  bsp_pwm.o(i.SetLcdBacklight)
    Set_RTC_Time                             0x08004e59   Thumb Code    94  bsp_rtc.o(i.Set_RTC_Time)
    SysTick_Handler                          0x08004eb7   Thumb Code     8  gd32f10x_it.o(i.SysTick_Handler)
    SystemInit                               0x08004ec1   Thumb Code   196  system_gd32f10x.o(i.SystemInit)
    TIM0_Init                                0x08004f95   Thumb Code   154  bsp_timer.o(i.TIM0_Init)
    TIM1_Init                                0x08005039   Thumb Code   166  bsp_timer.o(i.TIM1_Init)
    TIM5_Init                                0x080050e5   Thumb Code    96  bsp_timer.o(i.TIM5_Init)
    TIMER0_UP_IRQHandler                     0x08005149   Thumb Code    32  bsp_timer.o(i.TIMER0_UP_IRQHandler)
    TIMER1_IRQHandler                        0x08005171   Thumb Code    32  bsp_timer.o(i.TIMER1_IRQHandler)
    TIMER5_IRQHandler                        0x08005195   Thumb Code    88  bsp_timer.o(i.TIMER5_IRQHandler)
    Task_HMI                                 0x08005209   Thumb Code   222  task_gui.o(i.Task_HMI)
    Task_bat                                 0x080052f9   Thumb Code   128  task_status.o(i.Task_bat)
    Task_com                                 0x08005389   Thumb Code    36  task_com.o(i.Task_com)
    Task_dose                                0x080053b1   Thumb Code    12  task_dose.o(i.Task_dose)
    Task_status                              0x080053bd   Thumb Code   106  task_status.o(i.Task_status)
    TimerGetCnt                              0x08005439   Thumb Code     6  bsp_timer.o(i.TimerGetCnt)
    UART3_IRQHandler                         0x08005445   Thumb Code    10  gd32f10x_it.o(i.UART3_IRQHandler)
    UART_IRQn                                0x08005455   Thumb Code   204  bsp_uart.o(i.UART_IRQn)
    USART0_IRQHandler                        0x08005531   Thumb Code    10  gd32f10x_it.o(i.USART0_IRQHandler)
    USART1_IRQHandler                        0x08005541   Thumb Code     2  gd32f10x_it.o(i.USART1_IRQHandler)
    USART2_IRQHandler                        0x08005543   Thumb Code     2  gd32f10x_it.o(i.USART2_IRQHandler)
    UsageFault_Handler                       0x08005545   Thumb Code     4  gd32f10x_it.o(i.UsageFault_Handler)
    __ARM_fpclassify                         0x08005549   Thumb Code    40  fpclassify.o(i.__ARM_fpclassify)
    __mathlib_dbl_overflow                   0x08005571   Thumb Code    14  dunder.o(i.__mathlib_dbl_overflow)
    __mathlib_dbl_underflow                  0x08005581   Thumb Code    10  dunder.o(i.__mathlib_dbl_underflow)
    __mathlib_narrow                         0x08005591   Thumb Code    16  narrow.o(i.__mathlib_narrow)
    __mathlib_tofloat                        0x080055a1   Thumb Code   184  narrow.o(i.__mathlib_tofloat)
    __support_ldexp                          0x0800565d   Thumb Code    22  ldexp.o(i.__support_ldexp)
    _is_digit                                0x08005673   Thumb Code    14  __printf_wp.o(i._is_digit)
    adc_calibration_enable                   0x08005681   Thumb Code    42  gd32f10x_adc.o(i.adc_calibration_enable)
    adc_channel_length_config                0x080056ab   Thumb Code    70  gd32f10x_adc.o(i.adc_channel_length_config)
    adc_data_alignment_config                0x080056f1   Thumb Code    22  gd32f10x_adc.o(i.adc_data_alignment_config)
    adc_deinit                               0x08005709   Thumb Code    84  gd32f10x_adc.o(i.adc_deinit)
    adc_enable                               0x08005761   Thumb Code    18  gd32f10x_adc.o(i.adc_enable)
    adc_external_trigger_config              0x08005773   Thumb Code    62  gd32f10x_adc.o(i.adc_external_trigger_config)
    adc_external_trigger_source_config       0x080057b1   Thumb Code    48  gd32f10x_adc.o(i.adc_external_trigger_source_config)
    adc_flag_get                             0x080057e1   Thumb Code    14  gd32f10x_adc.o(i.adc_flag_get)
    adc_mode_config                          0x080057f1   Thumb Code    22  gd32f10x_adc.o(i.adc_mode_config)
    adc_regular_channel_config               0x0800580d   Thumb Code   172  gd32f10x_adc.o(i.adc_regular_channel_config)
    adc_regular_data_read                    0x080058b9   Thumb Code     8  gd32f10x_adc.o(i.adc_regular_data_read)
    adc_software_trigger_enable              0x080058c1   Thumb Code    30  gd32f10x_adc.o(i.adc_software_trigger_enable)
    adc_special_function_config              0x080058df   Thumb Code    90  gd32f10x_adc.o(i.adc_special_function_config)
    bsp_GetKey                               0x08005939   Thumb Code    46  bsp_key.o(i.bsp_GetKey)
    bsp_KeyScan                              0x0800596d   Thumb Code   126  bsp_key.o(i.bsp_KeyScan)
    bsp_PutKey                               0x080059f5   Thumb Code    28  bsp_key.o(i.bsp_PutKey)
    delay_ms                                 0x08005a15   Thumb Code    24  sys.o(i.delay_ms)
    delay_us                                 0x08005a2d   Thumb Code    24  sys.o(i.delay_us)
    display_time                             0x08005a45   Thumb Code   102  display.o(i.display_time)
    frexp                                    0x08005acd   Thumb Code    80  frexp.o(i.frexp)
    get_list_avage                           0x08005b25   Thumb Code    68  task_dose.o(i.get_list_avage)
    gpio_init                                0x08005b69   Thumb Code   172  gd32f10x_gpio.o(i.gpio_init)
    gpio_input_bit_get                       0x08005c15   Thumb Code    16  gd32f10x_gpio.o(i.gpio_input_bit_get)
    lcd_gpio_init                            0x08005c25   Thumb Code    88  bsp_lcd.o(i.lcd_gpio_init)
    lcd_spi_init                             0x08005c85   Thumb Code    60  bsp_lcd.o(i.lcd_spi_init)
    ldexp                                    0x08005cc5   Thumb Code   116  ldexp.o(i.ldexp)
    list_add                                 0x08005d39   Thumb Code    26  task_dose.o(i.list_add)
    list_refresh                             0x08005d53   Thumb Code    22  task_dose.o(i.list_refresh)
    main                                     0x08005d69   Thumb Code   164  main.o(i.main)
    menu01                                   0x08005e1d   Thumb Code    94  task_gui.o(i.menu01)
    menu011                                  0x08005ea9   Thumb Code   190  task_gui.o(i.menu011)
    menu0111                                 0x08005fc1   Thumb Code   296  task_gui.o(i.menu0111)
    menu012                                  0x08006151   Thumb Code   242  task_gui.o(i.menu012)
    menu0121                                 0x080062a5   Thumb Code   872  task_gui.o(i.menu0121)
    menu013                                  0x08006681   Thumb Code   220  task_gui.o(i.menu013)
    menu0131                                 0x080067b9   Thumb Code   890  task_gui.o(i.menu0131)
    menu014                                  0x08006ba1   Thumb Code   174  task_gui.o(i.menu014)
    menu0141                                 0x08006ca1   Thumb Code   362  task_gui.o(i.menu0141)
    menu015                                  0x08006e6d   Thumb Code   196  task_gui.o(i.menu015)
    menu0151                                 0x08006f85   Thumb Code   386  task_gui.o(i.menu0151)
    menu02                                   0x0800716d   Thumb Code    94  task_gui.o(i.menu02)
    menu03                                   0x080071f9   Thumb Code   444  task_gui.o(i.menu03)
    menu1                                    0x080073ed   Thumb Code   186  task_gui.o(i.menu1)
    menu11                                   0x08007501   Thumb Code   186  task_gui.o(i.menu11)
    menu111                                  0x08007615   Thumb Code   596  task_gui.o(i.menu111)
    menu12                                   0x080078a9   Thumb Code   186  task_gui.o(i.menu12)
    menu121                                  0x080079bd   Thumb Code   608  task_gui.o(i.menu121)
    menu2                                    0x08007c65   Thumb Code   186  task_gui.o(i.menu2)
    menu21                                   0x08007d89   Thumb Code   186  task_gui.o(i.menu21)
    menu211                                  0x08007ead   Thumb Code   212  task_gui.o(i.menu211)
    menu22                                   0x08007fa9   Thumb Code   186  task_gui.o(i.menu22)
    menu221                                  0x080080cd   Thumb Code   126  task_gui.o(i.menu221)
    menu222                                  0x08008179   Thumb Code   114  task_gui.o(i.menu222)
    menu223                                  0x08008219   Thumb Code   114  task_gui.o(i.menu223)
    menu3                                    0x080082b9   Thumb Code   172  task_gui.o(i.menu3)
    menu31                                   0x080083c5   Thumb Code   160  task_gui.o(i.menu31)
    menu311                                  0x080084c1   Thumb Code   192  task_gui.o(i.menu311)
    menu4                                    0x080085bd   Thumb Code   220  task_gui.o(i.menu4)
    menu41                                   0x08008719   Thumb Code   220  task_gui.o(i.menu41)
    menu42                                   0x08008875   Thumb Code   220  task_gui.o(i.menu42)
    menu43                                   0x080089d1   Thumb Code   220  task_gui.o(i.menu43)
    menu44                                   0x08008b2d   Thumb Code   220  task_gui.o(i.menu44)
    menu5                                    0x08008c89   Thumb Code   172  task_gui.o(i.menu5)
    menu51                                   0x08008d91   Thumb Code   172  task_gui.o(i.menu51)
    menu511                                  0x08008e99   Thumb Code   392  task_gui.o(i.menu511)
    menu_main1                               0x08009059   Thumb Code   174  task_gui.o(i.menu_main1)
    menu_main2                               0x0800912d   Thumb Code     2  task_gui.o(i.menu_main2)
    menu_main3                               0x0800912f   Thumb Code     2  task_gui.o(i.menu_main3)
    menu_shutdown                            0x08009131   Thumb Code    80  task_gui.o(i.menu_shutdown)
    nvic_irq_enable                          0x08009181   Thumb Code   162  gd32f10x_misc.o(i.nvic_irq_enable)
    nvic_priority_group_set                  0x0800922d   Thumb Code    10  gd32f10x_misc.o(i.nvic_priority_group_set)
    nvic_vector_table_set                    0x08009241   Thumb Code    16  gd32f10x_misc.o(i.nvic_vector_table_set)
    rcu_adc_clock_config                     0x08009259   Thumb Code    64  gd32f10x_rcu.o(i.rcu_adc_clock_config)
    rcu_clock_freq_get                       0x080092a1   Thumb Code   264  gd32f10x_rcu.o(i.rcu_clock_freq_get)
    rcu_periph_clock_enable                  0x080093c5   Thumb Code    28  gd32f10x_rcu.o(i.rcu_periph_clock_enable)
    rcu_periph_reset_disable                 0x080093e5   Thumb Code    28  gd32f10x_rcu.o(i.rcu_periph_reset_disable)
    rcu_periph_reset_enable                  0x08009405   Thumb Code    28  gd32f10x_rcu.o(i.rcu_periph_reset_enable)
    setSystemTick                            0x08009425   Thumb Code    80  sys_config.o(i.setSystemTick)
    spi_enable                               0x08009479   Thumb Code    10  gd32f10x_spi.o(i.spi_enable)
    spi_i2s_data_receive                     0x08009483   Thumb Code     8  gd32f10x_spi.o(i.spi_i2s_data_receive)
    spi_i2s_data_transmit                    0x0800948b   Thumb Code     4  gd32f10x_spi.o(i.spi_i2s_data_transmit)
    spi_i2s_flag_get                         0x0800948f   Thumb Code    16  gd32f10x_spi.o(i.spi_i2s_flag_get)
    spi_init                                 0x0800949f   Thumb Code    50  gd32f10x_spi.o(i.spi_init)
    spi_send_byte                            0x080094d1   Thumb Code    50  bsp_lcd.o(i.spi_send_byte)
    taskTicksInc                             0x080095d5   Thumb Code    12  sys_config.o(i.taskTicksInc)
    timer_auto_reload_shadow_enable          0x080095e5   Thumb Code    10  gd32f10x_timer.o(i.timer_auto_reload_shadow_enable)
    timer_channel_output_config              0x080095f1   Thumb Code   484  gd32f10x_timer.o(i.timer_channel_output_config)
    timer_channel_output_mode_config         0x080097dd   Thumb Code    90  gd32f10x_timer.o(i.timer_channel_output_mode_config)
    timer_channel_output_pulse_value_config  0x08009837   Thumb Code    38  gd32f10x_timer.o(i.timer_channel_output_pulse_value_config)
    timer_channel_output_shadow_config       0x0800985d   Thumb Code    90  gd32f10x_timer.o(i.timer_channel_output_shadow_config)
    timer_counter_value_config               0x080098b7   Thumb Code     4  gd32f10x_timer.o(i.timer_counter_value_config)
    timer_deinit                             0x080098bd   Thumb Code   210  gd32f10x_timer.o(i.timer_deinit)
    timer_enable                             0x08009999   Thumb Code    10  gd32f10x_timer.o(i.timer_enable)
    timer_external_clock_mode1_config        0x080099a3   Thumb Code    32  gd32f10x_timer.o(i.timer_external_clock_mode1_config)
    timer_external_trigger_config            0x080099c3   Thumb Code    30  gd32f10x_timer.o(i.timer_external_trigger_config)
    timer_flag_clear                         0x080099e1   Thumb Code     6  gd32f10x_timer.o(i.timer_flag_clear)
    timer_init                               0x080099e9   Thumb Code   170  gd32f10x_timer.o(i.timer_init)
    timer_input_trigger_source_select        0x08009ac9   Thumb Code    16  gd32f10x_timer.o(i.timer_input_trigger_source_select)
    timer_interrupt_enable                   0x08009ad9   Thumb Code     8  gd32f10x_timer.o(i.timer_interrupt_enable)
    timer_interrupt_flag_clear               0x08009ae1   Thumb Code     6  gd32f10x_timer.o(i.timer_interrupt_flag_clear)
    timer_interrupt_flag_get                 0x08009ae7   Thumb Code    24  gd32f10x_timer.o(i.timer_interrupt_flag_get)
    timer_master_slave_mode_config           0x08009aff   Thumb Code    26  gd32f10x_timer.o(i.timer_master_slave_mode_config)
    timer_slave_mode_select                  0x08009b19   Thumb Code    16  gd32f10x_timer.o(i.timer_slave_mode_select)
    uart_send_buf                            0x08009b29   Thumb Code    68  bsp_uart.o(i.uart_send_buf)
    usart_baudrate_set                       0x08009bd9   Thumb Code   136  gd32f10x_usart.o(i.usart_baudrate_set)
    usart_data_receive                       0x08009c69   Thumb Code    10  gd32f10x_usart.o(i.usart_data_receive)
    usart_data_transmit                      0x08009c73   Thumb Code     8  gd32f10x_usart.o(i.usart_data_transmit)
    usart_deinit                             0x08009c7d   Thumb Code   136  gd32f10x_usart.o(i.usart_deinit)
    usart_enable                             0x08009d0d   Thumb Code    10  gd32f10x_usart.o(i.usart_enable)
    usart_hardware_flow_cts_config           0x08009d17   Thumb Code    20  gd32f10x_usart.o(i.usart_hardware_flow_cts_config)
    usart_hardware_flow_rts_config           0x08009d2b   Thumb Code    20  gd32f10x_usart.o(i.usart_hardware_flow_rts_config)
    usart_interrupt_disable                  0x08009d3f   Thumb Code    26  gd32f10x_usart.o(i.usart_interrupt_disable)
    usart_interrupt_enable                   0x08009d59   Thumb Code    26  gd32f10x_usart.o(i.usart_interrupt_enable)
    usart_interrupt_flag_clear               0x08009d73   Thumb Code    18  gd32f10x_usart.o(i.usart_interrupt_flag_clear)
    usart_interrupt_flag_get                 0x08009d85   Thumb Code    56  gd32f10x_usart.o(i.usart_interrupt_flag_get)
    usart_parity_config                      0x08009dbd   Thumb Code    16  gd32f10x_usart.o(i.usart_parity_config)
    usart_receive_config                     0x08009dcd   Thumb Code    16  gd32f10x_usart.o(i.usart_receive_config)
    usart_stop_bit_set                       0x08009ddd   Thumb Code    16  gd32f10x_usart.o(i.usart_stop_bit_set)
    usart_transmit_config                    0x08009ded   Thumb Code    16  gd32f10x_usart.o(i.usart_transmit_config)
    usart_word_length_set                    0x08009dfd   Thumb Code    16  gd32f10x_usart.o(i.usart_word_length_set)
    _get_lc_numeric                          0x08009e0d   Thumb Code    44  lc_numeric_c.o(locale$$code)
    _get_lc_ctype                            0x08009e39   Thumb Code    44  lc_ctype_c.o(locale$$code)
    __aeabi_d2f                              0x08009e65   Thumb Code     0  d2f.o(x$fpl$d2f)
    _d2f                                     0x08009e65   Thumb Code    98  d2f.o(x$fpl$d2f)
    __fpl_dcheck_NaN1                        0x08009ec9   Thumb Code    10  dcheck1.o(x$fpl$dcheck1)
    __fpl_dcmp_Inf                           0x08009ed9   Thumb Code    24  dcmpi.o(x$fpl$dcmpinf)
    __aeabi_cdcmpeq                          0x08009ef1   Thumb Code     0  deqf.o(x$fpl$deqf)
    _dcmpeq                                  0x08009ef1   Thumb Code   120  deqf.o(x$fpl$deqf)
    __aeabi_cdcmple                          0x08009f69   Thumb Code     0  dleqf.o(x$fpl$dleqf)
    _dcmple                                  0x08009f69   Thumb Code   120  dleqf.o(x$fpl$dleqf)
    __fpl_dcmple_InfNaN                      0x08009fcb   Thumb Code     0  dleqf.o(x$fpl$dleqf)
    __fpl_dnaninf                            0x08009fe1   Thumb Code   156  dnaninf.o(x$fpl$dnaninf)
    __fpl_dretinf                            0x0800a07d   Thumb Code    12  dretinf.o(x$fpl$dretinf)
    __aeabi_cdrcmple                         0x0800a089   Thumb Code     0  drleqf.o(x$fpl$drleqf)
    _drcmple                                 0x0800a089   Thumb Code   108  drleqf.o(x$fpl$drleqf)
    __aeabi_f2d                              0x0800a0f5   Thumb Code     0  f2d.o(x$fpl$f2d)
    _f2d                                     0x0800a0f5   Thumb Code    86  f2d.o(x$fpl$f2d)
    __aeabi_fadd                             0x0800a14d   Thumb Code     0  faddsub_clz.o(x$fpl$fadd)
    _fadd                                    0x0800a14d   Thumb Code   196  faddsub_clz.o(x$fpl$fadd)
    __fpl_fcmp_Inf                           0x0800a211   Thumb Code    24  fcmpi.o(x$fpl$fcmpinf)
    __aeabi_fdiv                             0x0800a229   Thumb Code     0  fdiv.o(x$fpl$fdiv)
    _fdiv                                    0x0800a229   Thumb Code   384  fdiv.o(x$fpl$fdiv)
    __aeabi_f2uiz                            0x0800a3ad   Thumb Code     0  ffixu.o(x$fpl$ffixu)
    _ffixu                                   0x0800a3ad   Thumb Code    62  ffixu.o(x$fpl$ffixu)
    __aeabi_ui2f                             0x0800a3ed   Thumb Code     0  fflt_clz.o(x$fpl$ffltu)
    _ffltu                                   0x0800a3ed   Thumb Code    38  fflt_clz.o(x$fpl$ffltu)
    __aeabi_cfcmple                          0x0800a415   Thumb Code     0  fleqf.o(x$fpl$fleqf)
    _fcmple                                  0x0800a415   Thumb Code   104  fleqf.o(x$fpl$fleqf)
    __fpl_fcmple_InfNaN                      0x0800a467   Thumb Code     0  fleqf.o(x$fpl$fleqf)
    __aeabi_fmul                             0x0800a47d   Thumb Code     0  fmul.o(x$fpl$fmul)
    _fmul                                    0x0800a47d   Thumb Code   258  fmul.o(x$fpl$fmul)
    __fpl_fnaninf                            0x0800a57f   Thumb Code   140  fnaninf.o(x$fpl$fnaninf)
    __fpl_fretinf                            0x0800a60b   Thumb Code    10  fretinf.o(x$fpl$fretinf)
    __aeabi_cfrcmple                         0x0800a615   Thumb Code     0  frleqf.o(x$fpl$frleqf)
    _frcmple                                 0x0800a615   Thumb Code    98  frleqf.o(x$fpl$frleqf)
    __aeabi_frsub                            0x0800a677   Thumb Code     0  faddsub_clz.o(x$fpl$frsb)
    _frsb                                    0x0800a677   Thumb Code    20  faddsub_clz.o(x$fpl$frsb)
    __aeabi_fsub                             0x0800a68d   Thumb Code     0  faddsub_clz.o(x$fpl$fsub)
    _fsub                                    0x0800a68d   Thumb Code   234  faddsub_clz.o(x$fpl$fsub)
    __ieee_status                            0x0800a777   Thumb Code     6  istatus.o(x$fpl$ieeestatus)
    _printf_fp_dec                           0x0800a77d   Thumb Code     4  printf1.o(x$fpl$printf1)
    __fpl_return_NaN                         0x0800a781   Thumb Code   100  retnan.o(x$fpl$retnan)
    __ARM_scalbn                             0x0800a7e5   Thumb Code    92  scalbn.o(x$fpl$scalbn)
    _scanf_real                              0x0800a841   Thumb Code     4  scanf1.o(x$fpl$scanf1)
    _scanf_hex_real                          0x0800a845   Thumb Code     4  scanf2.o(x$fpl$scanf2)
    _scanf_infnan                            0x0800a849   Thumb Code     4  scanf2.o(x$fpl$scanf2)
    __fpl_cmpreturn                          0x0800a84d   Thumb Code    48  trapv.o(x$fpl$trapveneer)
    __I$use$fp                               0x0800a87c   Number         0  usenofp.o(x$fpl$usenofp)
    beepOnTickTable                          0x0800a892   Data          10  task_status.o(.constdata)
    beepOffTickTable                         0x0800a89c   Data          10  task_status.o(.constdata)
    ascii1608                                0x0800a8a6   Data        1520  gui.o(.constdata)
    ascii2412                                0x0800ae96   Data        3420  gui.o(.constdata)
    ascii3216                                0x0800bbf2   Data        6080  gui.o(.constdata)
    ascii4824                                0x0800d3b2   Data        1728  gui.o(.constdata)
    batpic                                   0x0800da72   Data         572  gui.o(.constdata)
    speakerPic                               0x0800dcae   Data          64  gui.o(.constdata)
    chargePic                                0x0800dcee   Data          64  gui.o(.constdata)
    hanzi16                                  0x0800dd2e   Data        1952  gui.o(.constdata)
    hanzi24                                  0x0800e4ce   Data        3528  gui.o(.constdata)
    Region$$Table$$Base                      0x0800f33c   Number         0  anon$$obj.o(Region$$Table)
    Region$$Table$$Limit                     0x0800f35c   Number         0  anon$$obj.o(Region$$Table)
    __aeabi_HUGE_VAL                         0x0800f35c   Data           0  fpconst.o(c$$dinf)
    __aeabi_HUGE_VALL                        0x0800f35c   Data           0  fpconst.o(c$$dinf)
    __aeabi_INFINITY                         0x0800f35c   Data           0  fpconst.o(c$$dinf)
    __dInf                                   0x0800f35c   Data           0  fpconst.o(c$$dinf)
    __huge_val                               0x0800f35c   Data           0  fpconst.o(c$$dinf)
    __dbl_max                                0x0800f364   Data           0  fpconst.o(c$$dmax)
    __ctype                                  0x0800f395   Data           0  lc_ctype_c.o(locale$$data)
    SystemCoreClock                          0x20000000   Data           4  system_gd32f10x.o(.data)
    timerCnt                                 0x20000004   Data           4  bsp_timer.o(.data)
    keyPressTimeCnt                          0x20000010   Data           8  bsp_key.o(.data)
    keyList                                  0x20000018   Data          32  bsp_key.o(.data)
    sys_param                                0x20000038   Data           4  main.o(.data)
    Voltage                                  0x2000003c   Data           1  main.o(.data)
    basicParam                               0x2000003e   Data           4  main.o(.data)
    passWord                                 0x20000042   Data           4  main.o(.data)
    pulseCntInt                              0x20000048   Data           4  main.o(.data)
    pulseCntExt                              0x2000004c   Data           4  main.o(.data)
    batVoltPerSmooth                         0x20000050   Data           1  main.o(.data)
    volt                                     0x20000054   Data           4  main.o(.data)
    detectorType                             0x20000058   Data           1  main.o(.data)
    warnRangeRate                            0x2000005c   Data           4  main.o(.data)
    warnRangeDose                            0x20000060   Data           4  main.o(.data)
    displayUnit                              0x20000064   Data           1  main.o(.data)
    brightness                               0x20000065   Data           1  main.o(.data)
    test                                     0x20000066   Data           1  main.o(.data)
    x1                                       0x20000067   Data           1  main.o(.data)
    x2                                       0x20000068   Data           1  main.o(.data)
    y1                                       0x20000069   Data           1  main.o(.data)
    y2                                       0x2000006a   Data           1  main.o(.data)
    vad                                      0x2000006c   Data           4  main.o(.data)
    g_taskTicks                              0x20000080   Data           4  sys_config.o(.data)
    dtSendCnt                                0x20000084   Data           1  task_com.o(.data)
    dtRecCnt                                 0x20000085   Data           1  task_com.o(.data)
    Detector_group                           0x20000086   Data          80  task_com.o(.data)
    menuList                                 0x200000dc   Data         640  task_gui.o(.data)
    intDoseParam                             0x20000388   Data          32  task_dose.o(.data)
    warnLevel                                0x200003a8   Data           1  task_status.o(.data)
    chgState                                 0x200003a9   Data           1  task_status.o(.data)
    g_tUart0                                 0x200003b8   Data          28  bsp_uart.o(.bss)
    g_TxBuf0                                 0x200003d4   Data         512  bsp_uart.o(.bss)
    g_RxBuf0                                 0x200005d4   Data         512  bsp_uart.o(.bss)
    g_tUart3                                 0x200007d4   Data          28  bsp_uart.o(.bss)
    g_TxBuf3                                 0x200007f0   Data         512  bsp_uart.o(.bss)
    g_RxBuf3                                 0x200009f0   Data         512  bsp_uart.o(.bss)
    keyValList                               0x20000bf0   Data          12  bsp_key.o(.bss)
    Chn_Data                                 0x20000d8c   Data          28  task_dose.o(.bss)
    ramBuf                                   0x20000dc0   Data        4800  gui.o(.bss)
    __libspace_start                         0x20002080   Data          96  libspace.o(.bss)
    __temporary_stack_top$libspace           0x200020e0   Data           0  libspace.o(.bss)



==============================================================================

Memory Map of the image

  Image Entry point : 0x08000131

  Load Region LR_IROM1 (Base: 0x08000000, Size: 0x0000f850, Max: 0x00040000, ABSOLUTE, COMPRESSED[0x0000f70c])

    Execution Region ER_IROM1 (Exec base: 0x08000000, Load base: 0x08000000, Size: 0x0000f498, Max: 0x00040000, ABSOLUTE)

    Exec Addr    Load Addr    Size         Type   Attr      Idx    E Section Name        Object

    0x08000000   0x08000000   0x00000130   Data   RO          133    RESET               startup_gd32f10x_hd.o
    0x08000130   0x08000130   0x00000008   Code   RO         5297  * !!!main             c_w.l(__main.o)
    0x08000138   0x08000138   0x00000034   Code   RO         5674    !!!scatter          c_w.l(__scatter.o)
    0x0800016c   0x0800016c   0x0000005a   Code   RO         5672    !!dczerorl2         c_w.l(__dczerorl2.o)
    0x080001c6   0x080001c6   0x00000002   PAD
    0x080001c8   0x080001c8   0x0000001c   Code   RO         5676    !!handler_zi        c_w.l(__scatter_zi.o)
    0x080001e4   0x080001e4   0x00000000   Code   RO         5278    .ARM.Collect$$_printf_percent$$00000000  c_w.l(_printf_percent.o)
    0x080001e4   0x080001e4   0x00000006   Code   RO         5277    .ARM.Collect$$_printf_percent$$00000003  c_w.l(_printf_f.o)
    0x080001ea   0x080001ea   0x00000006   Code   RO         5276    .ARM.Collect$$_printf_percent$$00000009  c_w.l(_printf_d.o)
    0x080001f0   0x080001f0   0x00000004   Code   RO         5366    .ARM.Collect$$_printf_percent$$00000017  c_w.l(_printf_percent_end.o)
    0x080001f4   0x080001f4   0x00000002   Code   RO         5497    .ARM.Collect$$libinit$$00000000  c_w.l(libinit.o)
    0x080001f6   0x080001f6   0x00000000   Code   RO         5499    .ARM.Collect$$libinit$$00000002  c_w.l(libinit2.o)
    0x080001f6   0x080001f6   0x00000000   Code   RO         5501    .ARM.Collect$$libinit$$00000004  c_w.l(libinit2.o)
    0x080001f6   0x080001f6   0x00000000   Code   RO         5504    .ARM.Collect$$libinit$$0000000A  c_w.l(libinit2.o)
    0x080001f6   0x080001f6   0x00000000   Code   RO         5506    .ARM.Collect$$libinit$$0000000C  c_w.l(libinit2.o)
    0x080001f6   0x080001f6   0x00000000   Code   RO         5508    .ARM.Collect$$libinit$$0000000E  c_w.l(libinit2.o)
    0x080001f6   0x080001f6   0x00000006   Code   RO         5509    .ARM.Collect$$libinit$$0000000F  c_w.l(libinit2.o)
    0x080001fc   0x080001fc   0x00000000   Code   RO         5511    .ARM.Collect$$libinit$$00000011  c_w.l(libinit2.o)
    0x080001fc   0x080001fc   0x0000000c   Code   RO         5512    .ARM.Collect$$libinit$$00000012  c_w.l(libinit2.o)
    0x08000208   0x08000208   0x00000000   Code   RO         5513    .ARM.Collect$$libinit$$00000013  c_w.l(libinit2.o)
    0x08000208   0x08000208   0x00000000   Code   RO         5515    .ARM.Collect$$libinit$$00000015  c_w.l(libinit2.o)
    0x08000208   0x08000208   0x0000000a   Code   RO         5516    .ARM.Collect$$libinit$$00000016  c_w.l(libinit2.o)
    0x08000212   0x08000212   0x00000000   Code   RO         5517    .ARM.Collect$$libinit$$00000017  c_w.l(libinit2.o)
    0x08000212   0x08000212   0x00000000   Code   RO         5519    .ARM.Collect$$libinit$$00000019  c_w.l(libinit2.o)
    0x08000212   0x08000212   0x00000000   Code   RO         5521    .ARM.Collect$$libinit$$0000001B  c_w.l(libinit2.o)
    0x08000212   0x08000212   0x00000000   Code   RO         5523    .ARM.Collect$$libinit$$0000001D  c_w.l(libinit2.o)
    0x08000212   0x08000212   0x00000000   Code   RO         5525    .ARM.Collect$$libinit$$0000001F  c_w.l(libinit2.o)
    0x08000212   0x08000212   0x00000000   Code   RO         5527    .ARM.Collect$$libinit$$00000021  c_w.l(libinit2.o)
    0x08000212   0x08000212   0x00000000   Code   RO         5529    .ARM.Collect$$libinit$$00000023  c_w.l(libinit2.o)
    0x08000212   0x08000212   0x00000000   Code   RO         5531    .ARM.Collect$$libinit$$00000025  c_w.l(libinit2.o)
    0x08000212   0x08000212   0x00000000   Code   RO         5535    .ARM.Collect$$libinit$$0000002C  c_w.l(libinit2.o)
    0x08000212   0x08000212   0x00000000   Code   RO         5537    .ARM.Collect$$libinit$$0000002E  c_w.l(libinit2.o)
    0x08000212   0x08000212   0x00000000   Code   RO         5539    .ARM.Collect$$libinit$$00000030  c_w.l(libinit2.o)
    0x08000212   0x08000212   0x00000000   Code   RO         5541    .ARM.Collect$$libinit$$00000032  c_w.l(libinit2.o)
    0x08000212   0x08000212   0x00000002   Code   RO         5542    .ARM.Collect$$libinit$$00000033  c_w.l(libinit2.o)
    0x08000214   0x08000214   0x00000002   Code   RO         5614    .ARM.Collect$$libshutdown$$00000000  c_w.l(libshutdown.o)
    0x08000216   0x08000216   0x00000000   Code   RO         5627    .ARM.Collect$$libshutdown$$00000002  c_w.l(libshutdown2.o)
    0x08000216   0x08000216   0x00000000   Code   RO         5629    .ARM.Collect$$libshutdown$$00000004  c_w.l(libshutdown2.o)
    0x08000216   0x08000216   0x00000000   Code   RO         5631    .ARM.Collect$$libshutdown$$00000006  c_w.l(libshutdown2.o)
    0x08000216   0x08000216   0x00000000   Code   RO         5634    .ARM.Collect$$libshutdown$$00000009  c_w.l(libshutdown2.o)
    0x08000216   0x08000216   0x00000000   Code   RO         5637    .ARM.Collect$$libshutdown$$0000000C  c_w.l(libshutdown2.o)
    0x08000216   0x08000216   0x00000000   Code   RO         5639    .ARM.Collect$$libshutdown$$0000000E  c_w.l(libshutdown2.o)
    0x08000216   0x08000216   0x00000000   Code   RO         5642    .ARM.Collect$$libshutdown$$00000011  c_w.l(libshutdown2.o)
    0x08000216   0x08000216   0x00000002   Code   RO         5643    .ARM.Collect$$libshutdown$$00000012  c_w.l(libshutdown2.o)
    0x08000218   0x08000218   0x00000000   Code   RO         5357    .ARM.Collect$$rtentry$$00000000  c_w.l(__rtentry.o)
    0x08000218   0x08000218   0x00000000   Code   RO         5391    .ARM.Collect$$rtentry$$00000002  c_w.l(__rtentry2.o)
    0x08000218   0x08000218   0x00000006   Code   RO         5403    .ARM.Collect$$rtentry$$00000004  c_w.l(__rtentry4.o)
    0x0800021e   0x0800021e   0x00000000   Code   RO         5393    .ARM.Collect$$rtentry$$00000009  c_w.l(__rtentry2.o)
    0x0800021e   0x0800021e   0x00000004   Code   RO         5394    .ARM.Collect$$rtentry$$0000000A  c_w.l(__rtentry2.o)
    0x08000222   0x08000222   0x00000000   Code   RO         5396    .ARM.Collect$$rtentry$$0000000C  c_w.l(__rtentry2.o)
    0x08000222   0x08000222   0x00000008   Code   RO         5397    .ARM.Collect$$rtentry$$0000000D  c_w.l(__rtentry2.o)
    0x0800022a   0x0800022a   0x00000002   Code   RO         5549    .ARM.Collect$$rtexit$$00000000  c_w.l(rtexit.o)
    0x0800022c   0x0800022c   0x00000000   Code   RO         5575    .ARM.Collect$$rtexit$$00000002  c_w.l(rtexit2.o)
    0x0800022c   0x0800022c   0x00000004   Code   RO         5576    .ARM.Collect$$rtexit$$00000003  c_w.l(rtexit2.o)
    0x08000230   0x08000230   0x00000006   Code   RO         5577    .ARM.Collect$$rtexit$$00000004  c_w.l(rtexit2.o)
    0x08000236   0x08000236   0x00000002   PAD
    0x08000238   0x08000238   0x00000040   Code   RO          134    .text               startup_gd32f10x_hd.o
    0x08000278   0x08000278   0x00000028   Code   RO         5248    .text               c_w.l(noretval__2sprintf.o)
    0x080002a0   0x080002a0   0x0000004e   Code   RO         5252    .text               c_w.l(_printf_pad.o)
    0x080002ee   0x080002ee   0x00000002   PAD
    0x080002f0   0x080002f0   0x00000078   Code   RO         5254    .text               c_w.l(_printf_dec.o)
    0x08000368   0x08000368   0x00000138   Code   RO         5268    .text               c_w.l(__printf_flags_wp.o)
    0x080004a0   0x080004a0   0x0000003c   Code   RO         5279    .text               c_w.l(__0sscanf.o)
    0x080004dc   0x080004dc   0x0000014c   Code   RO         5281    .text               c_w.l(_scanf_int.o)
    0x08000628   0x08000628   0x00000058   Code   RO         5285    .text               c_w.l(memcmp.o)
    0x08000680   0x08000680   0x0000003e   Code   RO         5287    .text               c_w.l(strlen.o)
    0x080006be   0x080006be   0x0000008a   Code   RO         5289    .text               c_w.l(rt_memcpy_v6.o)
    0x08000748   0x08000748   0x00000064   Code   RO         5291    .text               c_w.l(rt_memcpy_w.o)
    0x080007ac   0x080007ac   0x00000044   Code   RO         5293    .text               c_w.l(rt_memclr.o)
    0x080007f0   0x080007f0   0x00000006   Code   RO         5295    .text               c_w.l(heapauxi.o)
    0x080007f6   0x080007f6   0x000000b2   Code   RO         5358    .text               c_w.l(_printf_intcommon.o)
    0x080008a8   0x080008a8   0x0000041e   Code   RO         5360    .text               c_w.l(_printf_fp_dec.o)
    0x08000cc6   0x08000cc6   0x00000002   PAD
    0x08000cc8   0x08000cc8   0x00000030   Code   RO         5362    .text               c_w.l(_printf_char_common.o)
    0x08000cf8   0x08000cf8   0x0000000a   Code   RO         5364    .text               c_w.l(_sputc.o)
    0x08000d02   0x08000d02   0x0000001c   Code   RO         5367    .text               c_w.l(_chval.o)
    0x08000d1e   0x08000d1e   0x00000002   PAD
    0x08000d20   0x08000d20   0x000004f8   Code   RO         5369    .text               c_w.l(scanf_fp.o)
    0x08001218   0x08001218   0x0000002c   Code   RO         5371    .text               c_w.l(scanf_char.o)
    0x08001244   0x08001244   0x00000040   Code   RO         5373    .text               c_w.l(_sgetc.o)
    0x08001284   0x08001284   0x0000004e   Code   RO         5375    .text               c_w.l(rt_memclr_w.o)
    0x080012d2   0x080012d2   0x00000002   PAD
    0x080012d4   0x080012d4   0x00000008   Code   RO         5408    .text               c_w.l(rt_locale_intlibspace.o)
    0x080012dc   0x080012dc   0x00000008   Code   RO         5413    .text               c_w.l(rt_errno_addr_intlibspace.o)
    0x080012e4   0x080012e4   0x0000008a   Code   RO         5415    .text               c_w.l(lludiv10.o)
    0x0800136e   0x0800136e   0x00000012   Code   RO         5417    .text               c_w.l(isspace.o)
    0x08001380   0x08001380   0x00000080   Code   RO         5419    .text               c_w.l(_printf_fp_infnan.o)
    0x08001400   0x08001400   0x00000374   Code   RO         5423    .text               c_w.l(_scanf.o)
    0x08001774   0x08001774   0x000000e4   Code   RO         5425    .text               c_w.l(bigflt0.o)
    0x08001858   0x08001858   0x00000008   Code   RO         5475    .text               c_w.l(libspace.o)
    0x08001860   0x08001860   0x0000004a   Code   RO         5478    .text               c_w.l(sys_stackheap_outer.o)
    0x080018aa   0x080018aa   0x00000002   PAD
    0x080018ac   0x080018ac   0x00000010   Code   RO         5480    .text               c_w.l(rt_ctype_table.o)
    0x080018bc   0x080018bc   0x00000016   Code   RO         5482    .text               c_w.l(_rserrno.o)
    0x080018d2   0x080018d2   0x00000002   PAD
    0x080018d4   0x080018d4   0x00000320   Code   RO         5484    .text               c_w.l(scanf_hexfp.o)
    0x08001bf4   0x08001bf4   0x00000134   Code   RO         5486    .text               c_w.l(scanf_infnan.o)
    0x08001d28   0x08001d28   0x00000012   Code   RO         5488    .text               c_w.l(exit.o)
    0x08001d3a   0x08001d3a   0x00000002   PAD
    0x08001d3c   0x08001d3c   0x00000080   Code   RO         5490    .text               c_w.l(strcmpv7m.o)
    0x08001dbc   0x08001dbc   0x00000026   Code   RO         5551    .text               c_w.l(llshl.o)
    0x08001de2   0x08001de2   0x00000002   PAD
    0x08001de4   0x08001de4   0x0000000c   Code   RO         5604    .text               c_w.l(sys_exit.o)
    0x08001df0   0x08001df0   0x00000002   Code   RO         5617    .text               c_w.l(use_no_semi.o)
    0x08001df2   0x08001df2   0x00000000   Code   RO         5619    .text               c_w.l(indicate_semi.o)
    0x08001df2   0x08001df2   0x0000003e   Code   RO         5428    CL$$btod_d2e        c_w.l(btod.o)
    0x08001e30   0x08001e30   0x00000046   Code   RO         5430    CL$$btod_d2e_denorm_low  c_w.l(btod.o)
    0x08001e76   0x08001e76   0x00000060   Code   RO         5429    CL$$btod_d2e_norm_op1  c_w.l(btod.o)
    0x08001ed6   0x08001ed6   0x00000338   Code   RO         5438    CL$$btod_div_common  c_w.l(btod.o)
    0x0800220e   0x0800220e   0x00000002   PAD
    0x08002210   0x08002210   0x00000084   Code   RO         5436    CL$$btod_e2d        c_w.l(btod.o)
    0x08002294   0x08002294   0x000000dc   Code   RO         5435    CL$$btod_e2e        c_w.l(btod.o)
    0x08002370   0x08002370   0x0000002a   Code   RO         5432    CL$$btod_ediv       c_w.l(btod.o)
    0x0800239a   0x0800239a   0x0000002a   Code   RO         5434    CL$$btod_edivd      c_w.l(btod.o)
    0x080023c4   0x080023c4   0x0000002a   Code   RO         5431    CL$$btod_emul       c_w.l(btod.o)
    0x080023ee   0x080023ee   0x0000002a   Code   RO         5433    CL$$btod_emuld      c_w.l(btod.o)
    0x08002418   0x08002418   0x00000244   Code   RO         5437    CL$$btod_mult_common  c_w.l(btod.o)
    0x0800265c   0x0800265c   0x00000040   Code   RO         3966    i.ADC_GetVolPer     bsp_adc.o
    0x0800269c   0x0800269c   0x00000088   Code   RO         3967    i.Adc_Init          bsp_adc.o
    0x08002724   0x08002724   0x0000001c   Code   RO         3780    i.BEEP_SetState     bsp_gpio.o
    0x08002740   0x08002740   0x0000000c   Code   RO         3968    i.BSP_ADC_Init      bsp_adc.o
    0x0800274c   0x0800274c   0x00000024   Code   RO         3682    i.BSP_EEPROM_Init   bsp_eeprom.o
    0x08002770   0x08002770   0x00000108   Code   RO         3781    i.BSP_GPIO_Init     bsp_gpio.o
    0x08002878   0x08002878   0x0000002e   Code   RO         4370    i.BSP_Init          main.o
    0x080028a6   0x080028a6   0x00000002   PAD
    0x080028a8   0x080028a8   0x00000050   Code   RO         4146    i.BSP_Key_Init      bsp_key.o
    0x080028f8   0x080028f8   0x000000b0   Code   RO         4117    i.BSP_PWM_Init      bsp_pwm.o
    0x080029a8   0x080029a8   0x00000040   Code   RO         4023    i.BSP_RTC_Init      bsp_rtc.o
    0x080029e8   0x080029e8   0x00000010   Code   RO         3900    i.BSP_TIM_Init      bsp_timer.o
    0x080029f8   0x080029f8   0x00000160   Code   RO         3839    i.BSP_Uart_Init     bsp_uart.o
    0x08002b58   0x08002b58   0x00000098   Code   RO         4962    i.BeepStateProcess  task_status.o
    0x08002bf0   0x08002bf0   0x00000004   Code   RO         4286    i.BusFault_Handler  gd32f10x_it.o
    0x08002bf4   0x08002bf4   0x00000014   Code   RO         4417    i.Byte_BCDToBin     sys.o
    0x08002c08   0x08002c08   0x0000001e   Code   RO         4418    i.Byte_BinToBCD     sys.o
    0x08002c26   0x08002c26   0x00000002   PAD
    0x08002c28   0x08002c28   0x00000070   Code   RO         3782    i.CHG_GetChgState   bsp_gpio.o
    0x08002c98   0x08002c98   0x0000001c   Code   RO         3783    i.CHG_SetChg        bsp_gpio.o
    0x08002cb4   0x08002cb4   0x00000010   Code   RO         3784    i.CHG_plugCheck     bsp_gpio.o
    0x08002cc4   0x08002cc4   0x00000054   Code   RO         4963    i.ChgStateProcess   task_status.o
    0x08002d18   0x08002d18   0x00000020   Code   RO         4571    i.DebugDataParse    task_com.o
    0x08002d38   0x08002d38   0x00000002   Code   RO         4287    i.DebugMon_Handler  gd32f10x_it.o
    0x08002d3a   0x08002d3a   0x00000002   PAD
    0x08002d3c   0x08002d3c   0x000000e4   Code   RO         4573    i.DetectoCom        task_com.o
    0x08002e20   0x08002e20   0x00000074   Code   RO         5160    i.Display_ProgressBar  display.o
    0x08002e94   0x08002e94   0x00000030   Code   RO         5161    i.Display_bat       display.o
    0x08002ec4   0x08002ec4   0x00000068   Code   RO         5162    i.Display_brightness  display.o
    0x08002f2c   0x08002f2c   0x00000104   Code   RO         5163    i.Display_dose      display.o
    0x08003030   0x08003030   0x0000016c   Code   RO         5164    i.Display_doseVal   display.o
    0x0800319c   0x0800319c   0x00000150   Code   RO         5166    i.Display_setWarnVal  display.o
    0x080032ec   0x080032ec   0x00000054   Code   RO         5167    i.Display_statusBar  display.o
    0x08003340   0x08003340   0x0000006c   Code   RO         5168    i.Display_unitParam  display.o
    0x080033ac   0x080033ac   0x0000000a   Code   RO         3684    i.EE_Delay          bsp_eeprom.o
    0x080033b6   0x080033b6   0x00000002   PAD
    0x080033b8   0x080033b8   0x00000028   Code   RO         3689    i.EE_Stop           bsp_eeprom.o
    0x080033e0   0x080033e0   0x00000174   Code   RO         4891    i.ExtDoseCalc       task_dose.o
    0x08003554   0x08003554   0x00000018   Code   RO         5015    i.GUI_Refresh       gui.o
    0x0800356c   0x0800356c   0x0000010c   Code   RO         5016    i.GUI_SetBat        gui.o
    0x08003678   0x08003678   0x00000108   Code   RO         5017    i.GUI_SetChar1608   gui.o
    0x08003780   0x08003780   0x000000cc   Code   RO         5018    i.GUI_SetChar1616   gui.o
    0x0800384c   0x0800384c   0x00000108   Code   RO         5019    i.GUI_SetChar2412   gui.o
    0x08003954   0x08003954   0x000000cc   Code   RO         5020    i.GUI_SetChar2424   gui.o
    0x08003a20   0x08003a20   0x00000108   Code   RO         5021    i.GUI_SetChar3216   gui.o
    0x08003b28   0x08003b28   0x00000104   Code   RO         5022    i.GUI_SetChar4824   gui.o
    0x08003c2c   0x08003c2c   0x0000002a   Code   RO         5024    i.GUI_SetFillRect   gui.o
    0x08003c56   0x08003c56   0x00000002   PAD
    0x08003c58   0x08003c58   0x0000016c   Code   RO         5025    i.GUI_SetLine       gui.o
    0x08003dc4   0x08003dc4   0x00000042   Code   RO         5027    i.GUI_SetRect       gui.o
    0x08003e06   0x08003e06   0x00000034   Code   RO         5028    i.GUI_SetString1608  gui.o
    0x08003e3a   0x08003e3a   0x00000052   Code   RO         5029    i.GUI_SetString1616  gui.o
    0x08003e8c   0x08003e8c   0x00000034   Code   RO         5030    i.GUI_SetString2412  gui.o
    0x08003ec0   0x08003ec0   0x00000052   Code   RO         5031    i.GUI_SetString2424  gui.o
    0x08003f12   0x08003f12   0x00000034   Code   RO         5032    i.GUI_SetString3216  gui.o
    0x08003f46   0x08003f46   0x00000034   Code   RO         5033    i.GUI_SetString4824  gui.o
    0x08003f7a   0x08003f7a   0x00000002   PAD
    0x08003f7c   0x08003f7c   0x00000024   Code   RO         3969    i.GetAdcVal         bsp_adc.o
    0x08003fa0   0x08003fa0   0x0000000c   Code   RO         4964    i.GetChgState       task_status.o
    0x08003fac   0x08003fac   0x0000001c   Code   RO         5169    i.GetDoseUnit       display.o
    0x08003fc8   0x08003fc8   0x00000134   Code   RO         3970    i.Get_BatValueSOC   bsp_adc.o
    0x080040fc   0x080040fc   0x00000058   Code   RO         4024    i.Get_RTC_Time      bsp_rtc.o
    0x08004154   0x08004154   0x0000001c   Code   RO         3972    i.Gpio_Init         bsp_adc.o
    0x08004170   0x08004170   0x00000034   Code   RO         4615    i.HMI_start         task_gui.o
    0x080041a4   0x080041a4   0x0000033c   Code   RO         5034    i.HZ16_to_index     gui.o
    0x080044e0   0x080044e0   0x0000029a   Code   RO         5035    i.HZ24_to_index     gui.o
    0x0800477a   0x0800477a   0x00000004   Code   RO         4288    i.HardFault_Handler  gd32f10x_it.o
    0x0800477e   0x0800477e   0x00000002   PAD
    0x08004780   0x08004780   0x000000b8   Code   RO         4892    i.IntDoseCalc       task_dose.o
    0x08004838   0x08004838   0x00000030   Code   RO         4198    i.LCD_FillData      bsp_lcd.o
    0x08004868   0x08004868   0x000001b6   Code   RO         4199    i.LCD_Init          bsp_lcd.o
    0x08004a1e   0x08004a1e   0x0000003a   Code   RO         4200    i.LCD_clear         bsp_lcd.o
    0x08004a58   0x08004a58   0x00000016   Code   RO         4201    i.LCD_delay         bsp_lcd.o
    0x08004a6e   0x08004a6e   0x00000002   PAD
    0x08004a70   0x08004a70   0x00000030   Code   RO         4202    i.LCD_reset         bsp_lcd.o
    0x08004aa0   0x08004aa0   0x00000048   Code   RO         4203    i.LCD_set_window    bsp_lcd.o
    0x08004ae8   0x08004ae8   0x00000034   Code   RO         4204    i.LCD_write         bsp_lcd.o
    0x08004b1c   0x08004b1c   0x00000048   Code   RO         3785    i.LED_SetState      bsp_gpio.o
    0x08004b64   0x08004b64   0x00000064   Code   RO         4965    i.LedStateProcess   task_status.o
    0x08004bc8   0x08004bc8   0x00000004   Code   RO         4289    i.MemManage_Handler  gd32f10x_it.o
    0x08004bcc   0x08004bcc   0x00000002   Code   RO         4290    i.NMI_Handler       gd32f10x_it.o
    0x08004bce   0x08004bce   0x00000002   PAD
    0x08004bd0   0x08004bd0   0x00000028   Code   RO         4521    i.NVIC_SetPriority  sys_config.o
    0x08004bf8   0x08004bf8   0x00000010   Code   RO         3786    i.PWR_shutdown      bsp_gpio.o
    0x08004c08   0x08004c08   0x00000030   Code   RO         4025    i.RTC_Ack           bsp_rtc.o
    0x08004c38   0x08004c38   0x0000000a   Code   RO         4026    i.RTC_Delay         bsp_rtc.o
    0x08004c42   0x08004c42   0x00000002   PAD
    0x08004c44   0x08004c44   0x00000028   Code   RO         4027    i.RTC_NAck          bsp_rtc.o
    0x08004c6c   0x08004c6c   0x00000064   Code   RO         4028    i.RTC_Read          bsp_rtc.o
    0x08004cd0   0x08004cd0   0x00000044   Code   RO         4029    i.RTC_ReadByte      bsp_rtc.o
    0x08004d14   0x08004d14   0x00000054   Code   RO         4030    i.RTC_SendByte      bsp_rtc.o
    0x08004d68   0x08004d68   0x00000030   Code   RO         4031    i.RTC_Start         bsp_rtc.o
    0x08004d98   0x08004d98   0x00000024   Code   RO         4032    i.RTC_Stop          bsp_rtc.o
    0x08004dbc   0x08004dbc   0x0000003c   Code   RO         4033    i.RTC_WaitAck       bsp_rtc.o
    0x08004df8   0x08004df8   0x0000004e   Code   RO         4034    i.RTC_Write         bsp_rtc.o
    0x08004e46   0x08004e46   0x00000002   PAD
    0x08004e48   0x08004e48   0x00000010   Code   RO         4118    i.SetLcdBacklight   bsp_pwm.o
    0x08004e58   0x08004e58   0x0000005e   Code   RO         4035    i.Set_RTC_Time      bsp_rtc.o
    0x08004eb6   0x08004eb6   0x00000008   Code   RO         4291    i.SysTick_Handler   gd32f10x_it.o
    0x08004ebe   0x08004ebe   0x00000002   PAD
    0x08004ec0   0x08004ec0   0x000000d4   Code   RO            3    i.SystemInit        system_gd32f10x.o
    0x08004f94   0x08004f94   0x000000a4   Code   RO         3901    i.TIM0_Init         bsp_timer.o
    0x08005038   0x08005038   0x000000ac   Code   RO         3902    i.TIM1_Init         bsp_timer.o
    0x080050e4   0x080050e4   0x00000064   Code   RO         3903    i.TIM5_Init         bsp_timer.o
    0x08005148   0x08005148   0x00000028   Code   RO         3904    i.TIMER0_UP_IRQHandler  bsp_timer.o
    0x08005170   0x08005170   0x00000024   Code   RO         3905    i.TIMER1_IRQHandler  bsp_timer.o
    0x08005194   0x08005194   0x00000074   Code   RO         3906    i.TIMER5_IRQHandler  bsp_timer.o
    0x08005208   0x08005208   0x000000f0   Code   RO         4616    i.Task_HMI          task_gui.o
    0x080052f8   0x080052f8   0x00000090   Code   RO         4966    i.Task_bat          task_status.o
    0x08005388   0x08005388   0x00000028   Code   RO         4574    i.Task_com          task_com.o
    0x080053b0   0x080053b0   0x0000000c   Code   RO         4893    i.Task_dose         task_dose.o
    0x080053bc   0x080053bc   0x0000007c   Code   RO         4967    i.Task_status       task_status.o
    0x08005438   0x08005438   0x0000000c   Code   RO         3907    i.TimerGetCnt       bsp_timer.o
    0x08005444   0x08005444   0x00000010   Code   RO         4292    i.UART3_IRQHandler  gd32f10x_it.o
    0x08005454   0x08005454   0x000000dc   Code   RO         3840    i.UART_IRQn         bsp_uart.o
    0x08005530   0x08005530   0x00000010   Code   RO         4293    i.USART0_IRQHandler  gd32f10x_it.o
    0x08005540   0x08005540   0x00000002   Code   RO         4294    i.USART1_IRQHandler  gd32f10x_it.o
    0x08005542   0x08005542   0x00000002   Code   RO         4295    i.USART2_IRQHandler  gd32f10x_it.o
    0x08005544   0x08005544   0x00000004   Code   RO         4296    i.UsageFault_Handler  gd32f10x_it.o
    0x08005548   0x08005548   0x00000028   Code   RO         5467    i.__ARM_fpclassify  m_ws.l(fpclassify.o)
    0x08005570   0x08005570   0x0000000e   Code   RO         5591    i.__mathlib_dbl_overflow  m_ws.l(dunder.o)
    0x0800557e   0x0800557e   0x00000002   PAD
    0x08005580   0x08005580   0x00000010   Code   RO         5593    i.__mathlib_dbl_underflow  m_ws.l(dunder.o)
    0x08005590   0x08005590   0x00000010   Code   RO         5469    i.__mathlib_narrow  m_ws.l(narrow.o)
    0x080055a0   0x080055a0   0x000000bc   Code   RO         5470    i.__mathlib_tofloat  m_ws.l(narrow.o)
    0x0800565c   0x0800565c   0x00000016   Code   RO         5563    i.__support_ldexp   m_ws.l(ldexp.o)
    0x08005672   0x08005672   0x0000000e   Code   RO         5266    i._is_digit         c_w.l(__printf_wp.o)
    0x08005680   0x08005680   0x0000002a   Code   RO          140    i.adc_calibration_enable  gd32f10x_adc.o
    0x080056aa   0x080056aa   0x00000046   Code   RO          141    i.adc_channel_length_config  gd32f10x_adc.o
    0x080056f0   0x080056f0   0x00000016   Code   RO          142    i.adc_data_alignment_config  gd32f10x_adc.o
    0x08005706   0x08005706   0x00000002   PAD
    0x08005708   0x08005708   0x00000058   Code   RO          143    i.adc_deinit        gd32f10x_adc.o
    0x08005760   0x08005760   0x00000012   Code   RO          148    i.adc_enable        gd32f10x_adc.o
    0x08005772   0x08005772   0x0000003e   Code   RO          149    i.adc_external_trigger_config  gd32f10x_adc.o
    0x080057b0   0x080057b0   0x00000030   Code   RO          150    i.adc_external_trigger_source_config  gd32f10x_adc.o
    0x080057e0   0x080057e0   0x0000000e   Code   RO          152    i.adc_flag_get      gd32f10x_adc.o
    0x080057ee   0x080057ee   0x00000002   PAD
    0x080057f0   0x080057f0   0x0000001c   Code   RO          161    i.adc_mode_config   gd32f10x_adc.o
    0x0800580c   0x0800580c   0x000000ac   Code   RO          162    i.adc_regular_channel_config  gd32f10x_adc.o
    0x080058b8   0x080058b8   0x00000008   Code   RO          163    i.adc_regular_data_read  gd32f10x_adc.o
    0x080058c0   0x080058c0   0x0000001e   Code   RO          165    i.adc_software_trigger_enable  gd32f10x_adc.o
    0x080058de   0x080058de   0x0000005a   Code   RO          166    i.adc_special_function_config  gd32f10x_adc.o
    0x08005938   0x08005938   0x00000034   Code   RO         4148    i.bsp_GetKey        bsp_key.o
    0x0800596c   0x0800596c   0x00000088   Code   RO         4149    i.bsp_KeyScan       bsp_key.o
    0x080059f4   0x080059f4   0x00000020   Code   RO         4150    i.bsp_PutKey        bsp_key.o
    0x08005a14   0x08005a14   0x00000018   Code   RO         4429    i.delay_ms          sys.o
    0x08005a2c   0x08005a2c   0x00000018   Code   RO         4430    i.delay_us          sys.o
    0x08005a44   0x08005a44   0x00000088   Code   RO         5170    i.display_time      display.o
    0x08005acc   0x08005acc   0x00000058   Code   RO         5546    i.frexp             m_ws.l(frexp.o)
    0x08005b24   0x08005b24   0x00000044   Code   RO         4895    i.get_list_avage    task_dose.o
    0x08005b68   0x08005b68   0x000000ac   Code   RO         1658    i.gpio_init         gd32f10x_gpio.o
    0x08005c14   0x08005c14   0x00000010   Code   RO         1659    i.gpio_input_bit_get  gd32f10x_gpio.o
    0x08005c24   0x08005c24   0x00000060   Code   RO         4206    i.lcd_gpio_init     bsp_lcd.o
    0x08005c84   0x08005c84   0x00000040   Code   RO         4207    i.lcd_spi_init      bsp_lcd.o
    0x08005cc4   0x08005cc4   0x00000074   Code   RO         5564    i.ldexp             m_ws.l(ldexp.o)
    0x08005d38   0x08005d38   0x0000001a   Code   RO         4896    i.list_add          task_dose.o
    0x08005d52   0x08005d52   0x00000016   Code   RO         4898    i.list_refresh      task_dose.o
    0x08005d68   0x08005d68   0x000000b4   Code   RO         4371    i.main              main.o
    0x08005e1c   0x08005e1c   0x0000008c   Code   RO         4617    i.menu01            task_gui.o
    0x08005ea8   0x08005ea8   0x00000118   Code   RO         4618    i.menu011           task_gui.o
    0x08005fc0   0x08005fc0   0x00000190   Code   RO         4619    i.menu0111          task_gui.o
    0x08006150   0x08006150   0x00000154   Code   RO         4620    i.menu012           task_gui.o
    0x080062a4   0x080062a4   0x000003dc   Code   RO         4621    i.menu0121          task_gui.o
    0x08006680   0x08006680   0x00000138   Code   RO         4622    i.menu013           task_gui.o
    0x080067b8   0x080067b8   0x000003e8   Code   RO         4623    i.menu0131          task_gui.o
    0x08006ba0   0x08006ba0   0x00000100   Code   RO         4624    i.menu014           task_gui.o
    0x08006ca0   0x08006ca0   0x000001cc   Code   RO         4625    i.menu0141          task_gui.o
    0x08006e6c   0x08006e6c   0x00000118   Code   RO         4626    i.menu015           task_gui.o
    0x08006f84   0x08006f84   0x000001e8   Code   RO         4627    i.menu0151          task_gui.o
    0x0800716c   0x0800716c   0x0000008c   Code   RO         4628    i.menu02            task_gui.o
    0x080071f8   0x080071f8   0x000001f4   Code   RO         4629    i.menu03            task_gui.o
    0x080073ec   0x080073ec   0x00000114   Code   RO         4630    i.menu1             task_gui.o
    0x08007500   0x08007500   0x00000114   Code   RO         4631    i.menu11            task_gui.o
    0x08007614   0x08007614   0x00000294   Code   RO         4632    i.menu111           task_gui.o
    0x080078a8   0x080078a8   0x00000114   Code   RO         4633    i.menu12            task_gui.o
    0x080079bc   0x080079bc   0x000002a8   Code   RO         4634    i.menu121           task_gui.o
    0x08007c64   0x08007c64   0x00000124   Code   RO         4635    i.menu2             task_gui.o
    0x08007d88   0x08007d88   0x00000124   Code   RO         4636    i.menu21            task_gui.o
    0x08007eac   0x08007eac   0x000000fc   Code   RO         4637    i.menu211           task_gui.o
    0x08007fa8   0x08007fa8   0x00000124   Code   RO         4638    i.menu22            task_gui.o
    0x080080cc   0x080080cc   0x000000ac   Code   RO         4639    i.menu221           task_gui.o
    0x08008178   0x08008178   0x000000a0   Code   RO         4640    i.menu222           task_gui.o
    0x08008218   0x08008218   0x000000a0   Code   RO         4641    i.menu223           task_gui.o
    0x080082b8   0x080082b8   0x0000010c   Code   RO         4642    i.menu3             task_gui.o
    0x080083c4   0x080083c4   0x000000fc   Code   RO         4643    i.menu31            task_gui.o
    0x080084c0   0x080084c0   0x000000fc   Code   RO         4644    i.menu311           task_gui.o
    0x080085bc   0x080085bc   0x0000015c   Code   RO         4645    i.menu4             task_gui.o
    0x08008718   0x08008718   0x0000015c   Code   RO         4646    i.menu41            task_gui.o
    0x08008874   0x08008874   0x0000015c   Code   RO         4647    i.menu42            task_gui.o
    0x080089d0   0x080089d0   0x0000015c   Code   RO         4648    i.menu43            task_gui.o
    0x08008b2c   0x08008b2c   0x0000015c   Code   RO         4649    i.menu44            task_gui.o
    0x08008c88   0x08008c88   0x00000108   Code   RO         4650    i.menu5             task_gui.o
    0x08008d90   0x08008d90   0x00000108   Code   RO         4651    i.menu51            task_gui.o
    0x08008e98   0x08008e98   0x000001c0   Code   RO         4652    i.menu511           task_gui.o
    0x08009058   0x08009058   0x000000d4   Code   RO         4653    i.menu_main1        task_gui.o
    0x0800912c   0x0800912c   0x00000002   Code   RO         4654    i.menu_main2        task_gui.o
    0x0800912e   0x0800912e   0x00000002   Code   RO         4655    i.menu_main3        task_gui.o
    0x08009130   0x08009130   0x00000050   Code   RO         4656    i.menu_shutdown     task_gui.o
    0x08009180   0x08009180   0x000000ac   Code   RO         1966    i.nvic_irq_enable   gd32f10x_misc.o
    0x0800922c   0x0800922c   0x00000014   Code   RO         1967    i.nvic_priority_group_set  gd32f10x_misc.o
    0x08009240   0x08009240   0x00000018   Code   RO         1968    i.nvic_vector_table_set  gd32f10x_misc.o
    0x08009258   0x08009258   0x00000048   Code   RO         2108    i.rcu_adc_clock_config  gd32f10x_rcu.o
    0x080092a0   0x080092a0   0x00000124   Code   RO         2116    i.rcu_clock_freq_get  gd32f10x_rcu.o
    0x080093c4   0x080093c4   0x00000020   Code   RO         2133    i.rcu_periph_clock_enable  gd32f10x_rcu.o
    0x080093e4   0x080093e4   0x00000020   Code   RO         2136    i.rcu_periph_reset_disable  gd32f10x_rcu.o
    0x08009404   0x08009404   0x00000020   Code   RO         2137    i.rcu_periph_reset_enable  gd32f10x_rcu.o
    0x08009424   0x08009424   0x00000054   Code   RO         4523    i.setSystemTick     sys_config.o
    0x08009478   0x08009478   0x0000000a   Code   RO         2747    i.spi_enable        gd32f10x_spi.o
    0x08009482   0x08009482   0x00000008   Code   RO         2749    i.spi_i2s_data_receive  gd32f10x_spi.o
    0x0800948a   0x0800948a   0x00000004   Code   RO         2750    i.spi_i2s_data_transmit  gd32f10x_spi.o
    0x0800948e   0x0800948e   0x00000010   Code   RO         2752    i.spi_i2s_flag_get  gd32f10x_spi.o
    0x0800949e   0x0800949e   0x00000032   Code   RO         2756    i.spi_init          gd32f10x_spi.o
    0x080094d0   0x080094d0   0x00000038   Code   RO         4208    i.spi_send_byte     bsp_lcd.o
    0x08009508   0x08009508   0x000000c4   Code   RO            4    i.system_clock_108m_hxtal  system_gd32f10x.o
    0x080095cc   0x080095cc   0x00000008   Code   RO            5    i.system_clock_config  system_gd32f10x.o
    0x080095d4   0x080095d4   0x00000010   Code   RO         4525    i.taskTicksInc      sys_config.o
    0x080095e4   0x080095e4   0x0000000a   Code   RO         2927    i.timer_auto_reload_shadow_enable  gd32f10x_timer.o
    0x080095ee   0x080095ee   0x00000002   PAD
    0x080095f0   0x080095f0   0x000001ec   Code   RO         2944    i.timer_channel_output_config  gd32f10x_timer.o
    0x080097dc   0x080097dc   0x0000005a   Code   RO         2946    i.timer_channel_output_mode_config  gd32f10x_timer.o
    0x08009836   0x08009836   0x00000026   Code   RO         2948    i.timer_channel_output_pulse_value_config  gd32f10x_timer.o
    0x0800985c   0x0800985c   0x0000005a   Code   RO         2949    i.timer_channel_output_shadow_config  gd32f10x_timer.o
    0x080098b6   0x080098b6   0x00000004   Code   RO         2956    i.timer_counter_value_config  gd32f10x_timer.o
    0x080098ba   0x080098ba   0x00000002   PAD
    0x080098bc   0x080098bc   0x000000dc   Code   RO         2957    i.timer_deinit      gd32f10x_timer.o
    0x08009998   0x08009998   0x0000000a   Code   RO         2962    i.timer_enable      gd32f10x_timer.o
    0x080099a2   0x080099a2   0x00000020   Code   RO         2965    i.timer_external_clock_mode1_config  gd32f10x_timer.o
    0x080099c2   0x080099c2   0x0000001e   Code   RO         2968    i.timer_external_trigger_config  gd32f10x_timer.o
    0x080099e0   0x080099e0   0x00000006   Code   RO         2969    i.timer_flag_clear  gd32f10x_timer.o
    0x080099e6   0x080099e6   0x00000002   PAD
    0x080099e8   0x080099e8   0x000000e0   Code   RO         2972    i.timer_init        gd32f10x_timer.o
    0x08009ac8   0x08009ac8   0x00000010   Code   RO         2975    i.timer_input_trigger_source_select  gd32f10x_timer.o
    0x08009ad8   0x08009ad8   0x00000008   Code   RO         2979    i.timer_interrupt_enable  gd32f10x_timer.o
    0x08009ae0   0x08009ae0   0x00000006   Code   RO         2980    i.timer_interrupt_flag_clear  gd32f10x_timer.o
    0x08009ae6   0x08009ae6   0x00000018   Code   RO         2981    i.timer_interrupt_flag_get  gd32f10x_timer.o
    0x08009afe   0x08009afe   0x0000001a   Code   RO         2983    i.timer_master_slave_mode_config  gd32f10x_timer.o
    0x08009b18   0x08009b18   0x00000010   Code   RO         2990    i.timer_slave_mode_select  gd32f10x_timer.o
    0x08009b28   0x08009b28   0x0000004c   Code   RO         3843    i.uart_send_buf     bsp_uart.o
    0x08009b74   0x08009b74   0x00000064   Code   RO         3844    i.uart_var_init     bsp_uart.o
    0x08009bd8   0x08009bd8   0x00000090   Code   RO         3355    i.usart_baudrate_set  gd32f10x_usart.o
    0x08009c68   0x08009c68   0x0000000a   Code   RO         3356    i.usart_data_receive  gd32f10x_usart.o
    0x08009c72   0x08009c72   0x00000008   Code   RO         3357    i.usart_data_transmit  gd32f10x_usart.o
    0x08009c7a   0x08009c7a   0x00000002   PAD
    0x08009c7c   0x08009c7c   0x00000090   Code   RO         3358    i.usart_deinit      gd32f10x_usart.o
    0x08009d0c   0x08009d0c   0x0000000a   Code   RO         3362    i.usart_enable      gd32f10x_usart.o
    0x08009d16   0x08009d16   0x00000014   Code   RO         3368    i.usart_hardware_flow_cts_config  gd32f10x_usart.o
    0x08009d2a   0x08009d2a   0x00000014   Code   RO         3369    i.usart_hardware_flow_rts_config  gd32f10x_usart.o
    0x08009d3e   0x08009d3e   0x0000001a   Code   RO         3370    i.usart_interrupt_disable  gd32f10x_usart.o
    0x08009d58   0x08009d58   0x0000001a   Code   RO         3371    i.usart_interrupt_enable  gd32f10x_usart.o
    0x08009d72   0x08009d72   0x00000012   Code   RO         3372    i.usart_interrupt_flag_clear  gd32f10x_usart.o
    0x08009d84   0x08009d84   0x00000038   Code   RO         3373    i.usart_interrupt_flag_get  gd32f10x_usart.o
    0x08009dbc   0x08009dbc   0x00000010   Code   RO         3383    i.usart_parity_config  gd32f10x_usart.o
    0x08009dcc   0x08009dcc   0x00000010   Code   RO         3385    i.usart_receive_config  gd32f10x_usart.o
    0x08009ddc   0x08009ddc   0x00000010   Code   RO         3391    i.usart_stop_bit_set  gd32f10x_usart.o
    0x08009dec   0x08009dec   0x00000010   Code   RO         3395    i.usart_transmit_config  gd32f10x_usart.o
    0x08009dfc   0x08009dfc   0x00000010   Code   RO         3396    i.usart_word_length_set  gd32f10x_usart.o
    0x08009e0c   0x08009e0c   0x0000002c   Code   RO         5451    locale$$code        c_w.l(lc_numeric_c.o)
    0x08009e38   0x08009e38   0x0000002c   Code   RO         5554    locale$$code        c_w.l(lc_ctype_c.o)
    0x08009e64   0x08009e64   0x00000062   Code   RO         5299    x$fpl$d2f           fz_ws.l(d2f.o)
    0x08009ec6   0x08009ec6   0x00000002   PAD
    0x08009ec8   0x08009ec8   0x00000010   Code   RO         5585    x$fpl$dcheck1       fz_ws.l(dcheck1.o)
    0x08009ed8   0x08009ed8   0x00000018   Code   RO         5453    x$fpl$dcmpinf       fz_ws.l(dcmpi.o)
    0x08009ef0   0x08009ef0   0x00000078   Code   RO         5543    x$fpl$deqf          fz_ws.l(deqf.o)
    0x08009f68   0x08009f68   0x00000078   Code   RO         5377    x$fpl$dleqf         fz_ws.l(dleqf.o)
    0x08009fe0   0x08009fe0   0x0000009c   Code   RO         5379    x$fpl$dnaninf       fz_ws.l(dnaninf.o)
    0x0800a07c   0x0800a07c   0x0000000c   Code   RO         5381    x$fpl$dretinf       fz_ws.l(dretinf.o)
    0x0800a088   0x0800a088   0x0000006c   Code   RO         5323    x$fpl$drleqf        fz_ws.l(drleqf.o)
    0x0800a0f4   0x0800a0f4   0x00000056   Code   RO         5325    x$fpl$f2d           fz_ws.l(f2d.o)
    0x0800a14a   0x0800a14a   0x00000002   PAD
    0x0800a14c   0x0800a14c   0x000000c4   Code   RO         5327    x$fpl$fadd          fz_ws.l(faddsub_clz.o)
    0x0800a210   0x0800a210   0x00000018   Code   RO         5383    x$fpl$fcmpinf       fz_ws.l(fcmpi.o)
    0x0800a228   0x0800a228   0x00000184   Code   RO         5334    x$fpl$fdiv          fz_ws.l(fdiv.o)
    0x0800a3ac   0x0800a3ac   0x0000003e   Code   RO         5337    x$fpl$ffixu         fz_ws.l(ffixu.o)
    0x0800a3ea   0x0800a3ea   0x00000002   PAD
    0x0800a3ec   0x0800a3ec   0x00000026   Code   RO         5341    x$fpl$ffltu         fz_ws.l(fflt_clz.o)
    0x0800a412   0x0800a412   0x00000002   PAD
    0x0800a414   0x0800a414   0x00000068   Code   RO         5347    x$fpl$fleqf         fz_ws.l(fleqf.o)
    0x0800a47c   0x0800a47c   0x00000102   Code   RO         5349    x$fpl$fmul          fz_ws.l(fmul.o)
    0x0800a57e   0x0800a57e   0x0000008c   Code   RO         5385    x$fpl$fnaninf       fz_ws.l(fnaninf.o)
    0x0800a60a   0x0800a60a   0x0000000a   Code   RO         5387    x$fpl$fretinf       fz_ws.l(fretinf.o)
    0x0800a614   0x0800a614   0x00000062   Code   RO         5351    x$fpl$frleqf        fz_ws.l(frleqf.o)
    0x0800a676   0x0800a676   0x00000014   Code   RO         5328    x$fpl$frsb          fz_ws.l(faddsub_clz.o)
    0x0800a68a   0x0800a68a   0x00000002   PAD
    0x0800a68c   0x0800a68c   0x000000ea   Code   RO         5329    x$fpl$fsub          fz_ws.l(faddsub_clz.o)
    0x0800a776   0x0800a776   0x00000006   Code   RO         5459    x$fpl$ieeestatus    fz_ws.l(istatus.o)
    0x0800a77c   0x0800a77c   0x00000004   Code   RO         5353    x$fpl$printf1       fz_ws.l(printf1.o)
    0x0800a780   0x0800a780   0x00000064   Code   RO         5615    x$fpl$retnan        fz_ws.l(retnan.o)
    0x0800a7e4   0x0800a7e4   0x0000005c   Code   RO         5560    x$fpl$scalbn        fz_ws.l(scalbn.o)
    0x0800a840   0x0800a840   0x00000004   Code   RO         5355    x$fpl$scanf1        fz_ws.l(scanf1.o)
    0x0800a844   0x0800a844   0x00000008   Code   RO         5461    x$fpl$scanf2        fz_ws.l(scanf2.o)
    0x0800a84c   0x0800a84c   0x00000030   Code   RO         5644    x$fpl$trapveneer    fz_ws.l(trapv.o)
    0x0800a87c   0x0800a87c   0x00000000   Code   RO         5389    x$fpl$usenofp       fz_ws.l(usenofp.o)
    0x0800a87c   0x0800a87c   0x00000016   Data   RO         3974    .constdata          bsp_adc.o
    0x0800a892   0x0800a892   0x00000014   Data   RO         4968    .constdata          task_status.o
    0x0800a8a6   0x0800a8a6   0x000049f0   Data   RO         5037    .constdata          gui.o
    0x0800f296   0x0800f296   0x00000011   Data   RO         5269    .constdata          c_w.l(__printf_flags_wp.o)
    0x0800f2a7   0x0800f2a7   0x00000001   PAD
    0x0800f2a8   0x0800f2a8   0x00000094   Data   RO         5426    .constdata          c_w.l(bigflt0.o)
    0x0800f33c   0x0800f33c   0x00000020   Data   RO         5670    Region$$Table       anon$$obj.o
    0x0800f35c   0x0800f35c   0x00000008   Data   RO         5455    c$$dinf             fz_ws.l(fpconst.o)
    0x0800f364   0x0800f364   0x00000008   Data   RO         5458    c$$dmax             fz_ws.l(fpconst.o)
    0x0800f36c   0x0800f36c   0x0000001c   Data   RO         5450    locale$$data        c_w.l(lc_numeric_c.o)
    0x0800f388   0x0800f388   0x00000110   Data   RO         5553    locale$$data        c_w.l(lc_ctype_c.o)


    Execution Region RW_IRAM1 (Exec base: 0x20000000, Load base: 0x0800f498, Size: 0x00002ae0, Max: 0x0000c000, ABSOLUTE, COMPRESSED[0x00000274])

    Exec Addr    Load Addr    Size         Type   Attr      Idx    E Section Name        Object

    0x20000000   COMPRESSED   0x00000004   Data   RW            6    .data               system_gd32f10x.o
    0x20000004   COMPRESSED   0x0000000c   Data   RW         3908    .data               bsp_timer.o
    0x20000010   COMPRESSED   0x00000028   Data   RW         4152    .data               bsp_key.o
    0x20000038   COMPRESSED   0x00000048   Data   RW         4373    .data               main.o
    0x20000080   COMPRESSED   0x00000004   Data   RW         4526    .data               sys_config.o
    0x20000084   COMPRESSED   0x00000053   Data   RW         4575    .data               task_com.o
    0x200000d7   COMPRESSED   0x00000001   PAD
    0x200000d8   COMPRESSED   0x000002ac   Data   RW         4657    .data               task_gui.o
    0x20000384   COMPRESSED   0x00000024   Data   RW         4900    .data               task_dose.o
    0x200003a8   COMPRESSED   0x0000000f   Data   RW         4969    .data               task_status.o
    0x200003b7   COMPRESSED   0x00000001   PAD
    0x200003b8        -       0x00000838   Zero   RW         3845    .bss                bsp_uart.o
    0x20000bf0        -       0x0000000c   Zero   RW         4151    .bss                bsp_key.o
    0x20000bfc        -       0x000001c4   Zero   RW         4899    .bss                task_dose.o
    0x20000dc0        -       0x000012c0   Zero   RW         5036    .bss                gui.o
    0x20002080        -       0x00000060   Zero   RW         5476    .bss                c_w.l(libspace.o)
    0x200020e0        -       0x00000400   Zero   RW          132    HEAP                startup_gd32f10x_hd.o
    0x200024e0        -       0x00000600   Zero   RW          131    STACK               startup_gd32f10x_hd.o


==============================================================================

Image component sizes


      Code (inc. data)   RO Data    RW Data    ZI Data      Debug   Object Name

       584         46         22          0          0       3573   bsp_adc.o
        86         10          0          0          0       2646   bsp_eeprom.o
       536         50          0          0          0       3105   bsp_gpio.o
       300         24          0         40         12       3080   bsp_key.o
       954         30          0          0          0       5966   bsp_lcd.o
       192         12          0          0          0       1009   bsp_pwm.o
       818         36          0          0          0       6952   bsp_rtc.o
       656         66          0         12          0       3887   bsp_timer.o
       748         76          0          0       2104       4029   bsp_uart.o
      1584        206          0          0          0       6923   display.o
       692         10          0          0          0       7292   gd32f10x_adc.o
       188          0          0          0          0       1349   gd32f10x_gpio.o
        64         12          0          0          0       4394   gd32f10x_it.o
       216         28          0          0          0       1732   gd32f10x_misc.o
       460         56          0          0          0       3019   gd32f10x_rcu.o
        88          0          0          0          0       3178   gd32f10x_spi.o
      1342         72          0          0          0      10885   gd32f10x_timer.o
       562         16          0          0          0       8673   gd32f10x_usart.o
      4090         80      18928          0       4800      14750   gui.o
       226         16          0         72          0       4097   main.o
        64         26        304          0       2560        820   startup_gd32f10x_hd.o
        98          0          0          0          0       1826   sys.o
       140         16          0          4          0      23532   sys_config.o
       416         30          0          4          0      44123   system_gd32f10x.o
       300         54          0         83          0       2501   task_com.o
       684         42          0         36        452       5121   task_dose.o
     13448       3266          0        684          0      25086   task_gui.o
       616         76         20         15          0       4087   task_status.o

    ----------------------------------------------------------------------
     30188       4356      19306        952       9928     207635   Object Totals
         0          0         32          0          0          0   (incl. Generated)
        36          0          0          2          0          0   (incl. Padding)

    ----------------------------------------------------------------------

      Code (inc. data)   RO Data    RW Data    ZI Data      Debug   Library Member Name

        60          8          0          0          0         84   __0sscanf.o
        90          0          0          0          0          0   __dczerorl2.o
         8          0          0          0          0         68   __main.o
       312          4         17          0          0         92   __printf_flags_wp.o
        14          0          0          0          0         68   __printf_wp.o
         0          0          0          0          0          0   __rtentry.o
        12          0          0          0          0          0   __rtentry2.o
         6          0          0          0          0          0   __rtentry4.o
        52          8          0          0          0          0   __scatter.o
        28          0          0          0          0          0   __scatter_zi.o
        28          0          0          0          0         68   _chval.o
        48          6          0          0          0         96   _printf_char_common.o
         6          0          0          0          0          0   _printf_d.o
       120         16          0          0          0         92   _printf_dec.o
         6          0          0          0          0          0   _printf_f.o
      1054          0          0          0          0        216   _printf_fp_dec.o
       128         16          0          0          0         84   _printf_fp_infnan.o
       178          0          0          0          0         88   _printf_intcommon.o
        78          0          0          0          0        108   _printf_pad.o
         0          0          0          0          0          0   _printf_percent.o
         4          0          0          0          0          0   _printf_percent_end.o
        22          0          0          0          0        100   _rserrno.o
       884          4          0          0          0        100   _scanf.o
       332          0          0          0          0         96   _scanf_int.o
        64          0          0          0          0         84   _sgetc.o
        10          0          0          0          0         68   _sputc.o
       228          4        148          0          0         96   bigflt0.o
      2152        136          0          0          0        960   btod.o
        18          0          0          0          0         80   exit.o
         6          0          0          0          0        152   heapauxi.o
         0          0          0          0          0          0   indicate_semi.o
        18          0          0          0          0         76   isspace.o
        44         10        272          0          0         76   lc_ctype_c.o
        44         10         28          0          0         76   lc_numeric_c.o
         2          0          0          0          0          0   libinit.o
        30          0          0          0          0          0   libinit2.o
         2          0          0          0          0          0   libshutdown.o
         2          0          0          0          0          0   libshutdown2.o
         8          4          0          0         96         68   libspace.o
        38          0          0          0          0         68   llshl.o
       138          0          0          0          0         80   lludiv10.o
        88          0          0          0          0         76   memcmp.o
        40          6          0          0          0         84   noretval__2sprintf.o
        16          4          0          0          0         76   rt_ctype_table.o
         8          4          0          0          0         68   rt_errno_addr_intlibspace.o
         8          4          0          0          0         68   rt_locale_intlibspace.o
        68          0          0          0          0         68   rt_memclr.o
        78          0          0          0          0         80   rt_memclr_w.o
       138          0          0          0          0         68   rt_memcpy_v6.o
       100          0          0          0          0         80   rt_memcpy_w.o
         2          0          0          0          0          0   rtexit.o
        10          0          0          0          0          0   rtexit2.o
        44          8          0          0          0         84   scanf_char.o
      1272         16          0          0          0        168   scanf_fp.o
       800         14          0          0          0        100   scanf_hexfp.o
       308         16          0          0          0        100   scanf_infnan.o
       128          0          0          0          0         68   strcmpv7m.o
        62          0          0          0          0         76   strlen.o
        12          4          0          0          0         68   sys_exit.o
        74          0          0          0          0         80   sys_stackheap_outer.o
         2          0          0          0          0         68   use_no_semi.o
        98          4          0          0          0         92   d2f.o
        16          4          0          0          0         68   dcheck1.o
        24          0          0          0          0         68   dcmpi.o
       120          4          0          0          0         92   deqf.o
       120          4          0          0          0         92   dleqf.o
       156          4          0          0          0         92   dnaninf.o
        12          0          0          0          0         68   dretinf.o
       108          0          0          0          0         80   drleqf.o
        86          4          0          0          0         84   f2d.o
       450          8          0          0          0        236   faddsub_clz.o
        24          0          0          0          0         68   fcmpi.o
       388         76          0          0          0         96   fdiv.o
        62          4          0          0          0         84   ffixu.o
        38          0          0          0          0         68   fflt_clz.o
       104          4          0          0          0         84   fleqf.o
       258          4          0          0          0         84   fmul.o
       140          4          0          0          0         84   fnaninf.o
         0          0         16          0          0          0   fpconst.o
        10          0          0          0          0         68   fretinf.o
        98          0          0          0          0         68   frleqf.o
         6          0          0          0          0         68   istatus.o
         4          0          0          0          0         68   printf1.o
       100          0          0          0          0         68   retnan.o
        92          0          0          0          0         68   scalbn.o
         4          0          0          0          0         68   scanf1.o
         8          0          0          0          0         84   scanf2.o
        48          0          0          0          0         68   trapv.o
         0          0          0          0          0          0   usenofp.o
        30          6          0          0          0        136   dunder.o
        40          0          0          0          0         68   fpclassify.o
        88          8          0          0          0         76   frexp.o
       138          0          0          0          0        160   ldexp.o
       204          4          0          0          0        168   narrow.o

    ----------------------------------------------------------------------
     12640        446        482          0         96       7500   Library Totals
        34          2          1          0          0          0   (incl. Padding)

    ----------------------------------------------------------------------

      Code (inc. data)   RO Data    RW Data    ZI Data      Debug   Library Name

      9532        302        465          0         96       4724   c_w.l
      2574        124         16          0          0       2168   fz_ws.l
       500         18          0          0          0        608   m_ws.l

    ----------------------------------------------------------------------
     12640        446        482          0         96       7500   Library Totals

    ----------------------------------------------------------------------

==============================================================================


      Code (inc. data)   RO Data    RW Data    ZI Data      Debug   

     42828       4802      19788        952      10024     199011   Grand Totals
     42828       4802      19788        628      10024     199011   ELF Image Totals (compressed)
     42828       4802      19788        628          0          0   ROM Totals

==============================================================================

    Total RO  Size (Code + RO Data)                62616 (  61.15kB)
    Total RW  Size (RW Data + ZI Data)             10976 (  10.72kB)
    Total ROM Size (Code + RO Data + RW Data)      63244 (  61.76kB)

==============================================================================

