Component: ARM Compiler 5.06 update 7 (build 960) Tool: armlink [4d3601]

==============================================================================

Section Cross References

    system_gd32f10x.o(i.SystemInit) refers to system_gd32f10x.o(i.system_clock_config) for system_clock_config
    system_gd32f10x.o(i.SystemInit) refers to gd32f10x_misc.o(i.nvic_vector_table_set) for nvic_vector_table_set
    system_gd32f10x.o(i.system_clock_config) refers to system_gd32f10x.o(i.system_clock_108m_hxtal) for system_clock_108m_hxtal
    startup_gd32f10x_hd.o(STACK) refers (Special) to heapauxi.o(.text) for __use_two_region_memory
    startup_gd32f10x_hd.o(HEAP) refers (Special) to heapauxi.o(.text) for __use_two_region_memory
    startup_gd32f10x_hd.o(RESET) refers (Special) to heapauxi.o(.text) for __use_two_region_memory
    startup_gd32f10x_hd.o(RESET) refers to startup_gd32f10x_hd.o(STACK) for __initial_sp
    startup_gd32f10x_hd.o(RESET) refers to startup_gd32f10x_hd.o(.text) for Reset_Handler
    startup_gd32f10x_hd.o(RESET) refers to gd32f10x_it.o(i.NMI_Handler) for NMI_Handler
    startup_gd32f10x_hd.o(RESET) refers to gd32f10x_it.o(i.HardFault_Handler) for HardFault_Handler
    startup_gd32f10x_hd.o(RESET) refers to gd32f10x_it.o(i.MemManage_Handler) for MemManage_Handler
    startup_gd32f10x_hd.o(RESET) refers to gd32f10x_it.o(i.BusFault_Handler) for BusFault_Handler
    startup_gd32f10x_hd.o(RESET) refers to gd32f10x_it.o(i.UsageFault_Handler) for UsageFault_Handler
    startup_gd32f10x_hd.o(RESET) refers to gd32f10x_it.o(i.DebugMon_Handler) for DebugMon_Handler
    startup_gd32f10x_hd.o(RESET) refers to gd32f10x_it.o(i.SysTick_Handler) for SysTick_Handler
    startup_gd32f10x_hd.o(RESET) refers to bsp_timer.o(i.TIMER0_UP_IRQHandler) for TIMER0_UP_IRQHandler
    startup_gd32f10x_hd.o(RESET) refers to bsp_timer.o(i.TIMER1_IRQHandler) for TIMER1_IRQHandler
    startup_gd32f10x_hd.o(RESET) refers to gd32f10x_it.o(i.USART0_IRQHandler) for USART0_IRQHandler
    startup_gd32f10x_hd.o(RESET) refers to gd32f10x_it.o(i.USART1_IRQHandler) for USART1_IRQHandler
    startup_gd32f10x_hd.o(RESET) refers to gd32f10x_it.o(i.USART2_IRQHandler) for USART2_IRQHandler
    startup_gd32f10x_hd.o(RESET) refers to gd32f10x_it.o(i.UART3_IRQHandler) for UART3_IRQHandler
    startup_gd32f10x_hd.o(RESET) refers to bsp_timer.o(i.TIMER5_IRQHandler) for TIMER5_IRQHandler
    startup_gd32f10x_hd.o(.text) refers (Special) to heapauxi.o(.text) for __use_two_region_memory
    startup_gd32f10x_hd.o(.text) refers to system_gd32f10x.o(i.SystemInit) for SystemInit
    startup_gd32f10x_hd.o(.text) refers to __main.o(!!!main) for __main
    startup_gd32f10x_hd.o(.text) refers to startup_gd32f10x_hd.o(HEAP) for Heap_Mem
    startup_gd32f10x_hd.o(.text) refers to startup_gd32f10x_hd.o(STACK) for Stack_Mem
    gd32f10x_adc.o(i.adc_deinit) refers to gd32f10x_rcu.o(i.rcu_periph_reset_enable) for rcu_periph_reset_enable
    gd32f10x_adc.o(i.adc_deinit) refers to gd32f10x_rcu.o(i.rcu_periph_reset_disable) for rcu_periph_reset_disable
    gd32f10x_bkp.o(i.bkp_deinit) refers to gd32f10x_rcu.o(i.rcu_bkp_reset_enable) for rcu_bkp_reset_enable
    gd32f10x_bkp.o(i.bkp_deinit) refers to gd32f10x_rcu.o(i.rcu_bkp_reset_disable) for rcu_bkp_reset_disable
    gd32f10x_can.o(i.can_debug_freeze_disable) refers to gd32f10x_dbg.o(i.dbg_periph_enable) for dbg_periph_enable
    gd32f10x_can.o(i.can_debug_freeze_enable) refers to gd32f10x_dbg.o(i.dbg_periph_enable) for dbg_periph_enable
    gd32f10x_can.o(i.can_deinit) refers to gd32f10x_rcu.o(i.rcu_periph_reset_enable) for rcu_periph_reset_enable
    gd32f10x_can.o(i.can_deinit) refers to gd32f10x_rcu.o(i.rcu_periph_reset_disable) for rcu_periph_reset_disable
    gd32f10x_can.o(i.can_interrupt_flag_get) refers to gd32f10x_can.o(i.can_receive_message_length_get) for can_receive_message_length_get
    gd32f10x_can.o(i.can_interrupt_flag_get) refers to gd32f10x_can.o(i.can_error_get) for can_error_get
    gd32f10x_dac.o(i.dac_deinit) refers to gd32f10x_rcu.o(i.rcu_periph_reset_enable) for rcu_periph_reset_enable
    gd32f10x_dac.o(i.dac_deinit) refers to gd32f10x_rcu.o(i.rcu_periph_reset_disable) for rcu_periph_reset_disable
    gd32f10x_dma.o(i.dma_channel_disable) refers to gd32f10x_dma.o(i.dma_periph_and_channel_check) for dma_periph_and_channel_check
    gd32f10x_dma.o(i.dma_channel_enable) refers to gd32f10x_dma.o(i.dma_periph_and_channel_check) for dma_periph_and_channel_check
    gd32f10x_dma.o(i.dma_circulation_disable) refers to gd32f10x_dma.o(i.dma_periph_and_channel_check) for dma_periph_and_channel_check
    gd32f10x_dma.o(i.dma_circulation_enable) refers to gd32f10x_dma.o(i.dma_periph_and_channel_check) for dma_periph_and_channel_check
    gd32f10x_dma.o(i.dma_deinit) refers to gd32f10x_dma.o(i.dma_periph_and_channel_check) for dma_periph_and_channel_check
    gd32f10x_dma.o(i.dma_init) refers to gd32f10x_dma.o(i.dma_periph_and_channel_check) for dma_periph_and_channel_check
[...]
    _terminate_user_alloc                     - Undefined Weak Reference
    _terminateio                              - Undefined Weak Reference
    __Vectors_Size                           0x00000130   Number         0  startup_gd32f10x_hd.o ABSOLUTE
    __Vectors                                0x08000000   Data           4  startup_gd32f10x_hd.o(RESET)
    __Vectors_End                            0x08000130   Data           0  startup_gd32f10x_hd.o(RESET)
    __main                                   0x08000131   Thumb Code     8  __main.o(!!!main)
    __scatterload                            0x08000139   Thumb Code     0  __scatter.o(!!!scatter)
    __scatterload_rt2                        0x08000139   Thumb Code    44  __scatter.o(!!!scatter)
    __scatterload_rt2_thumb_only             0x08000139   Thumb Code     0  __scatter.o(!!!scatter)
    __scatterload_null                       0x08000147   Thumb Code     0  __scatter.o(!!!scatter)
    __decompress                             0x0800016d   Thumb Code    90  __dczerorl2.o(!!dczerorl2)
    __decompress1                            0x0800016d   Thumb Code     0  __dczerorl2.o(!!dczerorl2)
    __scatterload_zeroinit                   0x080001c9   Thumb Code    28  __scatter_zi.o(!!handler_zi)
    _printf_f                                0x080001e5   Thumb Code     0  _printf_f.o(.ARM.Collect$$_printf_percent$$00000003)
    _printf_percent                          0x080001e5   Thumb Code     0  _printf_percent.o(.ARM.Collect$$_printf_percent$$00000000)
    _printf_d                                0x080001eb   Thumb Code     0  _printf_d.o(.ARM.Collect$$_printf_percent$$00000009)
    _printf_percent_end                      0x080001f1   Thumb Code     0  _printf_percent_end.o(.ARM.Collect$$_printf_percent$$00000017)
    __rt_lib_init                            0x080001f5   Thumb Code     0  libinit.o(.ARM.Collect$$libinit$$00000000)
    __rt_lib_init_fp_1                       0x080001f7   Thumb Code     0  libinit2.o(.ARM.Collect$$libinit$$00000002)
    __rt_lib_init_heap_1                     0x080001f7   Thumb Code     0  libinit2.o(.ARM.Collect$$libinit$$0000000A)
    __rt_lib_init_lc_common                  0x080001f7   Thumb Code     0  libinit2.o(.ARM.Collect$$libinit$$0000000F)
    __rt_lib_init_preinit_1                  0x080001f7   Thumb Code     0  libinit2.o(.ARM.Collect$$libinit$$00000004)
    __rt_lib_init_rand_1                     0x080001f7   Thumb Code     0  libinit2.o(.ARM.Collect$$libinit$$0000000E)
    __rt_lib_init_user_alloc_1               0x080001f7   Thumb Code     0  libinit2.o(.ARM.Collect$$libinit$$0000000C)
    __rt_lib_init_lc_collate_1               0x080001fd   Thumb Code     0  libinit2.o(.ARM.Collect$$libinit$$00000011)
    __rt_lib_init_lc_ctype_1                 0x080001fd   Thumb Code     0  libinit2.o(.ARM.Collect$$libinit$$00000013)
    __rt_lib_init_lc_monetary_1              0x080001fd   Thumb Code     0  libinit2.o(.ARM.Collect$$libinit$$00000015)
    __rt_lib_init_lc_numeric_2               0x080001fd   Thumb Code     0  libinit2.o(.ARM.Collect$$libinit$$00000016)
    __rt_lib_init_alloca_1                   0x08000207   Thumb Code     0  libinit2.o(.ARM.Collect$$libinit$$0000002E)
    __rt_lib_init_argv_1                     0x08000207   Thumb Code     0  libinit2.o(.ARM.Collect$$libinit$$0000002C)
    __rt_lib_init_atexit_1                   0x08000207   Thumb Code     0  libinit2.o(.ARM.Collect$$libinit$$0000001B)
    __rt_lib_init_clock_1                    0x08000207   Thumb Code     0  libinit2.o(.ARM.Collect$$libinit$$00000021)
    __rt_lib_init_cpp_1                      0x08000207   Thumb Code     0  libinit2.o(.ARM.Collect$$libinit$$00000032)
    __rt_lib_init_exceptions_1               0x08000207   Thumb Code     0  libinit2.o(.ARM.Collect$$libinit$$00000030)
    __rt_lib_init_fp_trap_1                  0x08000207   Thumb Code     0  libinit2.o(.ARM.Collect$$libinit$$0000001F)
    __rt_lib_init_getenv_1                   0x08000207   Thumb Code     0  libinit2.o(.ARM.Collect$$libinit$$00000023)
    __rt_lib_init_lc_numeric_1               0x08000207   Thumb Code     0  libinit2.o(.ARM.Collect$$libinit$$00000017)
    __rt_lib_init_lc_time_1                  0x08000207   Thumb Code     0  libinit2.o(.ARM.Collect$$libinit$$00000019)
    __rt_lib_init_return                     0x08000207   Thumb Code     0  libinit2.o(.ARM.Collect$$libinit$$00000033)
    __rt_lib_init_signal_1                   0x08000207   Thumb Code     0  libinit2.o(.ARM.Collect$$libinit$$0000001D)
    __rt_lib_init_stdio_1                    0x08000207   Thumb Code     0  libinit2.o(.ARM.Collect$$libinit$$00000025)
    __rt_lib_shutdown                        0x08000209   Thumb Code     0  libshutdown.o(.ARM.Collect$$libshutdown$$00000000)
    __rt_lib_shutdown_cpp_1                  0x0800020b   Thumb Code     0  libshutdown2.o(.ARM.Collect$$libshutdown$$00000004)
    __rt_lib_shutdown_fini_1                 0x0800020b   Thumb Code     0  libshutdown2.o(.ARM.Collect$$libshutdown$$00000002)
    __rt_lib_shutdown_fp_trap_1              0x0800020b   Thumb Code     0  libshutdown2.o(.ARM.Collect$$libshutdown$$00000009)
    __rt_lib_shutdown_heap_1                 0x0800020b   Thumb Code     0  libshutdown2.o(.ARM.Collect$$libshutdown$$00000011)
    __rt_lib_shutdown_return                 0x0800020b   Thumb Code     0  libshutdown2.o(.ARM.Collect$$libshutdown$$00000012)
    __rt_lib_shutdown_signal_1               0x0800020b   Thumb Code     0  libshutdown2.o(.ARM.Collect$$libshutdown$$0000000C)
    __rt_lib_shutdown_stdio_1                0x0800020b   Thumb Code     0  libshutdown2.o(.ARM.Collect$$libshutdown$$00000006)
    __rt_lib_shutdown_user_alloc_1           0x0800020b   Thumb Code     0  libshutdown2.o(.ARM.Collect$$libshutdown$$0000000E)
    __rt_entry                               0x0800020d   Thumb Code     0  __rtentry.o(.ARM.Collect$$rtentry$$00000000)
    __rt_entry_presh_1                       0x0800020d   Thumb Code     0  __rtentry2.o(.ARM.Collect$$rtentry$$00000002)
    __rt_entry_sh                            0x0800020d   Thumb Code     0  __rtentry4.o(.ARM.Collect$$rtentry$$00000004)
    __rt_entry_li                            0x08000213   Thumb Code     0  __rtentry2.o(.ARM.Collect$$rtentry$$0000000A)
    __rt_entry_postsh_1                      0x08000213   Thumb Code     0  __rtentry2.o(.ARM.Collect$$rtentry$$00000009)
    __rt_entry_main                          0x08000217   Thumb Code     0  __rtentry2.o(.ARM.Collect$$rtentry$$0000000D)
    __rt_entry_postli_1                      0x08000217   Thumb Code     0  __rtentry2.o(.ARM.Collect$$rtentry$$0000000C)
    __rt_exit                                0x0800021f   Thumb Code     0  rtexit.o(.ARM.Collect$$rtexit$$00000000)
    __rt_exit_ls                             0x08000221   Thumb Code     0  rtexit2.o(.ARM.Collect$$rtexit$$00000003)
    __rt_exit_prels_1                        0x08000221   Thumb Code     0  rtexit2.o(.ARM.Collect$$rtexit$$00000002)
    __rt_exit_exit                           0x08000225   Thumb Code     0  rtexit2.o(.ARM.Collect$$rtexit$$00000004)
    Reset_Handler                            0x0800022d   Thumb Code     8  startup_gd32f10x_hd.o(.text)
    SVC_Handler                              0x0800023f   Thumb Code     2  startup_gd32f10x_hd.o(.text)
    PendSV_Handler                           0x08000243   Thumb Code     2  startup_gd32f10x_hd.o(.text)
    ADC0_1_IRQHandler                        0x08000247   Thumb Code     0  startup_gd32f10x_hd.o(.text)
    ADC2_IRQHandler                          0x08000247   Thumb Code     0  startup_gd32f10x_hd.o(.text)
    CAN0_EWMC_IRQHandler                     0x08000247   Thumb Code     0  startup_gd32f10x_hd.o(.text)
    CAN0_RX1_IRQHandler                      0x08000247   Thumb Code     0  startup_gd32f10x_hd.o(.text)
    DMA0_Channel0_IRQHandler                 0x08000247   Thumb Code     0  startup_gd32f10x_hd.o(.text)
    DMA0_Channel1_IRQHandler                 0x08000247   Thumb Code     0  startup_gd32f10x_hd.o(.text)
    DMA0_Channel2_IRQHandler                 0x08000247   Thumb Code     0  startup_gd32f10x_hd.o(.text)
    DMA0_Channel3_IRQHandler                 0x08000247   Thumb Code     0  startup_gd32f10x_hd.o(.text)
    DMA0_Channel4_IRQHandler                 0x08000247   Thumb Code     0  startup_gd32f10x_hd.o(.text)
    DMA0_Channel5_IRQHandler                 0x08000247   Thumb Code     0  startup_gd32f10x_hd.o(.text)
    DMA0_Channel6_IRQHandler                 0x08000247   Thumb Code     0  startup_gd32f10x_hd.o(.text)
    DMA1_Channel0_IRQHandler                 0x08000247   Thumb Code     0  startup_gd32f10x_hd.o(.text)
    DMA1_Channel1_IRQHandler                 0x08000247   Thumb Code     0  startup_gd32f10x_hd.o(.text)
    DMA1_Channel2_IRQHandler                 0x08000247   Thumb Code     0  startup_gd32f10x_hd.o(.text)
    DMA1_Channel3_4_IRQHandler               0x08000247   Thumb Code     0  startup_gd32f10x_hd.o(.text)
    EXMC_IRQHandler                          0x08000247   Thumb Code     0  startup_gd32f10x_hd.o(.text)
    EXTI0_IRQHandler                         0x08000247   Thumb Code     0  startup_gd32f10x_hd.o(.text)
    EXTI10_15_IRQHandler                     0x08000247   Thumb Code     0  startup_gd32f10x_hd.o(.text)
    EXTI1_IRQHandler                         0x08000247   Thumb Code     0  startup_gd32f10x_hd.o(.text)
    EXTI2_IRQHandler                         0x08000247   Thumb Code     0  startup_gd32f10x_hd.o(.text)
    EXTI3_IRQHandler                         0x08000247   Thumb Code     0  startup_gd32f10x_hd.o(.text)
    EXTI4_IRQHandler                         0x08000247   Thumb Code     0  startup_gd32f10x_hd.o(.text)
    EXTI5_9_IRQHandler                       0x08000247   Thumb Code     0  startup_gd32f10x_hd.o(.text)
    FMC_IRQHandler                           0x08000247   Thumb Code     0  startup_gd32f10x_hd.o(.text)
    I2C0_ER_IRQHandler                       0x08000247   Thumb Code     0  startup_gd32f10x_hd.o(.text)
    I2C0_EV_IRQHandler                       0x08000247   Thumb Code     0  startup_gd32f10x_hd.o(.text)
    I2C1_ER_IRQHandler                       0x08000247   Thumb Code     0  startup_gd32f10x_hd.o(.text)
    I2C1_EV_IRQHandler                       0x08000247   Thumb Code     0  startup_gd32f10x_hd.o(.text)
    LVD_IRQHandler                           0x08000247   Thumb Code     0  startup_gd32f10x_hd.o(.text)
    RCU_IRQHandler                           0x08000247   Thumb Code     0  startup_gd32f10x_hd.o(.text)
    RTC_Alarm_IRQHandler                     0x08000247   Thumb Code     0  startup_gd32f10x_hd.o(.text)
    RTC_IRQHandler                           0x08000247   Thumb Code     0  startup_gd32f10x_hd.o(.text)
    SDIO_IRQHandler                          0x08000247   Thumb Code     0  startup_gd32f10x_hd.o(.text)
    SPI0_IRQHandler                          0x08000247   Thumb Code     0  startup_gd32f10x_hd.o(.text)
    SPI1_IRQHandler                          0x08000247   Thumb Code     0  startup_gd32f10x_hd.o(.text)
    SPI2_IRQHandler                          0x08000247   Thumb Code     0  startup_gd32f10x_hd.o(.text)
    TAMPER_IRQHandler                        0x08000247   Thumb Code     0  startup_gd32f10x_hd.o(.text)
    TIMER0_BRK_IRQHandler                    0x08000247   Thumb Code     0  startup_gd32f10x_hd.o(.text)
    TIMER0_Channel_IRQHandler                0x08000247   Thumb Code     0  startup_gd32f10x_hd.o(.text)
    TIMER0_TRG_CMT_IRQHandler                0x08000247   Thumb Code     0  startup_gd32f10x_hd.o(.text)
    TIMER2_IRQHandler                        0x08000247   Thumb Code     0  startup_gd32f10x_hd.o(.text)
    TIMER3_IRQHandler                        0x08000247   Thumb Code     0  startup_gd32f10x_hd.o(.text)
    TIMER4_IRQHandler                        0x08000247   Thumb Code     0  startup_gd32f10x_hd.o(.text)
    TIMER6_IRQHandler                        0x08000247   Thumb Code     0  startup_gd32f10x_hd.o(.text)
    TIMER7_BRK_IRQHandler                    0x08000247   Thumb Code     0  startup_gd32f10x_hd.o(.text)
    TIMER7_Channel_IRQHandler                0x08000247   Thumb Code     0  startup_gd32f10x_hd.o(.text)
    TIMER7_TRG_CMT_IRQHandler                0x08000247   Thumb Code     0  startup_gd32f10x_hd.o(.text)
    TIMER7_UP_IRQHandler                     0x08000247   Thumb Code     0  startup_gd32f10x_hd.o(.text)
    UART4_IRQHandler                         0x08000247   Thumb Code     0  startup_gd32f10x_hd.o(.text)
    USBD_HP_CAN0_TX_IRQHandler               0x08000247   Thumb Code     0  startup_gd32f10x_hd.o(.text)
    USBD_LP_CAN0_RX0_IRQHandler              0x08000247   Thumb Code     0  startup_gd32f10x_hd.o(.text)
    USBD_WKUP_IRQHandler                     0x08000247   Thumb Code     0  startup_gd32f10x_hd.o(.text)
    WWDGT_IRQHandler                         0x08000247   Thumb Code     0  startup_gd32f10x_hd.o(.text)
    __user_initial_stackheap                 0x08000249   Thumb Code    10  startup_gd32f10x_hd.o(.text)
    __2sprintf                               0x0800026d   Thumb Code    34  noretval__2sprintf.o(.text)
    _printf_pre_padding                      0x08000295   Thumb Code    44  _printf_pad.o(.text)
    _printf_post_padding                     0x080002c1   Thumb Code    34  _printf_pad.o(.text)
    _printf_int_dec                          0x080002e5   Thumb Code   104  _printf_dec.o(.text)
    __printf                                 0x0800035d   Thumb Code   308  __printf_flags_wp.o(.text)
    strlen                                   0x08000495   Thumb Code    62  strlen.o(.text)
    __aeabi_memcpy                           0x080004d3   Thumb Code     0  rt_memcpy_v6.o(.text)
    __rt_memcpy                              0x080004d3   Thumb Code   138  rt_memcpy_v6.o(.text)
    _memcpy_lastbytes                        0x08000539   Thumb Code     0  rt_memcpy_v6.o(.text)
    __aeabi_memclr                           0x0800055d   Thumb Code     0  rt_memclr.o(.text)
    __rt_memclr                              0x0800055d   Thumb Code    68  rt_memclr.o(.text)
    _memset                                  0x08000561   Thumb Code     0  rt_memclr.o(.text)
    __use_two_region_memory                  0x080005a1   Thumb Code     2  heapauxi.o(.text)
    __rt_heap_escrow$2region                 0x080005a3   Thumb Code     2  heapauxi.o(.text)
    __rt_heap_expand$2region                 0x080005a5   Thumb Code     2  heapauxi.o(.text)
    _printf_int_common                       0x080005a7   Thumb Code   178  _printf_intcommon.o(.text)
    __lib_sel_fp_printf                      0x08000659   Thumb Code     2  _printf_fp_dec.o(.text)
    _printf_fp_dec_real                      0x0800080b   Thumb Code   620  _printf_fp_dec.o(.text)
    _printf_char_common                      0x08000a83   Thumb Code    32  _printf_char_common.o(.text)
    _sputc                                   0x08000aa9   Thumb Code    10  _sputc.o(.text)
    __aeabi_memcpy4                          0x08000ab3   Thumb Code     0  rt_memcpy_w.o(.text)
    __aeabi_memcpy8                          0x08000ab3   Thumb Code     0  rt_memcpy_w.o(.text)
    __rt_memcpy_w                            0x08000ab3   Thumb Code   100  rt_memcpy_w.o(.text)
    _memcpy_lastbytes_aligned                0x08000afb   Thumb Code     0  rt_memcpy_w.o(.text)
    __aeabi_memclr4                          0x08000b17   Thumb Code     0  rt_memclr_w.o(.text)
    __aeabi_memclr8                          0x08000b17   Thumb Code     0  rt_memclr_w.o(.text)
    __rt_memclr_w                            0x08000b17   Thumb Code    78  rt_memclr_w.o(.text)
    _memset_w                                0x08000b1b   Thumb Code     0  rt_memclr_w.o(.text)
    __rt_locale                              0x08000b65   Thumb Code     8  rt_locale_intlibspace.o(.text)
    _ll_udiv10                               0x08000b6d   Thumb Code   138  lludiv10.o(.text)
    _printf_fp_infnan                        0x08000bf9   Thumb Code   112  _printf_fp_infnan.o(.text)
    _btod_etento                             0x08000c79   Thumb Code   224  bigflt0.o(.text)
    __user_libspace                          0x08000d5d   Thumb Code     8  libspace.o(.text)
    __user_perproc_libspace                  0x08000d5d   Thumb Code     0  libspace.o(.text)
    __user_perthread_libspace                0x08000d5d   Thumb Code     0  libspace.o(.text)
    __user_setup_stackheap                   0x08000d65   Thumb Code    74  sys_stackheap_outer.o(.text)
    exit                                     0x08000daf   Thumb Code    18  exit.o(.text)
    strcmp                                   0x08000dc1   Thumb Code   128  strcmpv7m.o(.text)
    _sys_exit                                0x08000e41   Thumb Code     8  sys_exit.o(.text)
    __I$use$semihosting                      0x08000e4d   Thumb Code     0  use_no_semi.o(.text)
    __use_no_semihosting_swi                 0x08000e4d   Thumb Code     2  use_no_semi.o(.text)
    __semihosting_library_function           0x08000e4f   Thumb Code     0  indicate_semi.o(.text)
    _btod_d2e                                0x08000e4f   Thumb Code    62  btod.o(CL$$btod_d2e)
    _d2e_denorm_low                          0x08000e8d   Thumb Code    70  btod.o(CL$$btod_d2e_denorm_low)
    _d2e_norm_op1                            0x08000ed3   Thumb Code    96  btod.o(CL$$btod_d2e_norm_op1)
    __btod_div_common                        0x08000f33   Thumb Code   696  btod.o(CL$$btod_div_common)
    _e2e                                     0x0800126b   Thumb Code   220  btod.o(CL$$btod_e2e)
    _btod_ediv                               0x08001347   Thumb Code    42  btod.o(CL$$btod_ediv)
    _btod_emul                               0x08001371   Thumb Code    42  btod.o(CL$$btod_emul)
    __btod_mult_common                       0x0800139b   Thumb Code   580  btod.o(CL$$btod_mult_common)
    ADC_GetVolPer                            0x080015e1   Thumb Code    94  bsp_adc.o(i.ADC_GetVolPer)
    BEEP_SetState                            0x080016dd   Thumb Code    24  bsp_gpio.o(i.BEEP_SetState)
    BSP_ADC_Init                             0x080016f9   Thumb Code    12  bsp_adc.o(i.BSP_ADC_Init)
    BSP_EEPROM_Init                          0x08001705   Thumb Code    30  bsp_eeprom.o(i.BSP_EEPROM_Init)
    BSP_GPIO_Init                            0x08001729   Thumb Code   250  bsp_gpio.o(i.BSP_GPIO_Init)
    BSP_Init                                 0x08001831   Thumb Code    46  main.o(i.BSP_Init)
    BSP_Key_Init                             0x08001861   Thumb Code    76  bsp_key.o(i.BSP_Key_Init)
    BSP_PWM_Init                             0x080018b1   Thumb Code   168  bsp_pwm.o(i.BSP_PWM_Init)
    BSP_RTC_Init                             0x08001961   Thumb Code    60  bsp_rtc.o(i.BSP_RTC_Init)
    BSP_TIM_Init                             0x080019a1   Thumb Code    16  bsp_timer.o(i.BSP_TIM_Init)
    BSP_Uart_Init                            0x080019b1   Thumb Code   322  bsp_uart.o(i.BSP_Uart_Init)
    BeepStateProcess                         0x08001b05   Thumb Code   126  task_status.o(i.BeepStateProcess)
    BusFault_Handler                         0x08001b9d   Thumb Code     4  gd32f10x_it.o(i.BusFault_Handler)
    Byte_BCDToBin                            0x08001ba1   Thumb Code    20  sys.o(i.Byte_BCDToBin)
    CHG_GetChgState                          0x08001bb5   Thumb Code   102  bsp_gpio.o(i.CHG_GetChgState)
    CHG_SetChg                               0x08001c25   Thumb Code    24  bsp_gpio.o(i.CHG_SetChg)
    CHG_plugCheck                            0x08001c41   Thumb Code    10  bsp_gpio.o(i.CHG_plugCheck)
    ChgStateProcess                          0x08001c51   Thumb Code    78  task_status.o(i.ChgStateProcess)
    DebugMon_Handler                         0x08001ca5   Thumb Code     2  gd32f10x_it.o(i.DebugMon_Handler)
    Display_Chg                              0x08001ca7   Thumb Code    24  display.o(i.Display_Chg)
    Display_bat                              0x08001cc1   Thumb Code    60  display.o(i.Display_bat)
    Display_brightness                       0x08001d09   Thumb Code    90  display.o(i.Display_brightness)
    Display_dose                             0x08001d69   Thumb Code   214  display.o(i.Display_dose)
    Display_doseVal                          0x08001e65   Thumb Code   304  display.o(i.Display_doseVal)
    Display_scaleBar                         0x08001fc1   Thumb Code   404  display.o(i.Display_scaleBar)
    Display_setWarnVal                       0x08002169   Thumb Code   396  display.o(i.Display_setWarnVal)
    Display_statusBar                        0x08002309   Thumb Code    74  display.o(i.Display_statusBar)
    Display_unitParam                        0x08002365   Thumb Code   126  display.o(i.Display_unitParam)
    EE_Ack                                   0x080023f9   Thumb Code    52  bsp_eeprom.o(i.EE_Ack)
    EE_NAck                                  0x0800243d   Thumb Code    42  bsp_eeprom.o(i.EE_NAck)
    EE_ReadByte                              0x0800246d   Thumb Code    66  bsp_eeprom.o(i.EE_ReadByte)
    EE_SendByte                              0x080024b5   Thumb Code    88  bsp_eeprom.o(i.EE_SendByte)
    EE_Start                                 0x08002511   Thumb Code    48  bsp_eeprom.o(i.EE_Start)
    EE_Stop                                  0x08002545   Thumb Code    36  bsp_eeprom.o(i.EE_Stop)
    EE_WaitAck                               0x0800256d   Thumb Code    62  bsp_eeprom.o(i.EE_WaitAck)
    GUI_Refresh                              0x080025b1   Thumb Code    20  gui.o(i.GUI_Refresh)
    GUI_SetBat                               0x080025c9   Thumb Code   102  gui.o(i.GUI_SetBat)
    GUI_SetChar1608                          0x08002639   Thumb Code   106  gui.o(i.GUI_SetChar1608)
    GUI_SetChar1616                          0x080026ad   Thumb Code   100  gui.o(i.GUI_SetChar1616)
    GUI_SetChar2412                          0x08002719   Thumb Code   106  gui.o(i.GUI_SetChar2412)
    GUI_SetChar2424                          0x0800278d   Thumb Code   100  gui.o(i.GUI_SetChar2424)
    GUI_SetChar3216                          0x080027f9   Thumb Code   106  gui.o(i.GUI_SetChar3216)
    GUI_SetChar4824                          0x0800286d   Thumb Code   108  gui.o(i.GUI_SetChar4824)
    GUI_SetChgPic                            0x080028e1   Thumb Code   102  gui.o(i.GUI_SetChgPic)
    GUI_SetFillRect                          0x08002951   Thumb Code    42  gui.o(i.GUI_SetFillRect)
    GUI_SetLine                              0x0800297d   Thumb Code   358  gui.o(i.GUI_SetLine)
    GUI_SetRect                              0x08002ae9   Thumb Code    66  gui.o(i.GUI_SetRect)
    GUI_SetString1608                        0x08002b2b   Thumb Code    44  gui.o(i.GUI_SetString1608)
    GUI_SetString2412                        0x08002b57   Thumb Code    44  gui.o(i.GUI_SetString2412)
    GUI_SetString3216                        0x08002b83   Thumb Code    44  gui.o(i.GUI_SetString3216)
    GUI_SetString4824                        0x08002baf   Thumb Code    44  gui.o(i.GUI_SetString4824)
    GUI_Setstring1616                        0x08002bdb   Thumb Code    44  gui.o(i.GUI_Setstring1616)
    GUI_Setstring2424                        0x08002c07   Thumb Code    44  gui.o(i.GUI_Setstring2424)
    GetAdcVal                                0x08002c35   Thumb Code    32  bsp_adc.o(i.GetAdcVal)
    GetChgState                              0x08002c59   Thumb Code     6  task_status.o(i.GetChgState)
    GetDoseUnit                              0x08002c65   Thumb Code    22  display.o(i.GetDoseUnit)
    Get_RTC_Time                             0x08002c81   Thumb Code    88  bsp_rtc.o(i.Get_RTC_Time)
    HMI_start                                0x08002cf5   Thumb Code    50  task_gui.o(i.HMI_start)
    HZ16_to_index                            0x08002d27   Thumb Code   120  gui.o(i.HZ16_to_index)
    HZ24_to_index                            0x08002d9f   Thumb Code   546  gui.o(i.HZ24_to_index)
    HardFault_Handler                        0x08002fc1   Thumb Code     4  gd32f10x_it.o(i.HardFault_Handler)
    LCD_FillData                             0x08002fc5   Thumb Code    48  bsp_lcd.o(i.LCD_FillData)
    LCD_Init                                 0x08002ff5   Thumb Code   438  bsp_lcd.o(i.LCD_Init)
    LCD_clear                                0x080031ab   Thumb Code    58  bsp_lcd.o(i.LCD_clear)
    LCD_delay                                0x080031e5   Thumb Code    22  bsp_lcd.o(i.LCD_delay)
    LCD_reset                                0x080031fd   Thumb Code    42  bsp_lcd.o(i.LCD_reset)
    LCD_set_window                           0x0800322d   Thumb Code    72  bsp_lcd.o(i.LCD_set_window)
    LCD_write                                0x08003275   Thumb Code    46  bsp_lcd.o(i.LCD_write)
    LED_SetState                             0x080032a9   Thumb Code    66  bsp_gpio.o(i.LED_SetState)
    LedStateProcess                          0x080032f1   Thumb Code    96  task_status.o(i.LedStateProcess)
    MemManage_Handler                        0x08003355   Thumb Code     4  gd32f10x_it.o(i.MemManage_Handler)
    NMI_Handler                              0x08003359   Thumb Code     2  gd32f10x_it.o(i.NMI_Handler)
    PWR_shutdown                             0x08003385   Thumb Code    10  bsp_gpio.o(i.PWR_shutdown)
    RTC_Ack                                  0x08003395   Thumb Code    44  bsp_rtc.o(i.RTC_Ack)
    RTC_NAck                                 0x080033d1   Thumb Code    36  bsp_rtc.o(i.RTC_NAck)
    RTC_Read                                 0x080033f9   Thumb Code   100  bsp_rtc.o(i.RTC_Read)
    RTC_ReadByte                             0x0800345d   Thumb Code    62  bsp_rtc.o(i.RTC_ReadByte)
    RTC_SendByte                             0x080034a1   Thumb Code    80  bsp_rtc.o(i.RTC_SendByte)
    RTC_Start                                0x080034f5   Thumb Code    42  bsp_rtc.o(i.RTC_Start)
    RTC_Stop                                 0x08003525   Thumb Code    32  bsp_rtc.o(i.RTC_Stop)
    RTC_WaitAck                              0x08003549   Thumb Code    56  bsp_rtc.o(i.RTC_WaitAck)
    RTC_Write                                0x08003585   Thumb Code    78  bsp_rtc.o(i.RTC_Write)
    SYS_Param_Init                           0x080035d5   Thumb Code   182  main.o(i.SYS_Param_Init)
    SetLcdBacklight                          0x08003699   Thumb Code    12  bsp_pwm.o(i.SetLcdBacklight)
    SysTick_Handler                          0x080036a9   Thumb Code     8  gd32f10x_it.o(i.SysTick_Handler)
    SystemInit                               0x080036b1   Thumb Code   196  system_gd32f10x.o(i.SystemInit)
    TIM0_Init                                0x08003785   Thumb Code   154  bsp_timer.o(i.TIM0_Init)
    TIM1_Init                                0x08003829   Thumb Code   166  bsp_timer.o(i.TIM1_Init)
    TIM5_Init                                0x080038d5   Thumb Code    96  bsp_timer.o(i.TIM5_Init)
    TIMER0_UP_IRQHandler                     0x08003939   Thumb Code    32  bsp_timer.o(i.TIMER0_UP_IRQHandler)
    TIMER1_IRQHandler                        0x08003961   Thumb Code    32  bsp_timer.o(i.TIMER1_IRQHandler)
    TIMER5_IRQHandler                        0x08003985   Thumb Code    88  bsp_timer.o(i.TIMER5_IRQHandler)
    Task_HMI                                 0x080039f9   Thumb Code   222  task_gui.o(i.Task_HMI)
    Task_bat                                 0x08003ae9   Thumb Code   128  task_status.o(i.Task_bat)
    Task_status                              0x08003b79   Thumb Code   106  task_status.o(i.Task_status)
    TimerGetCnt                              0x08003bf5   Thumb Code     6  bsp_timer.o(i.TimerGetCnt)
    UART3_IRQHandler                         0x08003c01   Thumb Code    10  gd32f10x_it.o(i.UART3_IRQHandler)
    UART_IRQn                                0x08003c11   Thumb Code   204  bsp_uart.o(i.UART_IRQn)
    USART0_IRQHandler                        0x08003ced   Thumb Code    10  gd32f10x_it.o(i.USART0_IRQHandler)
    USART1_IRQHandler                        0x08003cfd   Thumb Code    10  gd32f10x_it.o(i.USART1_IRQHandler)
    USART2_IRQHandler                        0x08003d0d   Thumb Code    10  gd32f10x_it.o(i.USART2_IRQHandler)
    UsageFault_Handler                       0x08003d1d   Thumb Code     4  gd32f10x_it.o(i.UsageFault_Handler)
    __ARM_fpclassify                         0x08003d21   Thumb Code    40  fpclassify.o(i.__ARM_fpclassify)
    _is_digit                                0x08003d49   Thumb Code    14  __printf_wp.o(i._is_digit)
    adc_calibration_enable                   0x08003d57   Thumb Code    42  gd32f10x_adc.o(i.adc_calibration_enable)
    adc_channel_length_config                0x08003d81   Thumb Code    70  gd32f10x_adc.o(i.adc_channel_length_config)
    adc_data_alignment_config                0x08003dc7   Thumb Code    22  gd32f10x_adc.o(i.adc_data_alignment_config)
    adc_deinit                               0x08003ddd   Thumb Code    84  gd32f10x_adc.o(i.adc_deinit)
    adc_enable                               0x08003e35   Thumb Code    18  gd32f10x_adc.o(i.adc_enable)
    adc_external_trigger_config              0x08003e47   Thumb Code    62  gd32f10x_adc.o(i.adc_external_trigger_config)
    adc_external_trigger_source_config       0x08003e85   Thumb Code    48  gd32f10x_adc.o(i.adc_external_trigger_source_config)
    adc_flag_get                             0x08003eb5   Thumb Code    14  gd32f10x_adc.o(i.adc_flag_get)
    adc_mode_config                          0x08003ec5   Thumb Code    22  gd32f10x_adc.o(i.adc_mode_config)
    adc_regular_channel_config               0x08003ee1   Thumb Code   172  gd32f10x_adc.o(i.adc_regular_channel_config)
    adc_regular_data_read                    0x08003f8d   Thumb Code     8  gd32f10x_adc.o(i.adc_regular_data_read)
    adc_software_trigger_enable              0x08003f95   Thumb Code    30  gd32f10x_adc.o(i.adc_software_trigger_enable)
    adc_special_function_config              0x08003fb3   Thumb Code    90  gd32f10x_adc.o(i.adc_special_function_config)
    bsp_GetKey                               0x0800400d   Thumb Code    46  bsp_key.o(i.bsp_GetKey)
    bsp_KeyScan                              0x08004041   Thumb Code   126  bsp_key.o(i.bsp_KeyScan)
    bsp_PutKey                               0x080040c9   Thumb Code    28  bsp_key.o(i.bsp_PutKey)
    delay_ms                                 0x080040e9   Thumb Code    24  sys.o(i.delay_ms)
    delay_us                                 0x08004101   Thumb Code    24  sys.o(i.delay_us)
    display_time                             0x08004119   Thumb Code    98  display.o(i.display_time)
    gpio_init                                0x0800419d   Thumb Code   172  gd32f10x_gpio.o(i.gpio_init)
    gpio_input_bit_get                       0x08004249   Thumb Code    16  gd32f10x_gpio.o(i.gpio_input_bit_get)
    lcd_gpio_init                            0x08004259   Thumb Code    88  bsp_lcd.o(i.lcd_gpio_init)
    lcd_spi_init                             0x080042b9   Thumb Code    60  bsp_lcd.o(i.lcd_spi_init)
    main                                     0x080042f9   Thumb Code   182  main.o(i.main)
    menu1                                    0x080043cd   Thumb Code   124  task_gui.o(i.menu1)
    menu11                                   0x08004495   Thumb Code   112  task_gui.o(i.menu11)
    menu111                                  0x08004529   Thumb Code   608  task_gui.o(i.menu111)
    menu12                                   0x080047c5   Thumb Code   112  task_gui.o(i.menu12)
    menu121                                  0x08004859   Thumb Code   634  task_gui.o(i.menu121)
    menu2                                    0x08004b15   Thumb Code   124  task_gui.o(i.menu2)
    menu21                                   0x08004bdd   Thumb Code    80  task_gui.o(i.menu21)
    menu211                                  0x08004c41   Thumb Code   180  task_gui.o(i.menu211)
    menu3                                    0x08004d31   Thumb Code   124  task_gui.o(i.menu3)
    menu31                                   0x08004df9   Thumb Code   120  task_gui.o(i.menu31)
    menu311                                  0x08004e99   Thumb Code   242  task_gui.o(i.menu311)
    menu32                                   0x08004fc5   Thumb Code   120  task_gui.o(i.menu32)
    menu321                                  0x08005065   Thumb Code   252  task_gui.o(i.menu321)
    menu4                                    0x08005199   Thumb Code   124  task_gui.o(i.menu4)
    menu41                                   0x08005261   Thumb Code   124  task_gui.o(i.menu41)
    menu_main1                               0x08005331   Thumb Code   156  task_gui.o(i.menu_main1)
    menu_main2                               0x080053e5   Thumb Code     2  task_gui.o(i.menu_main2)
    menu_main3                               0x080053e7   Thumb Code     2  task_gui.o(i.menu_main3)
    menu_shutdown                            0x080053e9   Thumb Code    78  task_gui.o(i.menu_shutdown)
    nvic_irq_enable                          0x08005439   Thumb Code   162  gd32f10x_misc.o(i.nvic_irq_enable)
    nvic_priority_group_set                  0x080054e5   Thumb Code    10  gd32f10x_misc.o(i.nvic_priority_group_set)
    nvic_vector_table_set                    0x080054f9   Thumb Code    16  gd32f10x_misc.o(i.nvic_vector_table_set)
    rcu_adc_clock_config                     0x08005511   Thumb Code    64  gd32f10x_rcu.o(i.rcu_adc_clock_config)
    rcu_clock_freq_get                       0x08005559   Thumb Code   264  gd32f10x_rcu.o(i.rcu_clock_freq_get)
    rcu_periph_clock_enable                  0x0800567d   Thumb Code    28  gd32f10x_rcu.o(i.rcu_periph_clock_enable)
    rcu_periph_reset_disable                 0x0800569d   Thumb Code    28  gd32f10x_rcu.o(i.rcu_periph_reset_disable)
    rcu_periph_reset_enable                  0x080056bd   Thumb Code    28  gd32f10x_rcu.o(i.rcu_periph_reset_enable)
    read_eeprom                              0x080056dd   Thumb Code   120  bsp_eeprom.o(i.read_eeprom)
    setSystemTick                            0x08005755   Thumb Code    80  sys_config.o(i.setSystemTick)
    spi_enable                               0x080057a9   Thumb Code    10  gd32f10x_spi.o(i.spi_enable)
    spi_i2s_data_receive                     0x080057b3   Thumb Code     8  gd32f10x_spi.o(i.spi_i2s_data_receive)
    spi_i2s_data_transmit                    0x080057bb   Thumb Code     4  gd32f10x_spi.o(i.spi_i2s_data_transmit)
    spi_i2s_flag_get                         0x080057bf   Thumb Code    16  gd32f10x_spi.o(i.spi_i2s_flag_get)
    spi_init                                 0x080057cf   Thumb Code    50  gd32f10x_spi.o(i.spi_init)
    spi_send_byte                            0x08005801   Thumb Code    50  bsp_lcd.o(i.spi_send_byte)
    taskTicksInc                             0x08005905   Thumb Code    12  sys_config.o(i.taskTicksInc)
    timer_auto_reload_shadow_enable          0x08005915   Thumb Code    10  gd32f10x_timer.o(i.timer_auto_reload_shadow_enable)
    timer_channel_output_config              0x08005921   Thumb Code   484  gd32f10x_timer.o(i.timer_channel_output_config)
    timer_channel_output_mode_config         0x08005b0d   Thumb Code    90  gd32f10x_timer.o(i.timer_channel_output_mode_config)
    timer_channel_output_pulse_value_config  0x08005b67   Thumb Code    38  gd32f10x_timer.o(i.timer_channel_output_pulse_value_config)
    timer_channel_output_shadow_config       0x08005b8d   Thumb Code    90  gd32f10x_timer.o(i.timer_channel_output_shadow_config)
    timer_counter_value_config               0x08005be7   Thumb Code     4  gd32f10x_timer.o(i.timer_counter_value_config)
    timer_deinit                             0x08005bed   Thumb Code   210  gd32f10x_timer.o(i.timer_deinit)
    timer_enable                             0x08005cc9   Thumb Code    10  gd32f10x_timer.o(i.timer_enable)
    timer_external_clock_mode1_config        0x08005cd3   Thumb Code    32  gd32f10x_timer.o(i.timer_external_clock_mode1_config)
    timer_external_trigger_config            0x08005cf3   Thumb Code    30  gd32f10x_timer.o(i.timer_external_trigger_config)
    timer_flag_clear                         0x08005d11   Thumb Code     6  gd32f10x_timer.o(i.timer_flag_clear)
    timer_init                               0x08005d19   Thumb Code   170  gd32f10x_timer.o(i.timer_init)
    timer_input_trigger_source_select        0x08005df9   Thumb Code    16  gd32f10x_timer.o(i.timer_input_trigger_source_select)
    timer_interrupt_enable                   0x08005e09   Thumb Code     8  gd32f10x_timer.o(i.timer_interrupt_enable)
    timer_interrupt_flag_clear               0x08005e11   Thumb Code     6  gd32f10x_timer.o(i.timer_interrupt_flag_clear)
    timer_interrupt_flag_get                 0x08005e17   Thumb Code    24  gd32f10x_timer.o(i.timer_interrupt_flag_get)
    timer_master_slave_mode_config           0x08005e2f   Thumb Code    26  gd32f10x_timer.o(i.timer_master_slave_mode_config)
    timer_slave_mode_select                  0x08005e49   Thumb Code    16  gd32f10x_timer.o(i.timer_slave_mode_select)
    usart_baudrate_set                       0x08005f1d   Thumb Code   136  gd32f10x_usart.o(i.usart_baudrate_set)
    usart_data_receive                       0x08005fad   Thumb Code    10  gd32f10x_usart.o(i.usart_data_receive)
    usart_data_transmit                      0x08005fb7   Thumb Code     8  gd32f10x_usart.o(i.usart_data_transmit)
    usart_deinit                             0x08005fc1   Thumb Code   136  gd32f10x_usart.o(i.usart_deinit)
    usart_enable                             0x08006051   Thumb Code    10  gd32f10x_usart.o(i.usart_enable)
    usart_hardware_flow_cts_config           0x0800605b   Thumb Code    20  gd32f10x_usart.o(i.usart_hardware_flow_cts_config)
    usart_hardware_flow_rts_config           0x0800606f   Thumb Code    20  gd32f10x_usart.o(i.usart_hardware_flow_rts_config)
    usart_interrupt_disable                  0x08006083   Thumb Code    26  gd32f10x_usart.o(i.usart_interrupt_disable)
    usart_interrupt_enable                   0x0800609d   Thumb Code    26  gd32f10x_usart.o(i.usart_interrupt_enable)
    usart_interrupt_flag_clear               0x080060b7   Thumb Code    18  gd32f10x_usart.o(i.usart_interrupt_flag_clear)
    usart_interrupt_flag_get                 0x080060c9   Thumb Code    56  gd32f10x_usart.o(i.usart_interrupt_flag_get)
    usart_parity_config                      0x08006101   Thumb Code    16  gd32f10x_usart.o(i.usart_parity_config)
    usart_receive_config                     0x08006111   Thumb Code    16  gd32f10x_usart.o(i.usart_receive_config)
    usart_stop_bit_set                       0x08006121   Thumb Code    16  gd32f10x_usart.o(i.usart_stop_bit_set)
    usart_transmit_config                    0x08006131   Thumb Code    16  gd32f10x_usart.o(i.usart_transmit_config)
    usart_word_length_set                    0x08006141   Thumb Code    16  gd32f10x_usart.o(i.usart_word_length_set)
    write_eeprom                             0x08006151   Thumb Code   136  bsp_eeprom.o(i.write_eeprom)
    _get_lc_numeric                          0x080061d9   Thumb Code    44  lc_numeric_c.o(locale$$code)
    __aeabi_dadd                             0x08006205   Thumb Code     0  daddsub_clz.o(x$fpl$dadd)
    _dadd                                    0x08006205   Thumb Code   332  daddsub_clz.o(x$fpl$dadd)
    __aeabi_ddiv                             0x08006355   Thumb Code     0  ddiv.o(x$fpl$ddiv)
    _ddiv                                    0x08006355   Thumb Code   552  ddiv.o(x$fpl$ddiv)
    __aeabi_d2uiz                            0x08006605   Thumb Code     0  dfixu.o(x$fpl$dfixu)
    _dfixu                                   0x08006605   Thumb Code    90  dfixu.o(x$fpl$dfixu)
    __fpl_dnaninf                            0x0800665f   Thumb Code   156  dnaninf.o(x$fpl$dnaninf)
    __fpl_dretinf                            0x080066fb   Thumb Code    12  dretinf.o(x$fpl$dretinf)
    __aeabi_dsub                             0x08006709   Thumb Code     0  daddsub_clz.o(x$fpl$dsub)
    _dsub                                    0x08006709   Thumb Code   464  daddsub_clz.o(x$fpl$dsub)
    __aeabi_f2d                              0x080068dd   Thumb Code     0  f2d.o(x$fpl$f2d)
    _f2d                                     0x080068dd   Thumb Code    86  f2d.o(x$fpl$f2d)
    __fpl_fcmp_Inf                           0x08006933   Thumb Code    24  fcmpi.o(x$fpl$fcmpinf)
    __aeabi_fdiv                             0x0800694d   Thumb Code     0  fdiv.o(x$fpl$fdiv)
    _fdiv                                    0x0800694d   Thumb Code   384  fdiv.o(x$fpl$fdiv)
    __aeabi_f2uiz                            0x08006ad1   Thumb Code     0  ffixu.o(x$fpl$ffixu)
    _ffixu                                   0x08006ad1   Thumb Code    62  ffixu.o(x$fpl$ffixu)
    __aeabi_ui2f                             0x08006b11   Thumb Code     0  fflt_clz.o(x$fpl$ffltu)
    _ffltu                                   0x08006b11   Thumb Code    38  fflt_clz.o(x$fpl$ffltu)
    __aeabi_cfcmple                          0x08006b39   Thumb Code     0  fleqf.o(x$fpl$fleqf)
    _fcmple                                  0x08006b39   Thumb Code   104  fleqf.o(x$fpl$fleqf)
    __fpl_fcmple_InfNaN                      0x08006b8b   Thumb Code     0  fleqf.o(x$fpl$fleqf)
    __aeabi_fmul                             0x08006ba1   Thumb Code     0  fmul.o(x$fpl$fmul)
    _fmul                                    0x08006ba1   Thumb Code   258  fmul.o(x$fpl$fmul)
    __fpl_fnaninf                            0x08006ca3   Thumb Code   140  fnaninf.o(x$fpl$fnaninf)
    __fpl_fretinf                            0x08006d2f   Thumb Code    10  fretinf.o(x$fpl$fretinf)
    __aeabi_cfrcmple                         0x08006d39   Thumb Code     0  frleqf.o(x$fpl$frleqf)
    _frcmple                                 0x08006d39   Thumb Code    98  frleqf.o(x$fpl$frleqf)
    _printf_fp_dec                           0x08006d9b   Thumb Code     4  printf1.o(x$fpl$printf1)
    __I$use$fp                               0x08006d9e   Number         0  usenofp.o(x$fpl$usenofp)
    beepOnTickTable                          0x08006d9e   Data          10  task_status.o(.constdata)
    beepOffTickTable                         0x08006da8   Data          10  task_status.o(.constdata)
    ascii1608                                0x08006db2   Data        1520  gui.o(.constdata)
    ascii2412                                0x080073a2   Data        3420  gui.o(.constdata)
    ascii3216                                0x080080fe   Data        6080  gui.o(.constdata)
    ascii4824                                0x080098be   Data        1728  gui.o(.constdata)
    batpic                                   0x08009f7e   Data         572  gui.o(.constdata)
    speakerPic                               0x0800a1ba   Data          64  gui.o(.constdata)
    chargePic                                0x0800a1fa   Data          64  gui.o(.constdata)
    hanzi16                                  0x0800a23a   Data         288  gui.o(.constdata)
    hanzi24                                  0x0800a35a   Data        2952  gui.o(.constdata)
    Region$$Table$$Base                      0x0800af88   Number         0  anon$$obj.o(Region$$Table)
    Region$$Table$$Limit                     0x0800afa8   Number         0  anon$$obj.o(Region$$Table)
    SystemCoreClock                          0x20000000   Data           4  system_gd32f10x.o(.data)
    timerCnt                                 0x20000004   Data           4  bsp_timer.o(.data)
    keyPressTimeCnt                          0x20000010   Data           8  bsp_key.o(.data)
    keyList                                  0x20000018   Data          32  bsp_key.o(.data)
    sys_param                                0x20000038   Data           4  main.o(.data)
    Voltage                                  0x2000003c   Data           1  main.o(.data)
    pulseCntInt                              0x20000040   Data           4  main.o(.data)
    pulseCntExt                              0x20000044   Data           4  main.o(.data)
    batVoltPerSmooth                         0x20000048   Data           1  main.o(.data)
    volt                                     0x2000004c   Data           4  main.o(.data)
    warnRangeRate                            0x20000050   Data           4  main.o(.data)
    warnRangeDose                            0x20000054   Data           4  main.o(.data)
    displayUnit                              0x20000058   Data           1  main.o(.data)
    brightness                               0x20000059   Data           1  main.o(.data)
    test                                     0x2000005a   Data           1  main.o(.data)
    x1                                       0x2000005b   Data           1  main.o(.data)
    x2                                       0x2000005c   Data           1  main.o(.data)
    y1                                       0x2000005d   Data           1  main.o(.data)
    y2                                       0x2000005e   Data           1  main.o(.data)
    vad                                      0x20000060   Data           4  main.o(.data)
    g_taskTicks                              0x20000074   Data           4  sys_config.o(.data)
    menuList                                 0x2000007c   Data         304  task_gui.o(.data)
    intDoseParam                             0x200001c4   Data          32  task_dose.o(.data)
    warnLevel                                0x200001e4   Data           1  task_status.o(.data)
    chgState                                 0x200001e5   Data           1  task_status.o(.data)
    g_tUart0                                 0x200001f4   Data          28  bsp_uart.o(.bss)
    g_TxBuf0                                 0x20000210   Data         512  bsp_uart.o(.bss)
    g_RxBuf0                                 0x20000410   Data         512  bsp_uart.o(.bss)
    g_tUart1                                 0x20000610   Data          28  bsp_uart.o(.bss)
    g_TxBuf1                                 0x2000062c   Data         512  bsp_uart.o(.bss)
    g_RxBuf1                                 0x2000082c   Data         512  bsp_uart.o(.bss)
    g_tUart2                                 0x20000a2c   Data          28  bsp_uart.o(.bss)
    g_TxBuf2                                 0x20000a48   Data         512  bsp_uart.o(.bss)
    g_RxBuf2                                 0x20000c48   Data         512  bsp_uart.o(.bss)
    g_tUart3                                 0x20000e48   Data          28  bsp_uart.o(.bss)
    g_TxBuf3                                 0x20000e64   Data         512  bsp_uart.o(.bss)
    g_RxBuf3                                 0x20001064   Data         512  bsp_uart.o(.bss)
    keyValList                               0x20001264   Data          12  bsp_key.o(.bss)
    Chn_Data                                 0x20001400   Data          28  task_dose.o(.bss)
    ramBuf                                   0x20001434   Data        4800  gui.o(.bss)
    __libspace_start                         0x200026f4   Data          96  libspace.o(.bss)
    __temporary_stack_top$libspace           0x20002754   Data           0  libspace.o(.bss)



==============================================================================

Memory Map of the image

  Image Entry point : 0x08000131

  Load Region LR_IROM1 (Base: 0x08000000, Size: 0x0000b1b8, Max: 0x00040000, ABSOLUTE, COMPRESSED[0x0000b0dc])

    Execution Region ER_IROM1 (Exec base: 0x08000000, Load base: 0x08000000, Size: 0x0000afc4, Max: 0x00040000, ABSOLUTE)

    Exec Addr    Load Addr    Size         Type   Attr      Idx    E Section Name        Object

    0x08000000   0x08000000   0x00000130   Data   RO          133    RESET               startup_gd32f10x_hd.o
    0x08000130   0x08000130   0x00000008   Code   RO         5199  * !!!main             c_w.l(__main.o)
    0x08000138   0x08000138   0x00000034   Code   RO         5489    !!!scatter          c_w.l(__scatter.o)
    0x0800016c   0x0800016c   0x0000005a   Code   RO         5487    !!dczerorl2         c_w.l(__dczerorl2.o)
    0x080001c6   0x080001c6   0x00000002   PAD
    0x080001c8   0x080001c8   0x0000001c   Code   RO         5491    !!handler_zi        c_w.l(__scatter_zi.o)
    0x080001e4   0x080001e4   0x00000000   Code   RO         5188    .ARM.Collect$$_printf_percent$$00000000  c_w.l(_printf_percent.o)
    0x080001e4   0x080001e4   0x00000006   Code   RO         5187    .ARM.Collect$$_printf_percent$$00000003  c_w.l(_printf_f.o)
    0x080001ea   0x080001ea   0x00000006   Code   RO         5186    .ARM.Collect$$_printf_percent$$00000009  c_w.l(_printf_d.o)
    0x080001f0   0x080001f0   0x00000004   Code   RO         5266    .ARM.Collect$$_printf_percent$$00000017  c_w.l(_printf_percent_end.o)
    0x080001f4   0x080001f4   0x00000002   Code   RO         5358    .ARM.Collect$$libinit$$00000000  c_w.l(libinit.o)
    0x080001f6   0x080001f6   0x00000000   Code   RO         5360    .ARM.Collect$$libinit$$00000002  c_w.l(libinit2.o)
    0x080001f6   0x080001f6   0x00000000   Code   RO         5362    .ARM.Collect$$libinit$$00000004  c_w.l(libinit2.o)
    0x080001f6   0x080001f6   0x00000000   Code   RO         5365    .ARM.Collect$$libinit$$0000000A  c_w.l(libinit2.o)
    0x080001f6   0x080001f6   0x00000000   Code   RO         5367    .ARM.Collect$$libinit$$0000000C  c_w.l(libinit2.o)
    0x080001f6   0x080001f6   0x00000000   Code   RO         5369    .ARM.Collect$$libinit$$0000000E  c_w.l(libinit2.o)
    0x080001f6   0x080001f6   0x00000006   Code   RO         5370    .ARM.Collect$$libinit$$0000000F  c_w.l(libinit2.o)
    0x080001fc   0x080001fc   0x00000000   Code   RO         5372    .ARM.Collect$$libinit$$00000011  c_w.l(libinit2.o)
    0x080001fc   0x080001fc   0x00000000   Code   RO         5374    .ARM.Collect$$libinit$$00000013  c_w.l(libinit2.o)
    0x080001fc   0x080001fc   0x00000000   Code   RO         5376    .ARM.Collect$$libinit$$00000015  c_w.l(libinit2.o)
    0x080001fc   0x080001fc   0x0000000a   Code   RO         5377    .ARM.Collect$$libinit$$00000016  c_w.l(libinit2.o)
    0x08000206   0x08000206   0x00000000   Code   RO         5378    .ARM.Collect$$libinit$$00000017  c_w.l(libinit2.o)
    0x08000206   0x08000206   0x00000000   Code   RO         5380    .ARM.Collect$$libinit$$00000019  c_w.l(libinit2.o)
    0x08000206   0x08000206   0x00000000   Code   RO         5382    .ARM.Collect$$libinit$$0000001B  c_w.l(libinit2.o)
    0x08000206   0x08000206   0x00000000   Code   RO         5384    .ARM.Collect$$libinit$$0000001D  c_w.l(libinit2.o)
    0x08000206   0x08000206   0x00000000   Code   RO         5386    .ARM.Collect$$libinit$$0000001F  c_w.l(libinit2.o)
    0x08000206   0x08000206   0x00000000   Code   RO         5388    .ARM.Collect$$libinit$$00000021  c_w.l(libinit2.o)
    0x08000206   0x08000206   0x00000000   Code   RO         5390    .ARM.Collect$$libinit$$00000023  c_w.l(libinit2.o)
    0x08000206   0x08000206   0x00000000   Code   RO         5392    .ARM.Collect$$libinit$$00000025  c_w.l(libinit2.o)
    0x08000206   0x08000206   0x00000000   Code   RO         5396    .ARM.Collect$$libinit$$0000002C  c_w.l(libinit2.o)
    0x08000206   0x08000206   0x00000000   Code   RO         5398    .ARM.Collect$$libinit$$0000002E  c_w.l(libinit2.o)
    0x08000206   0x08000206   0x00000000   Code   RO         5400    .ARM.Collect$$libinit$$00000030  c_w.l(libinit2.o)
    0x08000206   0x08000206   0x00000000   Code   RO         5402    .ARM.Collect$$libinit$$00000032  c_w.l(libinit2.o)
    0x08000206   0x08000206   0x00000002   Code   RO         5403    .ARM.Collect$$libinit$$00000033  c_w.l(libinit2.o)
    0x08000208   0x08000208   0x00000002   Code   RO         5433    .ARM.Collect$$libshutdown$$00000000  c_w.l(libshutdown.o)
    0x0800020a   0x0800020a   0x00000000   Code   RO         5444    .ARM.Collect$$libshutdown$$00000002  c_w.l(libshutdown2.o)
    0x0800020a   0x0800020a   0x00000000   Code   RO         5446    .ARM.Collect$$libshutdown$$00000004  c_w.l(libshutdown2.o)
    0x0800020a   0x0800020a   0x00000000   Code   RO         5448    .ARM.Collect$$libshutdown$$00000006  c_w.l(libshutdown2.o)
    0x0800020a   0x0800020a   0x00000000   Code   RO         5451    .ARM.Collect$$libshutdown$$00000009  c_w.l(libshutdown2.o)
    0x0800020a   0x0800020a   0x00000000   Code   RO         5454    .ARM.Collect$$libshutdown$$0000000C  c_w.l(libshutdown2.o)
    0x0800020a   0x0800020a   0x00000000   Code   RO         5456    .ARM.Collect$$libshutdown$$0000000E  c_w.l(libshutdown2.o)
    0x0800020a   0x0800020a   0x00000000   Code   RO         5459    .ARM.Collect$$libshutdown$$00000011  c_w.l(libshutdown2.o)
    0x0800020a   0x0800020a   0x00000002   Code   RO         5460    .ARM.Collect$$libshutdown$$00000012  c_w.l(libshutdown2.o)
    0x0800020c   0x0800020c   0x00000000   Code   RO         5257    .ARM.Collect$$rtentry$$00000000  c_w.l(__rtentry.o)
    0x0800020c   0x0800020c   0x00000000   Code   RO         5285    .ARM.Collect$$rtentry$$00000002  c_w.l(__rtentry2.o)
    0x0800020c   0x0800020c   0x00000006   Code   RO         5297    .ARM.Collect$$rtentry$$00000004  c_w.l(__rtentry4.o)
    0x08000212   0x08000212   0x00000000   Code   RO         5287    .ARM.Collect$$rtentry$$00000009  c_w.l(__rtentry2.o)
    0x08000212   0x08000212   0x00000004   Code   RO         5288    .ARM.Collect$$rtentry$$0000000A  c_w.l(__rtentry2.o)
    0x08000216   0x08000216   0x00000000   Code   RO         5290    .ARM.Collect$$rtentry$$0000000C  c_w.l(__rtentry2.o)
    0x08000216   0x08000216   0x00000008   Code   RO         5291    .ARM.Collect$$rtentry$$0000000D  c_w.l(__rtentry2.o)
    0x0800021e   0x0800021e   0x00000002   Code   RO         5404    .ARM.Collect$$rtexit$$00000000  c_w.l(rtexit.o)
    0x08000220   0x08000220   0x00000000   Code   RO         5411    .ARM.Collect$$rtexit$$00000002  c_w.l(rtexit2.o)
    0x08000220   0x08000220   0x00000004   Code   RO         5412    .ARM.Collect$$rtexit$$00000003  c_w.l(rtexit2.o)
    0x08000224   0x08000224   0x00000006   Code   RO         5413    .ARM.Collect$$rtexit$$00000004  c_w.l(rtexit2.o)
    0x0800022a   0x0800022a   0x00000002   PAD
    0x0800022c   0x0800022c   0x00000040   Code   RO          134    .text               startup_gd32f10x_hd.o
    0x0800026c   0x0800026c   0x00000028   Code   RO         5158    .text               c_w.l(noretval__2sprintf.o)
    0x08000294   0x08000294   0x0000004e   Code   RO         5162    .text               c_w.l(_printf_pad.o)
    0x080002e2   0x080002e2   0x00000002   PAD
    0x080002e4   0x080002e4   0x00000078   Code   RO         5164    .text               c_w.l(_printf_dec.o)
    0x0800035c   0x0800035c   0x00000138   Code   RO         5178    .text               c_w.l(__printf_flags_wp.o)
    0x08000494   0x08000494   0x0000003e   Code   RO         5191    .text               c_w.l(strlen.o)
    0x080004d2   0x080004d2   0x0000008a   Code   RO         5193    .text               c_w.l(rt_memcpy_v6.o)
    0x0800055c   0x0800055c   0x00000044   Code   RO         5195    .text               c_w.l(rt_memclr.o)
    0x080005a0   0x080005a0   0x00000006   Code   RO         5197    .text               c_w.l(heapauxi.o)
    0x080005a6   0x080005a6   0x000000b2   Code   RO         5258    .text               c_w.l(_printf_intcommon.o)
    0x08000658   0x08000658   0x0000041e   Code   RO         5260    .text               c_w.l(_printf_fp_dec.o)
    0x08000a76   0x08000a76   0x00000002   PAD
    0x08000a78   0x08000a78   0x00000030   Code   RO         5262    .text               c_w.l(_printf_char_common.o)
    0x08000aa8   0x08000aa8   0x0000000a   Code   RO         5264    .text               c_w.l(_sputc.o)
    0x08000ab2   0x08000ab2   0x00000064   Code   RO         5267    .text               c_w.l(rt_memcpy_w.o)
    0x08000b16   0x08000b16   0x0000004e   Code   RO         5269    .text               c_w.l(rt_memclr_w.o)
    0x08000b64   0x08000b64   0x00000008   Code   RO         5302    .text               c_w.l(rt_locale_intlibspace.o)
    0x08000b6c   0x08000b6c   0x0000008a   Code   RO         5304    .text               c_w.l(lludiv10.o)
    0x08000bf6   0x08000bf6   0x00000002   PAD
    0x08000bf8   0x08000bf8   0x00000080   Code   RO         5306    .text               c_w.l(_printf_fp_infnan.o)
    0x08000c78   0x08000c78   0x000000e4   Code   RO         5310    .text               c_w.l(bigflt0.o)
    0x08000d5c   0x08000d5c   0x00000008   Code   RO         5344    .text               c_w.l(libspace.o)
    0x08000d64   0x08000d64   0x0000004a   Code   RO         5347    .text               c_w.l(sys_stackheap_outer.o)
    0x08000dae   0x08000dae   0x00000012   Code   RO         5349    .text               c_w.l(exit.o)
    0x08000dc0   0x08000dc0   0x00000080   Code   RO         5351    .text               c_w.l(strcmpv7m.o)
    0x08000e40   0x08000e40   0x0000000c   Code   RO         5423    .text               c_w.l(sys_exit.o)
    0x08000e4c   0x08000e4c   0x00000002   Code   RO         5434    .text               c_w.l(use_no_semi.o)
    0x08000e4e   0x08000e4e   0x00000000   Code   RO         5436    .text               c_w.l(indicate_semi.o)
    0x08000e4e   0x08000e4e   0x0000003e   Code   RO         5313    CL$$btod_d2e        c_w.l(btod.o)
    0x08000e8c   0x08000e8c   0x00000046   Code   RO         5315    CL$$btod_d2e_denorm_low  c_w.l(btod.o)
    0x08000ed2   0x08000ed2   0x00000060   Code   RO         5314    CL$$btod_d2e_norm_op1  c_w.l(btod.o)
    0x08000f32   0x08000f32   0x00000338   Code   RO         5323    CL$$btod_div_common  c_w.l(btod.o)
    0x0800126a   0x0800126a   0x000000dc   Code   RO         5320    CL$$btod_e2e        c_w.l(btod.o)
    0x08001346   0x08001346   0x0000002a   Code   RO         5317    CL$$btod_ediv       c_w.l(btod.o)
    0x08001370   0x08001370   0x0000002a   Code   RO         5316    CL$$btod_emul       c_w.l(btod.o)
    0x0800139a   0x0800139a   0x00000244   Code   RO         5322    CL$$btod_mult_common  c_w.l(btod.o)
    0x080015de   0x080015de   0x00000002   PAD
    0x080015e0   0x080015e0   0x00000074   Code   RO         4056    i.ADC_GetVolPer     bsp_adc.o
    0x08001654   0x08001654   0x00000088   Code   RO         4057    i.Adc_Init          bsp_adc.o
    0x080016dc   0x080016dc   0x0000001c   Code   RO         3869    i.BEEP_SetState     bsp_gpio.o
    0x080016f8   0x080016f8   0x0000000c   Code   RO         4058    i.BSP_ADC_Init      bsp_adc.o
    0x08001704   0x08001704   0x00000024   Code   RO         3682    i.BSP_EEPROM_Init   bsp_eeprom.o
    0x08001728   0x08001728   0x00000108   Code   RO         3870    i.BSP_GPIO_Init     bsp_gpio.o
    0x08001830   0x08001830   0x0000002e   Code   RO         4453    i.BSP_Init          main.o
    0x0800185e   0x0800185e   0x00000002   PAD
    0x08001860   0x08001860   0x00000050   Code   RO         4229    i.BSP_Key_Init      bsp_key.o
    0x080018b0   0x080018b0   0x000000b0   Code   RO         4200    i.BSP_PWM_Init      bsp_pwm.o
    0x08001960   0x08001960   0x00000040   Code   RO         4106    i.BSP_RTC_Init      bsp_rtc.o
    0x080019a0   0x080019a0   0x00000010   Code   RO         3990    i.BSP_TIM_Init      bsp_timer.o
    0x080019b0   0x080019b0   0x00000154   Code   RO         3928    i.BSP_Uart_Init     bsp_uart.o
    0x08001b04   0x08001b04   0x00000098   Code   RO         4881    i.BeepStateProcess  task_status.o
    0x08001b9c   0x08001b9c   0x00000004   Code   RO         4369    i.BusFault_Handler  gd32f10x_it.o
    0x08001ba0   0x08001ba0   0x00000014   Code   RO         4517    i.Byte_BCDToBin     sys.o
    0x08001bb4   0x08001bb4   0x00000070   Code   RO         3871    i.CHG_GetChgState   bsp_gpio.o
    0x08001c24   0x08001c24   0x0000001c   Code   RO         3872    i.CHG_SetChg        bsp_gpio.o
    0x08001c40   0x08001c40   0x00000010   Code   RO         3873    i.CHG_plugCheck     bsp_gpio.o
    0x08001c50   0x08001c50   0x00000054   Code   RO         4882    i.ChgStateProcess   task_status.o
    0x08001ca4   0x08001ca4   0x00000002   Code   RO         4370    i.DebugMon_Handler  gd32f10x_it.o
    0x08001ca6   0x08001ca6   0x00000018   Code   RO         5075    i.Display_Chg       display.o
    0x08001cbe   0x08001cbe   0x00000002   PAD
    0x08001cc0   0x08001cc0   0x00000048   Code   RO         5076    i.Display_bat       display.o
    0x08001d08   0x08001d08   0x00000060   Code   RO         5077    i.Display_brightness  display.o
    0x08001d68   0x08001d68   0x000000fc   Code   RO         5078    i.Display_dose      display.o
    0x08001e64   0x08001e64   0x0000015c   Code   RO         5079    i.Display_doseVal   display.o
    0x08001fc0   0x08001fc0   0x000001a8   Code   RO         5080    i.Display_scaleBar  display.o
    0x08002168   0x08002168   0x000001a0   Code   RO         5081    i.Display_setWarnVal  display.o
    0x08002308   0x08002308   0x0000005c   Code   RO         5082    i.Display_statusBar  display.o
    0x08002364   0x08002364   0x00000094   Code   RO         5083    i.Display_unitParam  display.o
    0x080023f8   0x080023f8   0x00000038   Code   RO         3683    i.EE_Ack            bsp_eeprom.o
    0x08002430   0x08002430   0x0000000a   Code   RO         3684    i.EE_Delay          bsp_eeprom.o
    0x0800243a   0x0800243a   0x00000002   PAD
    0x0800243c   0x0800243c   0x00000030   Code   RO         3685    i.EE_NAck           bsp_eeprom.o
    0x0800246c   0x0800246c   0x00000048   Code   RO         3686    i.EE_ReadByte       bsp_eeprom.o
    0x080024b4   0x080024b4   0x0000005c   Code   RO         3687    i.EE_SendByte       bsp_eeprom.o
    0x08002510   0x08002510   0x00000034   Code   RO         3688    i.EE_Start          bsp_eeprom.o
    0x08002544   0x08002544   0x00000028   Code   RO         3689    i.EE_Stop           bsp_eeprom.o
    0x0800256c   0x0800256c   0x00000044   Code   RO         3690    i.EE_WaitAck        bsp_eeprom.o
    0x080025b0   0x080025b0   0x00000018   Code   RO         4928    i.GUI_Refresh       gui.o
    0x080025c8   0x080025c8   0x00000070   Code   RO         4929    i.GUI_SetBat        gui.o
    0x08002638   0x08002638   0x00000074   Code   RO         4930    i.GUI_SetChar1608   gui.o
    0x080026ac   0x080026ac   0x0000006c   Code   RO         4931    i.GUI_SetChar1616   gui.o
    0x08002718   0x08002718   0x00000074   Code   RO         4932    i.GUI_SetChar2412   gui.o
    0x0800278c   0x0800278c   0x0000006c   Code   RO         4933    i.GUI_SetChar2424   gui.o
    0x080027f8   0x080027f8   0x00000074   Code   RO         4934    i.GUI_SetChar3216   gui.o
    0x0800286c   0x0800286c   0x00000074   Code   RO         4935    i.GUI_SetChar4824   gui.o
    0x080028e0   0x080028e0   0x00000070   Code   RO         4936    i.GUI_SetChgPic     gui.o
    0x08002950   0x08002950   0x0000002a   Code   RO         4937    i.GUI_SetFillRect   gui.o
    0x0800297a   0x0800297a   0x00000002   PAD
    0x0800297c   0x0800297c   0x0000016c   Code   RO         4938    i.GUI_SetLine       gui.o
    0x08002ae8   0x08002ae8   0x00000042   Code   RO         4940    i.GUI_SetRect       gui.o
    0x08002b2a   0x08002b2a   0x0000002c   Code   RO         4941    i.GUI_SetString1608  gui.o
    0x08002b56   0x08002b56   0x0000002c   Code   RO         4942    i.GUI_SetString2412  gui.o
    0x08002b82   0x08002b82   0x0000002c   Code   RO         4943    i.GUI_SetString3216  gui.o
    0x08002bae   0x08002bae   0x0000002c   Code   RO         4944    i.GUI_SetString4824  gui.o
    0x08002bda   0x08002bda   0x0000002c   Code   RO         4945    i.GUI_Setstring1616  gui.o
    0x08002c06   0x08002c06   0x0000002c   Code   RO         4946    i.GUI_Setstring2424  gui.o
    0x08002c32   0x08002c32   0x00000002   PAD
    0x08002c34   0x08002c34   0x00000024   Code   RO         4059    i.GetAdcVal         bsp_adc.o
    0x08002c58   0x08002c58   0x0000000c   Code   RO         4883    i.GetChgState       task_status.o
    0x08002c64   0x08002c64   0x0000001c   Code   RO         5084    i.GetDoseUnit       display.o
    0x08002c80   0x08002c80   0x00000058   Code   RO         4107    i.Get_RTC_Time      bsp_rtc.o
    0x08002cd8   0x08002cd8   0x0000001c   Code   RO         4061    i.Gpio_Init         bsp_adc.o
    0x08002cf4   0x08002cf4   0x00000032   Code   RO         4671    i.HMI_start         task_gui.o
    0x08002d26   0x08002d26   0x00000078   Code   RO         4947    i.HZ16_to_index     gui.o
    0x08002d9e   0x08002d9e   0x00000222   Code   RO         4948    i.HZ24_to_index     gui.o
    0x08002fc0   0x08002fc0   0x00000004   Code   RO         4371    i.HardFault_Handler  gd32f10x_it.o
    0x08002fc4   0x08002fc4   0x00000030   Code   RO         4281    i.LCD_FillData      bsp_lcd.o
    0x08002ff4   0x08002ff4   0x000001b6   Code   RO         4282    i.LCD_Init          bsp_lcd.o
    0x080031aa   0x080031aa   0x0000003a   Code   RO         4283    i.LCD_clear         bsp_lcd.o
    0x080031e4   0x080031e4   0x00000016   Code   RO         4284    i.LCD_delay         bsp_lcd.o
    0x080031fa   0x080031fa   0x00000002   PAD
    0x080031fc   0x080031fc   0x00000030   Code   RO         4285    i.LCD_reset         bsp_lcd.o
    0x0800322c   0x0800322c   0x00000048   Code   RO         4286    i.LCD_set_window    bsp_lcd.o
    0x08003274   0x08003274   0x00000034   Code   RO         4287    i.LCD_write         bsp_lcd.o
    0x080032a8   0x080032a8   0x00000048   Code   RO         3874    i.LED_SetState      bsp_gpio.o
    0x080032f0   0x080032f0   0x00000064   Code   RO         4884    i.LedStateProcess   task_status.o
    0x08003354   0x08003354   0x00000004   Code   RO         4372    i.MemManage_Handler  gd32f10x_it.o
    0x08003358   0x08003358   0x00000002   Code   RO         4373    i.NMI_Handler       gd32f10x_it.o
    0x0800335a   0x0800335a   0x00000002   PAD
    0x0800335c   0x0800335c   0x00000028   Code   RO         4621    i.NVIC_SetPriority  sys_config.o
    0x08003384   0x08003384   0x00000010   Code   RO         3875    i.PWR_shutdown      bsp_gpio.o
    0x08003394   0x08003394   0x00000030   Code   RO         4108    i.RTC_Ack           bsp_rtc.o
    0x080033c4   0x080033c4   0x0000000a   Code   RO         4109    i.RTC_Delay         bsp_rtc.o
    0x080033ce   0x080033ce   0x00000002   PAD
    0x080033d0   0x080033d0   0x00000028   Code   RO         4110    i.RTC_NAck          bsp_rtc.o
    0x080033f8   0x080033f8   0x00000064   Code   RO         4111    i.RTC_Read          bsp_rtc.o
    0x0800345c   0x0800345c   0x00000044   Code   RO         4112    i.RTC_ReadByte      bsp_rtc.o
    0x080034a0   0x080034a0   0x00000054   Code   RO         4113    i.RTC_SendByte      bsp_rtc.o
    0x080034f4   0x080034f4   0x00000030   Code   RO         4114    i.RTC_Start         bsp_rtc.o
    0x08003524   0x08003524   0x00000024   Code   RO         4115    i.RTC_Stop          bsp_rtc.o
    0x08003548   0x08003548   0x0000003c   Code   RO         4116    i.RTC_WaitAck       bsp_rtc.o
    0x08003584   0x08003584   0x0000004e   Code   RO         4117    i.RTC_Write         bsp_rtc.o
    0x080035d2   0x080035d2   0x00000002   PAD
    0x080035d4   0x080035d4   0x000000c4   Code   RO         4454    i.SYS_Param_Init    main.o
    0x08003698   0x08003698   0x00000010   Code   RO         4201    i.SetLcdBacklight   bsp_pwm.o
    0x080036a8   0x080036a8   0x00000008   Code   RO         4374    i.SysTick_Handler   gd32f10x_it.o
    0x080036b0   0x080036b0   0x000000d4   Code   RO            3    i.SystemInit        system_gd32f10x.o
    0x08003784   0x08003784   0x000000a4   Code   RO         3991    i.TIM0_Init         bsp_timer.o
    0x08003828   0x08003828   0x000000ac   Code   RO         3992    i.TIM1_Init         bsp_timer.o
    0x080038d4   0x080038d4   0x00000064   Code   RO         3993    i.TIM5_Init         bsp_timer.o
    0x08003938   0x08003938   0x00000028   Code   RO         3994    i.TIMER0_UP_IRQHandler  bsp_timer.o
    0x08003960   0x08003960   0x00000024   Code   RO         3995    i.TIMER1_IRQHandler  bsp_timer.o
    0x08003984   0x08003984   0x00000074   Code   RO         3996    i.TIMER5_IRQHandler  bsp_timer.o
    0x080039f8   0x080039f8   0x000000f0   Code   RO         4672    i.Task_HMI          task_gui.o
    0x08003ae8   0x08003ae8   0x00000090   Code   RO         4885    i.Task_bat          task_status.o
    0x08003b78   0x08003b78   0x0000007c   Code   RO         4886    i.Task_status       task_status.o
    0x08003bf4   0x08003bf4   0x0000000c   Code   RO         3997    i.TimerGetCnt       bsp_timer.o
    0x08003c00   0x08003c00   0x00000010   Code   RO         4375    i.UART3_IRQHandler  gd32f10x_it.o
    0x08003c10   0x08003c10   0x000000dc   Code   RO         3929    i.UART_IRQn         bsp_uart.o
    0x08003cec   0x08003cec   0x00000010   Code   RO         4376    i.USART0_IRQHandler  gd32f10x_it.o
    0x08003cfc   0x08003cfc   0x00000010   Code   RO         4377    i.USART1_IRQHandler  gd32f10x_it.o
    0x08003d0c   0x08003d0c   0x00000010   Code   RO         4378    i.USART2_IRQHandler  gd32f10x_it.o
    0x08003d1c   0x08003d1c   0x00000004   Code   RO         4379    i.UsageFault_Handler  gd32f10x_it.o
    0x08003d20   0x08003d20   0x00000028   Code   RO         5342    i.__ARM_fpclassify  m_ws.l(fpclassify.o)
    0x08003d48   0x08003d48   0x0000000e   Code   RO         5176    i._is_digit         c_w.l(__printf_wp.o)
    0x08003d56   0x08003d56   0x0000002a   Code   RO          140    i.adc_calibration_enable  gd32f10x_adc.o
    0x08003d80   0x08003d80   0x00000046   Code   RO          141    i.adc_channel_length_config  gd32f10x_adc.o
    0x08003dc6   0x08003dc6   0x00000016   Code   RO          142    i.adc_data_alignment_config  gd32f10x_adc.o
    0x08003ddc   0x08003ddc   0x00000058   Code   RO          143    i.adc_deinit        gd32f10x_adc.o
    0x08003e34   0x08003e34   0x00000012   Code   RO          148    i.adc_enable        gd32f10x_adc.o
    0x08003e46   0x08003e46   0x0000003e   Code   RO          149    i.adc_external_trigger_config  gd32f10x_adc.o
    0x08003e84   0x08003e84   0x00000030   Code   RO          150    i.adc_external_trigger_source_config  gd32f10x_adc.o
    0x08003eb4   0x08003eb4   0x0000000e   Code   RO          152    i.adc_flag_get      gd32f10x_adc.o
    0x08003ec2   0x08003ec2   0x00000002   PAD
    0x08003ec4   0x08003ec4   0x0000001c   Code   RO          161    i.adc_mode_config   gd32f10x_adc.o
    0x08003ee0   0x08003ee0   0x000000ac   Code   RO          162    i.adc_regular_channel_config  gd32f10x_adc.o
    0x08003f8c   0x08003f8c   0x00000008   Code   RO          163    i.adc_regular_data_read  gd32f10x_adc.o
    0x08003f94   0x08003f94   0x0000001e   Code   RO          165    i.adc_software_trigger_enable  gd32f10x_adc.o
    0x08003fb2   0x08003fb2   0x0000005a   Code   RO          166    i.adc_special_function_config  gd32f10x_adc.o
    0x0800400c   0x0800400c   0x00000034   Code   RO         4231    i.bsp_GetKey        bsp_key.o
    0x08004040   0x08004040   0x00000088   Code   RO         4232    i.bsp_KeyScan       bsp_key.o
    0x080040c8   0x080040c8   0x00000020   Code   RO         4233    i.bsp_PutKey        bsp_key.o
    0x080040e8   0x080040e8   0x00000018   Code   RO         4529    i.delay_ms          sys.o
    0x08004100   0x08004100   0x00000018   Code   RO         4530    i.delay_us          sys.o
    0x08004118   0x08004118   0x00000084   Code   RO         5085    i.display_time      display.o
    0x0800419c   0x0800419c   0x000000ac   Code   RO         1658    i.gpio_init         gd32f10x_gpio.o
    0x08004248   0x08004248   0x00000010   Code   RO         1659    i.gpio_input_bit_get  gd32f10x_gpio.o
    0x08004258   0x08004258   0x00000060   Code   RO         4289    i.lcd_gpio_init     bsp_lcd.o
    0x080042b8   0x080042b8   0x00000040   Code   RO         4290    i.lcd_spi_init      bsp_lcd.o
    0x080042f8   0x080042f8   0x000000d4   Code   RO         4455    i.main              main.o
    0x080043cc   0x080043cc   0x000000c8   Code   RO         4673    i.menu1             task_gui.o
    0x08004494   0x08004494   0x00000094   Code   RO         4674    i.menu11            task_gui.o
    0x08004528   0x08004528   0x0000029c   Code   RO         4675    i.menu111           task_gui.o
    0x080047c4   0x080047c4   0x00000094   Code   RO         4676    i.menu12            task_gui.o
    0x08004858   0x08004858   0x000002bc   Code   RO         4677    i.menu121           task_gui.o
    0x08004b14   0x08004b14   0x000000c8   Code   RO         4678    i.menu2             task_gui.o
    0x08004bdc   0x08004bdc   0x00000064   Code   RO         4679    i.menu21            task_gui.o
    0x08004c40   0x08004c40   0x000000f0   Code   RO         4680    i.menu211           task_gui.o
    0x08004d30   0x08004d30   0x000000c8   Code   RO         4681    i.menu3             task_gui.o
    0x08004df8   0x08004df8   0x000000a0   Code   RO         4682    i.menu31            task_gui.o
    0x08004e98   0x08004e98   0x0000012c   Code   RO         4683    i.menu311           task_gui.o
    0x08004fc4   0x08004fc4   0x000000a0   Code   RO         4684    i.menu32            task_gui.o
    0x08005064   0x08005064   0x00000134   Code   RO         4685    i.menu321           task_gui.o
    0x08005198   0x08005198   0x000000c8   Code   RO         4686    i.menu4             task_gui.o
    0x08005260   0x08005260   0x000000d0   Code   RO         4687    i.menu41            task_gui.o
    0x08005330   0x08005330   0x000000b4   Code   RO         4688    i.menu_main1        task_gui.o
    0x080053e4   0x080053e4   0x00000002   Code   RO         4689    i.menu_main2        task_gui.o
    0x080053e6   0x080053e6   0x00000002   Code   RO         4690    i.menu_main3        task_gui.o
    0x080053e8   0x080053e8   0x0000004e   Code   RO         4691    i.menu_shutdown     task_gui.o
    0x08005436   0x08005436   0x00000002   PAD
    0x08005438   0x08005438   0x000000ac   Code   RO         1966    i.nvic_irq_enable   gd32f10x_misc.o
    0x080054e4   0x080054e4   0x00000014   Code   RO         1967    i.nvic_priority_group_set  gd32f10x_misc.o
    0x080054f8   0x080054f8   0x00000018   Code   RO         1968    i.nvic_vector_table_set  gd32f10x_misc.o
    0x08005510   0x08005510   0x00000048   Code   RO         2108    i.rcu_adc_clock_config  gd32f10x_rcu.o
    0x08005558   0x08005558   0x00000124   Code   RO         2116    i.rcu_clock_freq_get  gd32f10x_rcu.o
    0x0800567c   0x0800567c   0x00000020   Code   RO         2133    i.rcu_periph_clock_enable  gd32f10x_rcu.o
    0x0800569c   0x0800569c   0x00000020   Code   RO         2136    i.rcu_periph_reset_disable  gd32f10x_rcu.o
    0x080056bc   0x080056bc   0x00000020   Code   RO         2137    i.rcu_periph_reset_enable  gd32f10x_rcu.o
    0x080056dc   0x080056dc   0x00000078   Code   RO         3691    i.read_eeprom       bsp_eeprom.o
    0x08005754   0x08005754   0x00000054   Code   RO         4623    i.setSystemTick     sys_config.o
    0x080057a8   0x080057a8   0x0000000a   Code   RO         2747    i.spi_enable        gd32f10x_spi.o
    0x080057b2   0x080057b2   0x00000008   Code   RO         2749    i.spi_i2s_data_receive  gd32f10x_spi.o
    0x080057ba   0x080057ba   0x00000004   Code   RO         2750    i.spi_i2s_data_transmit  gd32f10x_spi.o
    0x080057be   0x080057be   0x00000010   Code   RO         2752    i.spi_i2s_flag_get  gd32f10x_spi.o
    0x080057ce   0x080057ce   0x00000032   Code   RO         2756    i.spi_init          gd32f10x_spi.o
    0x08005800   0x08005800   0x00000038   Code   RO         4291    i.spi_send_byte     bsp_lcd.o
    0x08005838   0x08005838   0x000000c4   Code   RO            4    i.system_clock_108m_hxtal  system_gd32f10x.o
    0x080058fc   0x080058fc   0x00000008   Code   RO            5    i.system_clock_config  system_gd32f10x.o
    0x08005904   0x08005904   0x00000010   Code   RO         4625    i.taskTicksInc      sys_config.o
    0x08005914   0x08005914   0x0000000a   Code   RO         2927    i.timer_auto_reload_shadow_enable  gd32f10x_timer.o
    0x0800591e   0x0800591e   0x00000002   PAD
    0x08005920   0x08005920   0x000001ec   Code   RO         2944    i.timer_channel_output_config  gd32f10x_timer.o
    0x08005b0c   0x08005b0c   0x0000005a   Code   RO         2946    i.timer_channel_output_mode_config  gd32f10x_timer.o
    0x08005b66   0x08005b66   0x00000026   Code   RO         2948    i.timer_channel_output_pulse_value_config  gd32f10x_timer.o
    0x08005b8c   0x08005b8c   0x0000005a   Code   RO         2949    i.timer_channel_output_shadow_config  gd32f10x_timer.o
    0x08005be6   0x08005be6   0x00000004   Code   RO         2956    i.timer_counter_value_config  gd32f10x_timer.o
    0x08005bea   0x08005bea   0x00000002   PAD
    0x08005bec   0x08005bec   0x000000dc   Code   RO         2957    i.timer_deinit      gd32f10x_timer.o
    0x08005cc8   0x08005cc8   0x0000000a   Code   RO         2962    i.timer_enable      gd32f10x_timer.o
    0x08005cd2   0x08005cd2   0x00000020   Code   RO         2965    i.timer_external_clock_mode1_config  gd32f10x_timer.o
    0x08005cf2   0x08005cf2   0x0000001e   Code   RO         2968    i.timer_external_trigger_config  gd32f10x_timer.o
    0x08005d10   0x08005d10   0x00000006   Code   RO         2969    i.timer_flag_clear  gd32f10x_timer.o
    0x08005d16   0x08005d16   0x00000002   PAD
    0x08005d18   0x08005d18   0x000000e0   Code   RO         2972    i.timer_init        gd32f10x_timer.o
    0x08005df8   0x08005df8   0x00000010   Code   RO         2975    i.timer_input_trigger_source_select  gd32f10x_timer.o
    0x08005e08   0x08005e08   0x00000008   Code   RO         2979    i.timer_interrupt_enable  gd32f10x_timer.o
    0x08005e10   0x08005e10   0x00000006   Code   RO         2980    i.timer_interrupt_flag_clear  gd32f10x_timer.o
    0x08005e16   0x08005e16   0x00000018   Code   RO         2981    i.timer_interrupt_flag_get  gd32f10x_timer.o
    0x08005e2e   0x08005e2e   0x0000001a   Code   RO         2983    i.timer_master_slave_mode_config  gd32f10x_timer.o
    0x08005e48   0x08005e48   0x00000010   Code   RO         2990    i.timer_slave_mode_select  gd32f10x_timer.o
    0x08005e58   0x08005e58   0x000000c4   Code   RO         3932    i.uart_var_init     bsp_uart.o
    0x08005f1c   0x08005f1c   0x00000090   Code   RO         3355    i.usart_baudrate_set  gd32f10x_usart.o
    0x08005fac   0x08005fac   0x0000000a   Code   RO         3356    i.usart_data_receive  gd32f10x_usart.o
    0x08005fb6   0x08005fb6   0x00000008   Code   RO         3357    i.usart_data_transmit  gd32f10x_usart.o
    0x08005fbe   0x08005fbe   0x00000002   PAD
    0x08005fc0   0x08005fc0   0x00000090   Code   RO         3358    i.usart_deinit      gd32f10x_usart.o
    0x08006050   0x08006050   0x0000000a   Code   RO         3362    i.usart_enable      gd32f10x_usart.o
    0x0800605a   0x0800605a   0x00000014   Code   RO         3368    i.usart_hardware_flow_cts_config  gd32f10x_usart.o
    0x0800606e   0x0800606e   0x00000014   Code   RO         3369    i.usart_hardware_flow_rts_config  gd32f10x_usart.o
    0x08006082   0x08006082   0x0000001a   Code   RO         3370    i.usart_interrupt_disable  gd32f10x_usart.o
    0x0800609c   0x0800609c   0x0000001a   Code   RO         3371    i.usart_interrupt_enable  gd32f10x_usart.o
    0x080060b6   0x080060b6   0x00000012   Code   RO         3372    i.usart_interrupt_flag_clear  gd32f10x_usart.o
    0x080060c8   0x080060c8   0x00000038   Code   RO         3373    i.usart_interrupt_flag_get  gd32f10x_usart.o
    0x08006100   0x08006100   0x00000010   Code   RO         3383    i.usart_parity_config  gd32f10x_usart.o
    0x08006110   0x08006110   0x00000010   Code   RO         3385    i.usart_receive_config  gd32f10x_usart.o
    0x08006120   0x08006120   0x00000010   Code   RO         3391    i.usart_stop_bit_set  gd32f10x_usart.o
    0x08006130   0x08006130   0x00000010   Code   RO         3395    i.usart_transmit_config  gd32f10x_usart.o
    0x08006140   0x08006140   0x00000010   Code   RO         3396    i.usart_word_length_set  gd32f10x_usart.o
    0x08006150   0x08006150   0x00000088   Code   RO         3693    i.write_eeprom      bsp_eeprom.o
    0x080061d8   0x080061d8   0x0000002c   Code   RO         5336    locale$$code        c_w.l(lc_numeric_c.o)
    0x08006204   0x08006204   0x00000150   Code   RO         5203    x$fpl$dadd          fz_ws.l(daddsub_clz.o)
    0x08006354   0x08006354   0x000002b0   Code   RO         5210    x$fpl$ddiv          fz_ws.l(ddiv.o)
    0x08006604   0x08006604   0x0000005a   Code   RO         5213    x$fpl$dfixu         fz_ws.l(dfixu.o)
    0x0800665e   0x0800665e   0x0000009c   Code   RO         5273    x$fpl$dnaninf       fz_ws.l(dnaninf.o)
    0x080066fa   0x080066fa   0x0000000c   Code   RO         5275    x$fpl$dretinf       fz_ws.l(dretinf.o)
    0x08006706   0x08006706   0x00000002   PAD
    0x08006708   0x08006708   0x000001d4   Code   RO         5205    x$fpl$dsub          fz_ws.l(daddsub_clz.o)
    0x080068dc   0x080068dc   0x00000056   Code   RO         5227    x$fpl$f2d           fz_ws.l(f2d.o)
    0x08006932   0x08006932   0x00000018   Code   RO         5277    x$fpl$fcmpinf       fz_ws.l(fcmpi.o)
    0x0800694a   0x0800694a   0x00000002   PAD
    0x0800694c   0x0800694c   0x00000184   Code   RO         5236    x$fpl$fdiv          fz_ws.l(fdiv.o)
    0x08006ad0   0x08006ad0   0x0000003e   Code   RO         5239    x$fpl$ffixu         fz_ws.l(ffixu.o)
    0x08006b0e   0x08006b0e   0x00000002   PAD
    0x08006b10   0x08006b10   0x00000026   Code   RO         5243    x$fpl$ffltu         fz_ws.l(fflt_clz.o)
    0x08006b36   0x08006b36   0x00000002   PAD
    0x08006b38   0x08006b38   0x00000068   Code   RO         5249    x$fpl$fleqf         fz_ws.l(fleqf.o)
    0x08006ba0   0x08006ba0   0x00000102   Code   RO         5251    x$fpl$fmul          fz_ws.l(fmul.o)
    0x08006ca2   0x08006ca2   0x0000008c   Code   RO         5279    x$fpl$fnaninf       fz_ws.l(fnaninf.o)
    0x08006d2e   0x08006d2e   0x0000000a   Code   RO         5281    x$fpl$fretinf       fz_ws.l(fretinf.o)
    0x08006d38   0x08006d38   0x00000062   Code   RO         5253    x$fpl$frleqf        fz_ws.l(frleqf.o)
    0x08006d9a   0x08006d9a   0x00000004   Code   RO         5255    x$fpl$printf1       fz_ws.l(printf1.o)
    0x08006d9e   0x08006d9e   0x00000000   Code   RO         5283    x$fpl$usenofp       fz_ws.l(usenofp.o)
    0x08006d9e   0x08006d9e   0x00000014   Data   RO         4887    .constdata          task_status.o
    0x08006db2   0x08006db2   0x00004130   Data   RO         4950    .constdata          gui.o
    0x0800aee2   0x0800aee2   0x00000011   Data   RO         5179    .constdata          c_w.l(__printf_flags_wp.o)
    0x0800aef3   0x0800aef3   0x00000001   PAD
    0x0800aef4   0x0800aef4   0x00000094   Data   RO         5311    .constdata          c_w.l(bigflt0.o)
    0x0800af88   0x0800af88   0x00000020   Data   RO         5485    Region$$Table       anon$$obj.o
    0x0800afa8   0x0800afa8   0x0000001c   Data   RO         5335    locale$$data        c_w.l(lc_numeric_c.o)


    Execution Region RW_IRAM1 (Exec base: 0x20000000, Load base: 0x0800afc4, Size: 0x00003158, Max: 0x0000c000, ABSOLUTE, COMPRESSED[0x00000118])

    Exec Addr    Load Addr    Size         Type   Attr      Idx    E Section Name        Object

    0x20000000   COMPRESSED   0x00000004   Data   RW            6    .data               system_gd32f10x.o
    0x20000004   COMPRESSED   0x0000000c   Data   RW         3998    .data               bsp_timer.o
    0x20000010   COMPRESSED   0x00000028   Data   RW         4235    .data               bsp_key.o
    0x20000038   COMPRESSED   0x0000003c   Data   RW         4457    .data               main.o
    0x20000074   COMPRESSED   0x00000004   Data   RW         4626    .data               sys_config.o
    0x20000078   COMPRESSED   0x00000146   Data   RW         4692    .data               task_gui.o
    0x200001be   COMPRESSED   0x00000002   PAD
    0x200001c0   COMPRESSED   0x00000024   Data   RW         4828    .data               task_dose.o
    0x200001e4   COMPRESSED   0x0000000f   Data   RW         4888    .data               task_status.o
    0x200001f3   COMPRESSED   0x00000001   PAD
    0x200001f4        -       0x00001070   Zero   RW         3933    .bss                bsp_uart.o
    0x20001264        -       0x0000000c   Zero   RW         4234    .bss                bsp_key.o
    0x20001270        -       0x000001c4   Zero   RW         4827    .bss                task_dose.o
    0x20001434        -       0x000012c0   Zero   RW         4949    .bss                gui.o
    0x200026f4        -       0x00000060   Zero   RW         5345    .bss                c_w.l(libspace.o)
    0x20002754   COMPRESSED   0x00000004   PAD
    0x20002758        -       0x00000400   Zero   RW          132    HEAP                startup_gd32f10x_hd.o
    0x20002b58        -       0x00000600   Zero   RW          131    STACK               startup_gd32f10x_hd.o


==============================================================================

Image component sizes


      Code (inc. data)   RO Data    RW Data    ZI Data      Debug   Object Name

       328         36          0          0          0       2135   bsp_adc.o
       730         40          0          0          0      25068   bsp_eeprom.o
       536         50          0          0          0       3069   bsp_gpio.o
       300         24          0         40         12       3080   bsp_key.o
       954         30          0          0          0       5966   bsp_lcd.o
       192         12          0          0          0       1009   bsp_pwm.o
       724         36          0          0          0       6361   bsp_rtc.o
       656         66          0         12          0       3827   bsp_timer.o
       756        100          0          0       4208       3629   bsp_uart.o
      2032        226          0          0          0       7294   display.o
       692         10          0          0          0       7292   gd32f10x_adc.o
       188          0          0          0          0       1349   gd32f10x_gpio.o
        92         24          0          0          0       4450   gd32f10x_it.o
       216         28          0          0          0       1732   gd32f10x_misc.o
       460         56          0          0          0       3019   gd32f10x_rcu.o
        88          0          0          0          0       3178   gd32f10x_spi.o
      1342         72          0          0          0      10885   gd32f10x_timer.o
       562         16          0          0          0       8673   gd32f10x_usart.o
      2330         84      16688          0       4800      14846   gui.o
       454         44          0         60          0       3125   main.o
        64         26        304          0       2560        820   startup_gd32f10x_hd.o
        68          0          0          0          0       1354   sys.o
       140         16          0          4          0      23504   sys_config.o
       416         30          0          4          0      44123   system_gd32f10x.o
         0          0          0         36        452       1342   task_dose.o
      4492        924          0        326          0      11991   task_gui.o
       616         76         20         15          0       4023   task_status.o

    ----------------------------------------------------------------------
     19458       2026      17044        500      12032     207144   Object Totals
         0          0         32          0          0          0   (incl. Generated)
        30          0          0          3          0          0   (incl. Padding)

    ----------------------------------------------------------------------

      Code (inc. data)   RO Data    RW Data    ZI Data      Debug   Library Member Name

        90          0          0          0          0          0   __dczerorl2.o
         8          0          0          0          0         68   __main.o
       312          4         17          0          0         92   __printf_flags_wp.o
        14          0          0          0          0         68   __printf_wp.o
         0          0          0          0          0          0   __rtentry.o
        12          0          0          0          0          0   __rtentry2.o
         6          0          0          0          0          0   __rtentry4.o
        52          8          0          0          0          0   __scatter.o
        28          0          0          0          0          0   __scatter_zi.o
        48          6          0          0          0         96   _printf_char_common.o
         6          0          0          0          0          0   _printf_d.o
       120         16          0          0          0         92   _printf_dec.o
         6          0          0          0          0          0   _printf_f.o
      1054          0          0          0          0        216   _printf_fp_dec.o
       128         16          0          0          0         84   _printf_fp_infnan.o
       178          0          0          0          0         88   _printf_intcommon.o
        78          0          0          0          0        108   _printf_pad.o
         0          0          0          0          0          0   _printf_percent.o
         4          0          0          0          0          0   _printf_percent_end.o
        10          0          0          0          0         68   _sputc.o
       228          4        148          0          0         96   bigflt0.o
      1936        128          0          0          0        672   btod.o
        18          0          0          0          0         80   exit.o
         6          0          0          0          0        152   heapauxi.o
         0          0          0          0          0          0   indicate_semi.o
        44         10         28          0          0         76   lc_numeric_c.o
         2          0          0          0          0          0   libinit.o
        18          0          0          0          0          0   libinit2.o
         2          0          0          0          0          0   libshutdown.o
         2          0          0          0          0          0   libshutdown2.o
         8          4          0          0         96         68   libspace.o
       138          0          0          0          0         80   lludiv10.o
        40          6          0          0          0         84   noretval__2sprintf.o
         8          4          0          0          0         68   rt_locale_intlibspace.o
        68          0          0          0          0         68   rt_memclr.o
        78          0          0          0          0         80   rt_memclr_w.o
       138          0          0          0          0         68   rt_memcpy_v6.o
       100          0          0          0          0         80   rt_memcpy_w.o
         2          0          0          0          0          0   rtexit.o
        10          0          0          0          0          0   rtexit2.o
       128          0          0          0          0         68   strcmpv7m.o
        62          0          0          0          0         76   strlen.o
        12          4          0          0          0         68   sys_exit.o
        74          0          0          0          0         80   sys_stackheap_outer.o
         2          0          0          0          0         68   use_no_semi.o
       804         16          0          0          0        272   daddsub_clz.o
       688        140          0          0          0        208   ddiv.o
        90          4          0          0          0         92   dfixu.o
       156          4          0          0          0         92   dnaninf.o
        12          0          0          0          0         68   dretinf.o
        86          4          0          0          0         84   f2d.o
        24          0          0          0          0         68   fcmpi.o
       388         76          0          0          0         96   fdiv.o
        62          4          0          0          0         84   ffixu.o
        38          0          0          0          0         68   fflt_clz.o
       104          4          0          0          0         84   fleqf.o
       258          4          0          0          0         84   fmul.o
       140          4          0          0          0         84   fnaninf.o
        10          0          0          0          0         68   fretinf.o
        98          0          0          0          0         68   frleqf.o
         4          0          0          0          0         68   printf1.o
         0          0          0          0          0          0   usenofp.o
        40          0          0          0          0         68   fpclassify.o

    ----------------------------------------------------------------------
      8300        470        194          0        100       4668   Library Totals
        20          0          1          0          4          0   (incl. Padding)

    ----------------------------------------------------------------------

      Code (inc. data)   RO Data    RW Data    ZI Data      Debug   Library Name

      5278        210        193          0         96       3012   c_w.l
      2962        260          0          0          0       1588   fz_ws.l
        40          0          0          0          0         68   m_ws.l

    ----------------------------------------------------------------------
      8300        470        194          0        100       4668   Library Totals

    ----------------------------------------------------------------------

==============================================================================


      Code (inc. data)   RO Data    RW Data    ZI Data      Debug   

     27758       2496      17238        500      12132     198808   Grand Totals
     27758       2496      17238        280      12132     198808   ELF Image Totals (compressed)
     27758       2496      17238        280          0          0   ROM Totals

==============================================================================

    Total RO  Size (Code + RO Data)                44996 (  43.94kB)
    Total RW  Size (RW Data + ZI Data)             12632 (  12.34kB)
    Total ROM Size (Code + RO Data + RW Data)      45276 (  44.21kB)

==============================================================================

