Component: ARM Compiler 5.06 update 7 (build 960) Tool: armlink [4d3601]

==============================================================================

Section Cross References

    system_gd32f10x.o(i.SystemInit) refers to system_gd32f10x.o(i.system_clock_config) for system_clock_config
    system_gd32f10x.o(i.SystemInit) refers to gd32f10x_misc.o(i.nvic_vector_table_set) for nvic_vector_table_set
    system_gd32f10x.o(i.system_clock_config) refers to system_gd32f10x.o(i.system_clock_108m_hxtal) for system_clock_108m_hxtal
    startup_gd32f10x_hd.o(STACK) refers (Special) to heapauxi.o(.text) for __use_two_region_memory
    startup_gd32f10x_hd.o(HEAP) refers (Special) to heapauxi.o(.text) for __use_two_region_memory
    startup_gd32f10x_hd.o(RESET) refers (Special) to heapauxi.o(.text) for __use_two_region_memory
    startup_gd32f10x_hd.o(RESET) refers to startup_gd32f10x_hd.o(STACK) for __initial_sp
    startup_gd32f10x_hd.o(RESET) refers to startup_gd32f10x_hd.o(.text) for Reset_Handler
    startup_gd32f10x_hd.o(RESET) refers to gd32f10x_it.o(i.NMI_Handler) for NMI_Handler
    startup_gd32f10x_hd.o(RESET) refers to gd32f10x_it.o(i.HardFault_Handler) for HardFault_Handler
    startup_gd32f10x_hd.o(RESET) refers to gd32f10x_it.o(i.MemManage_Handler) for MemManage_Handler
    startup_gd32f10x_hd.o(RESET) refers to gd32f10x_it.o(i.BusFault_Handler) for BusFault_Handler
    startup_gd32f10x_hd.o(RESET) refers to gd32f10x_it.o(i.UsageFault_Handler) for UsageFault_Handler
    startup_gd32f10x_hd.o(RESET) refers to gd32f10x_it.o(i.DebugMon_Handler) for DebugMon_Handler
    startup_gd32f10x_hd.o(RESET) refers to gd32f10x_it.o(i.SysTick_Handler) for SysTick_Handler
    startup_gd32f10x_hd.o(RESET) refers to bsp_timer.o(i.TIMER0_UP_IRQHandler) for TIMER0_UP_IRQHandler
    startup_gd32f10x_hd.o(RESET) refers to bsp_timer.o(i.TIMER1_IRQHandler) for TIMER1_IRQHandler
    startup_gd32f10x_hd.o(RESET) refers to gd32f10x_it.o(i.USART0_IRQHandler) for USART0_IRQHandler
    startup_gd32f10x_hd.o(RESET) refers to gd32f10x_it.o(i.USART1_IRQHandler) for USART1_IRQHandler
    startup_gd32f10x_hd.o(RESET) refers to gd32f10x_it.o(i.USART2_IRQHandler) for USART2_IRQHandler
    startup_gd32f10x_hd.o(RESET) refers to gd32f10x_it.o(i.UART3_IRQHandler) for UART3_IRQHandler
    startup_gd32f10x_hd.o(RESET) refers to bsp_timer.o(i.TIMER5_IRQHandler) for TIMER5_IRQHandler
    startup_gd32f10x_hd.o(.text) refers (Special) to heapauxi.o(.text) for __use_two_region_memory
    startup_gd32f10x_hd.o(.text) refers to system_gd32f10x.o(i.SystemInit) for SystemInit
    startup_gd32f10x_hd.o(.text) refers to __main.o(!!!main) for __main
    startup_gd32f10x_hd.o(.text) refers to startup_gd32f10x_hd.o(HEAP) for Heap_Mem
    startup_gd32f10x_hd.o(.text) refers to startup_gd32f10x_hd.o(STACK) for Stack_Mem
    gd32f10x_adc.o(i.adc_deinit) refers to gd32f10x_rcu.o(i.rcu_periph_reset_enable) for rcu_periph_reset_enable
    gd32f10x_adc.o(i.adc_deinit) refers to gd32f10x_rcu.o(i.rcu_periph_reset_disable) for rcu_periph_reset_disable
    gd32f10x_bkp.o(i.bkp_deinit) refers to gd32f10x_rcu.o(i.rcu_bkp_reset_enable) for rcu_bkp_reset_enable
    gd32f10x_bkp.o(i.bkp_deinit) refers to gd32f10x_rcu.o(i.rcu_bkp_reset_disable) for rcu_bkp_reset_disable
    gd32f10x_can.o(i.can_debug_freeze_disable) refers to gd32f10x_dbg.o(i.dbg_periph_enable) for dbg_periph_enable
    gd32f10x_can.o(i.can_debug_freeze_enable) refers to gd32f10x_dbg.o(i.dbg_periph_enable) for dbg_periph_enable
    gd32f10x_can.o(i.can_deinit) refers to gd32f10x_rcu.o(i.rcu_periph_reset_enable) for rcu_periph_reset_enable
    gd32f10x_can.o(i.can_deinit) refers to gd32f10x_rcu.o(i.rcu_periph_reset_disable) for rcu_periph_reset_disable
    gd32f10x_can.o(i.can_interrupt_flag_get) refers to gd32f10x_can.o(i.can_receive_message_length_get) for can_receive_message_length_get
    gd32f10x_can.o(i.can_interrupt_flag_get) refers to gd32f10x_can.o(i.can_error_get) for can_error_get
    gd32f10x_dac.o(i.dac_deinit) refers to gd32f10x_rcu.o(i.rcu_periph_reset_enable) for rcu_periph_reset_enable
    gd32f10x_dac.o(i.dac_deinit) refers to gd32f10x_rcu.o(i.rcu_periph_reset_disable) for rcu_periph_reset_disable
    gd32f10x_dma.o(i.dma_channel_disable) refers to gd32f10x_dma.o(i.dma_periph_and_channel_check) for dma_periph_and_channel_check
    gd32f10x_dma.o(i.dma_channel_enable) refers to gd32f10x_dma.o(i.dma_periph_and_channel_check) for dma_periph_and_channel_check
    gd32f10x_dma.o(i.dma_circulation_disable) refers to gd32f10x_dma.o(i.dma_periph_and_channel_check) for dma_periph_and_channel_check
    gd32f10x_dma.o(i.dma_circulation_enable) refers to gd32f10x_dma.o(i.dma_periph_and_channel_check) for dma_periph_and_channel_check
    gd32f10x_dma.o(i.dma_deinit) refers to gd32f10x_dma.o(i.dma_periph_and_channel_check) for dma_periph_and_channel_check
    gd32f10x_dma.o(i.dma_init) refers to gd32f10x_dma.o(i.dma_periph_and_channel_check) for dma_periph_and_channel_check
[...]
    GUI_SetString2412                        0x080041cd   Thumb Code    52  gui.o(i.GUI_SetString2412)
    GUI_SetString2424                        0x08004201   Thumb Code    82  gui.o(i.GUI_SetString2424)
    GUI_SetString3216                        0x08004253   Thumb Code    52  gui.o(i.GUI_SetString3216)
    GUI_SetString4824                        0x08004287   Thumb Code    52  gui.o(i.GUI_SetString4824)
    GetAdcVal                                0x080042bd   Thumb Code    32  bsp_adc.o(i.GetAdcVal)
    GetChgState                              0x080042e1   Thumb Code     6  task_status.o(i.GetChgState)
    GetDoseUnit                              0x080042ed   Thumb Code    22  display.o(i.GetDoseUnit)
    Get_BatValueSOC                          0x08004309   Thumb Code   286  bsp_adc.o(i.Get_BatValueSOC)
    Get_RTC_Time                             0x0800443d   Thumb Code    88  bsp_rtc.o(i.Get_RTC_Time)
    HMI_start                                0x080044b1   Thumb Code    52  task_gui.o(i.HMI_start)
    HZ16_to_index                            0x080044e5   Thumb Code   872  gui.o(i.HZ16_to_index)
    HZ24_to_index                            0x0800484d   Thumb Code   666  gui.o(i.HZ24_to_index)
    HardFault_Handler                        0x08004ae7   Thumb Code     4  gd32f10x_it.o(i.HardFault_Handler)
    IntDoseCalc                              0x08004aed   Thumb Code   208  task_dose.o(i.IntDoseCalc)
    KeyGetState                              0x08004bd9   Thumb Code     6  bsp_key.o(i.KeyGetState)
    LCD_FillData                             0x08004be5   Thumb Code    48  bsp_lcd.o(i.LCD_FillData)
    LCD_Init                                 0x08004c15   Thumb Code   438  bsp_lcd.o(i.LCD_Init)
    LCD_clear                                0x08004dcb   Thumb Code    58  bsp_lcd.o(i.LCD_clear)
    LCD_delay                                0x08004e05   Thumb Code    22  bsp_lcd.o(i.LCD_delay)
    LCD_reset                                0x08004e1d   Thumb Code    42  bsp_lcd.o(i.LCD_reset)
    LCD_set_window                           0x08004e4d   Thumb Code    72  bsp_lcd.o(i.LCD_set_window)
    LCD_write                                0x08004e95   Thumb Code    46  bsp_lcd.o(i.LCD_write)
    LED_SetState                             0x08004ec9   Thumb Code    66  bsp_gpio.o(i.LED_SetState)
    LedStateProcess                          0x08004f11   Thumb Code    96  task_status.o(i.LedStateProcess)
    MemManage_Handler                        0x08004f75   Thumb Code     4  gd32f10x_it.o(i.MemManage_Handler)
    NMI_Handler                              0x08004f79   Thumb Code     2  gd32f10x_it.o(i.NMI_Handler)
    PWR_shutdown                             0x08004fa5   Thumb Code    10  bsp_gpio.o(i.PWR_shutdown)
    PulseCntGet                              0x08004fb5   Thumb Code    66  bsp_timer.o(i.PulseCntGet)
    RTC_Ack                                  0x0800500d   Thumb Code    44  bsp_rtc.o(i.RTC_Ack)
    RTC_NAck                                 0x08005049   Thumb Code    36  bsp_rtc.o(i.RTC_NAck)
    RTC_Read                                 0x08005071   Thumb Code   100  bsp_rtc.o(i.RTC_Read)
    RTC_ReadByte                             0x080050d5   Thumb Code    62  bsp_rtc.o(i.RTC_ReadByte)
    RTC_SendByte                             0x08005119   Thumb Code    80  bsp_rtc.o(i.RTC_SendByte)
    RTC_Start                                0x0800516d   Thumb Code    42  bsp_rtc.o(i.RTC_Start)
    RTC_Stop                                 0x0800519d   Thumb Code    32  bsp_rtc.o(i.RTC_Stop)
    RTC_WaitAck                              0x080051c1   Thumb Code    56  bsp_rtc.o(i.RTC_WaitAck)
    RTC_Write                                0x080051fd   Thumb Code    78  bsp_rtc.o(i.RTC_Write)
    SYS_Param_Init                           0x0800524d   Thumb Code   388  task_manage.o(i.SYS_Param_Init)
    SetLcdBacklight                          0x08005405   Thumb Code    12  bsp_pwm.o(i.SetLcdBacklight)
    Set_RTC_Time                             0x08005415   Thumb Code    94  bsp_rtc.o(i.Set_RTC_Time)
    SysTick_Handler                          0x08005473   Thumb Code     8  gd32f10x_it.o(i.SysTick_Handler)
    SystemInit                               0x0800547d   Thumb Code   196  system_gd32f10x.o(i.SystemInit)
    TIM0_Init                                0x08005551   Thumb Code   154  bsp_timer.o(i.TIM0_Init)
    TIM1_Init                                0x080055f5   Thumb Code   188  bsp_timer.o(i.TIM1_Init)
    TIM5_Init                                0x080056b5   Thumb Code    96  bsp_timer.o(i.TIM5_Init)
    TIMER0_UP_IRQHandler                     0x08005719   Thumb Code    32  bsp_timer.o(i.TIMER0_UP_IRQHandler)
    TIMER1_IRQHandler                        0x08005741   Thumb Code    32  bsp_timer.o(i.TIMER1_IRQHandler)
    TIMER5_IRQHandler                        0x08005765   Thumb Code    32  bsp_timer.o(i.TIMER5_IRQHandler)
    Task_HMI                                 0x0800578d   Thumb Code   254  task_gui.o(i.Task_HMI)
    Task_bat                                 0x080058a1   Thumb Code   128  task_status.o(i.Task_bat)
    Task_com                                 0x08005931   Thumb Code    36  task_com.o(i.Task_com)
    Task_dose                                0x08005959   Thumb Code    16  task_dose.o(i.Task_dose)
    Task_manage                              0x08005969   Thumb Code    16  task_manage.o(i.Task_manage)
    Task_status                              0x0800597d   Thumb Code   106  task_status.o(i.Task_status)
    TimerGetCnt                              0x080059f9   Thumb Code     6  bsp_timer.o(i.TimerGetCnt)
    UART3_IRQHandler                         0x08005a05   Thumb Code    10  gd32f10x_it.o(i.UART3_IRQHandler)
    UART_IRQn                                0x08005a15   Thumb Code   204  bsp_uart.o(i.UART_IRQn)
    USART0_IRQHandler                        0x08005af1   Thumb Code    10  gd32f10x_it.o(i.USART0_IRQHandler)
    USART1_IRQHandler                        0x08005b01   Thumb Code     2  gd32f10x_it.o(i.USART1_IRQHandler)
    USART2_IRQHandler                        0x08005b05   Thumb Code    10  gd32f10x_it.o(i.USART2_IRQHandler)
    Uart3SetBaud                             0x08005b15   Thumb Code    86  bsp_uart.o(i.Uart3SetBaud)
    UsageFault_Handler                       0x08005b71   Thumb Code     4  gd32f10x_it.o(i.UsageFault_Handler)
    __ARM_fpclassify                         0x08005b75   Thumb Code    40  fpclassify.o(i.__ARM_fpclassify)
    __mathlib_dbl_overflow                   0x08005b9d   Thumb Code    14  dunder.o(i.__mathlib_dbl_overflow)
    __mathlib_dbl_underflow                  0x08005bad   Thumb Code    10  dunder.o(i.__mathlib_dbl_underflow)
    __mathlib_narrow                         0x08005bbd   Thumb Code    16  narrow.o(i.__mathlib_narrow)
    __mathlib_tofloat                        0x08005bcd   Thumb Code   184  narrow.o(i.__mathlib_tofloat)
    __support_ldexp                          0x08005c89   Thumb Code    22  ldexp.o(i.__support_ldexp)
    _is_digit                                0x08005c9f   Thumb Code    14  __printf_wp.o(i._is_digit)
    adc_calibration_enable                   0x08005cad   Thumb Code    42  gd32f10x_adc.o(i.adc_calibration_enable)
    adc_channel_length_config                0x08005cd7   Thumb Code    70  gd32f10x_adc.o(i.adc_channel_length_config)
    adc_data_alignment_config                0x08005d1d   Thumb Code    22  gd32f10x_adc.o(i.adc_data_alignment_config)
    adc_deinit                               0x08005d35   Thumb Code    84  gd32f10x_adc.o(i.adc_deinit)
    adc_enable                               0x08005d8d   Thumb Code    18  gd32f10x_adc.o(i.adc_enable)
    adc_external_trigger_config              0x08005d9f   Thumb Code    62  gd32f10x_adc.o(i.adc_external_trigger_config)
    adc_external_trigger_source_config       0x08005ddd   Thumb Code    48  gd32f10x_adc.o(i.adc_external_trigger_source_config)
    adc_flag_get                             0x08005e0d   Thumb Code    14  gd32f10x_adc.o(i.adc_flag_get)
    adc_mode_config                          0x08005e1d   Thumb Code    22  gd32f10x_adc.o(i.adc_mode_config)
    adc_regular_channel_config               0x08005e39   Thumb Code   172  gd32f10x_adc.o(i.adc_regular_channel_config)
    adc_regular_data_read                    0x08005ee5   Thumb Code     8  gd32f10x_adc.o(i.adc_regular_data_read)
    adc_software_trigger_enable              0x08005eed   Thumb Code    30  gd32f10x_adc.o(i.adc_software_trigger_enable)
    adc_special_function_config              0x08005f0b   Thumb Code    90  gd32f10x_adc.o(i.adc_special_function_config)
    add_parity_bit                           0x08005fbd   Thumb Code    82  bsp_uart.o(i.add_parity_bit)
    bsp_GetKey                               0x08006011   Thumb Code    46  bsp_key.o(i.bsp_GetKey)
    bsp_KeyScan                              0x08006045   Thumb Code   154  bsp_key.o(i.bsp_KeyScan)
    bsp_PutKey                               0x080060ed   Thumb Code    28  bsp_key.o(i.bsp_PutKey)
    comUartSetup                             0x0800610d   Thumb Code    54  task_manage.o(i.comUartSetup)
    delay_ms                                 0x08006369   Thumb Code    24  sys.o(i.delay_ms)
    delay_us                                 0x08006381   Thumb Code    24  sys.o(i.delay_us)
    display_time                             0x08006399   Thumb Code   102  display.o(i.display_time)
    eepromDataRefresh                        0x08006421   Thumb Code   152  task_manage.o(i.eepromDataRefresh)
    eepromSetStatus                          0x080064d9   Thumb Code    12  task_manage.o(i.eepromSetStatus)
    frexp                                    0x080064e9   Thumb Code    80  frexp.o(i.frexp)
    get_list_avage                           0x0800658d   Thumb Code    68  task_dose.o(i.get_list_avage)
    gpio_init                                0x080065d1   Thumb Code   172  gd32f10x_gpio.o(i.gpio_init)
    gpio_input_bit_get                       0x0800667d   Thumb Code    16  gd32f10x_gpio.o(i.gpio_input_bit_get)
    gpio_pin_remap_config                    0x0800668d   Thumb Code   138  gd32f10x_gpio.o(i.gpio_pin_remap_config)
    lcd_gpio_init                            0x0800671d   Thumb Code    88  bsp_lcd.o(i.lcd_gpio_init)
    lcd_spi_init                             0x0800677d   Thumb Code    60  bsp_lcd.o(i.lcd_spi_init)
    ldexp                                    0x080067bd   Thumb Code   116  ldexp.o(i.ldexp)
    list_add                                 0x08006831   Thumb Code    26  task_dose.o(i.list_add)
    list_refresh                             0x0800684b   Thumb Code    22  task_dose.o(i.list_refresh)
    main                                     0x08006861   Thumb Code   190  main.o(i.main)
    menu01                                   0x08006939   Thumb Code    94  task_gui.o(i.menu01)
    menu011                                  0x080069c5   Thumb Code   190  task_gui.o(i.menu011)
    menu0111                                 0x08006add   Thumb Code   302  task_gui.o(i.menu0111)
    menu012                                  0x08006c75   Thumb Code   242  task_gui.o(i.menu012)
    menu0121                                 0x08006dc9   Thumb Code   872  task_gui.o(i.menu0121)
    menu013                                  0x080071a5   Thumb Code   220  task_gui.o(i.menu013)
    menu0131                                 0x080072dd   Thumb Code   890  task_gui.o(i.menu0131)
    menu014                                  0x080076c5   Thumb Code   174  task_gui.o(i.menu014)
    menu0141                                 0x080077c5   Thumb Code   368  task_gui.o(i.menu0141)
    menu015                                  0x08007995   Thumb Code   196  task_gui.o(i.menu015)
    menu0151                                 0x08007aad   Thumb Code   392  task_gui.o(i.menu0151)
    menu02                                   0x08007c99   Thumb Code    94  task_gui.o(i.menu02)
    menu03                                   0x08007d25   Thumb Code   480  task_gui.o(i.menu03)
    menu1                                    0x08007f3d   Thumb Code   186  task_gui.o(i.menu1)
    menu11                                   0x08008051   Thumb Code   186  task_gui.o(i.menu11)
    menu111                                  0x08008165   Thumb Code   588  task_gui.o(i.menu111)
    menu12                                   0x080083f1   Thumb Code   186  task_gui.o(i.menu12)
    menu121                                  0x08008505   Thumb Code   598  task_gui.o(i.menu121)
    menu2                                    0x080087a5   Thumb Code   202  task_gui.o(i.menu2)
    menu21                                   0x080088e5   Thumb Code   202  task_gui.o(i.menu21)
    menu211                                  0x08008a25   Thumb Code   218  task_gui.o(i.menu211)
    menu22                                   0x08008b29   Thumb Code   202  task_gui.o(i.menu22)
    menu221                                  0x08008c69   Thumb Code   310  task_gui.o(i.menu221)
    menu23                                   0x08008de9   Thumb Code   202  task_gui.o(i.menu23)
    menu231                                  0x08008f29   Thumb Code   456  task_gui.o(i.menu231)
    menu3                                    0x08009131   Thumb Code   172  task_gui.o(i.menu3)
    menu31                                   0x0800923d   Thumb Code   160  task_gui.o(i.menu31)
    menu311                                  0x08009339   Thumb Code   198  task_gui.o(i.menu311)
    menu4                                    0x0800943d   Thumb Code   220  task_gui.o(i.menu4)
    menu41                                   0x08009599   Thumb Code   220  task_gui.o(i.menu41)
    menu42                                   0x080096f5   Thumb Code   220  task_gui.o(i.menu42)
    menu43                                   0x08009851   Thumb Code   220  task_gui.o(i.menu43)
    menu44                                   0x080099ad   Thumb Code   220  task_gui.o(i.menu44)
    menu5                                    0x08009b09   Thumb Code   172  task_gui.o(i.menu5)
    menu51                                   0x08009c11   Thumb Code   172  task_gui.o(i.menu51)
    menu511                                  0x08009d19   Thumb Code   398  task_gui.o(i.menu511)
    menu61                                   0x08009ee1   Thumb Code   126  task_gui.o(i.menu61)
    menu611                                  0x08009f9d   Thumb Code    84  task_gui.o(i.menu611)
    menu62                                   0x0800a00d   Thumb Code   126  task_gui.o(i.menu62)
    menu621                                  0x0800a0c9   Thumb Code   388  task_gui.o(i.menu621)
    menu63                                   0x0800a289   Thumb Code   126  task_gui.o(i.menu63)
    menu631                                  0x0800a345   Thumb Code   546  task_gui.o(i.menu631)
    menu_main1                               0x0800a5a5   Thumb Code   208  task_gui.o(i.menu_main1)
    menu_main2                               0x0800a69d   Thumb Code   210  task_gui.o(i.menu_main2)
    menu_main3                               0x0800a7ad   Thumb Code     2  task_gui.o(i.menu_main3)
    menu_shutdown                            0x0800a7af   Thumb Code    80  task_gui.o(i.menu_shutdown)
    nvic_irq_enable                          0x0800a801   Thumb Code   162  gd32f10x_misc.o(i.nvic_irq_enable)
    nvic_priority_group_set                  0x0800a8ad   Thumb Code    10  gd32f10x_misc.o(i.nvic_priority_group_set)
    nvic_vector_table_set                    0x0800a8c1   Thumb Code    16  gd32f10x_misc.o(i.nvic_vector_table_set)
    rcu_adc_clock_config                     0x0800a8d9   Thumb Code    64  gd32f10x_rcu.o(i.rcu_adc_clock_config)
    rcu_clock_freq_get                       0x0800a921   Thumb Code   264  gd32f10x_rcu.o(i.rcu_clock_freq_get)
    rcu_periph_clock_enable                  0x0800aa45   Thumb Code    28  gd32f10x_rcu.o(i.rcu_periph_clock_enable)
    rcu_periph_reset_disable                 0x0800aa65   Thumb Code    28  gd32f10x_rcu.o(i.rcu_periph_reset_disable)
    rcu_periph_reset_enable                  0x0800aa85   Thumb Code    28  gd32f10x_rcu.o(i.rcu_periph_reset_enable)
    read_eeprom                              0x0800aaa5   Thumb Code   120  bsp_eeprom.o(i.read_eeprom)
    setSystemTick                            0x0800ab1d   Thumb Code    80  sys_config.o(i.setSystemTick)
    spi_enable                               0x0800ab71   Thumb Code    10  gd32f10x_spi.o(i.spi_enable)
    spi_i2s_data_receive                     0x0800ab7b   Thumb Code     8  gd32f10x_spi.o(i.spi_i2s_data_receive)
    spi_i2s_data_transmit                    0x0800ab83   Thumb Code     4  gd32f10x_spi.o(i.spi_i2s_data_transmit)
    spi_i2s_flag_get                         0x0800ab87   Thumb Code    16  gd32f10x_spi.o(i.spi_i2s_flag_get)
    spi_init                                 0x0800ab97   Thumb Code    50  gd32f10x_spi.o(i.spi_init)
    spi_send_byte                            0x0800abc9   Thumb Code    50  bsp_lcd.o(i.spi_send_byte)
    taskTicksInc                             0x0800accd   Thumb Code    12  sys_config.o(i.taskTicksInc)
    timer_auto_reload_shadow_enable          0x0800acdd   Thumb Code    10  gd32f10x_timer.o(i.timer_auto_reload_shadow_enable)
    timer_channel_output_config              0x0800ace9   Thumb Code   484  gd32f10x_timer.o(i.timer_channel_output_config)
    timer_channel_output_mode_config         0x0800aed5   Thumb Code    90  gd32f10x_timer.o(i.timer_channel_output_mode_config)
    timer_channel_output_pulse_value_config  0x0800af2f   Thumb Code    38  gd32f10x_timer.o(i.timer_channel_output_pulse_value_config)
    timer_channel_output_shadow_config       0x0800af55   Thumb Code    90  gd32f10x_timer.o(i.timer_channel_output_shadow_config)
    timer_counter_value_config               0x0800afaf   Thumb Code     4  gd32f10x_timer.o(i.timer_counter_value_config)
    timer_deinit                             0x0800afb5   Thumb Code   210  gd32f10x_timer.o(i.timer_deinit)
    timer_enable                             0x0800b091   Thumb Code    10  gd32f10x_timer.o(i.timer_enable)
    timer_external_clock_mode1_config        0x0800b09b   Thumb Code    32  gd32f10x_timer.o(i.timer_external_clock_mode1_config)
    timer_external_trigger_config            0x0800b0bb   Thumb Code    30  gd32f10x_timer.o(i.timer_external_trigger_config)
    timer_flag_clear                         0x0800b0d9   Thumb Code     6  gd32f10x_timer.o(i.timer_flag_clear)
    timer_init                               0x0800b0e1   Thumb Code   170  gd32f10x_timer.o(i.timer_init)
    timer_input_trigger_source_select        0x0800b1c1   Thumb Code    16  gd32f10x_timer.o(i.timer_input_trigger_source_select)
    timer_interrupt_enable                   0x0800b1d1   Thumb Code     8  gd32f10x_timer.o(i.timer_interrupt_enable)
    timer_interrupt_flag_clear               0x0800b1d9   Thumb Code     6  gd32f10x_timer.o(i.timer_interrupt_flag_clear)
    timer_interrupt_flag_get                 0x0800b1df   Thumb Code    24  gd32f10x_timer.o(i.timer_interrupt_flag_get)
    timer_master_slave_mode_config           0x0800b1f7   Thumb Code    26  gd32f10x_timer.o(i.timer_master_slave_mode_config)
    timer_slave_mode_select                  0x0800b211   Thumb Code    16  gd32f10x_timer.o(i.timer_slave_mode_select)
    timer_struct_para_init                   0x0800b221   Thumb Code    22  gd32f10x_timer.o(i.timer_struct_para_init)
    uart_send_buf                            0x0800b239   Thumb Code   116  bsp_uart.o(i.uart_send_buf)
    usart_baudrate_set                       0x0800b319   Thumb Code   136  gd32f10x_usart.o(i.usart_baudrate_set)
    usart_data_receive                       0x0800b3a9   Thumb Code    10  gd32f10x_usart.o(i.usart_data_receive)
    usart_data_transmit                      0x0800b3b3   Thumb Code     8  gd32f10x_usart.o(i.usart_data_transmit)
    usart_deinit                             0x0800b3bd   Thumb Code   136  gd32f10x_usart.o(i.usart_deinit)
    usart_enable                             0x0800b44d   Thumb Code    10  gd32f10x_usart.o(i.usart_enable)
    usart_flag_get                           0x0800b457   Thumb Code    30  gd32f10x_usart.o(i.usart_flag_get)
    usart_hardware_flow_cts_config           0x0800b475   Thumb Code    20  gd32f10x_usart.o(i.usart_hardware_flow_cts_config)
    usart_hardware_flow_rts_config           0x0800b489   Thumb Code    20  gd32f10x_usart.o(i.usart_hardware_flow_rts_config)
    usart_interrupt_disable                  0x0800b49d   Thumb Code    26  gd32f10x_usart.o(i.usart_interrupt_disable)
    usart_interrupt_enable                   0x0800b4b7   Thumb Code    26  gd32f10x_usart.o(i.usart_interrupt_enable)
    usart_interrupt_flag_clear               0x0800b4d1   Thumb Code    18  gd32f10x_usart.o(i.usart_interrupt_flag_clear)
    usart_interrupt_flag_get                 0x0800b4e3   Thumb Code    56  gd32f10x_usart.o(i.usart_interrupt_flag_get)
    usart_parity_config                      0x0800b51b   Thumb Code    16  gd32f10x_usart.o(i.usart_parity_config)
    usart_receive_config                     0x0800b52b   Thumb Code    16  gd32f10x_usart.o(i.usart_receive_config)
    usart_stop_bit_set                       0x0800b53b   Thumb Code    16  gd32f10x_usart.o(i.usart_stop_bit_set)
    usart_transmit_config                    0x0800b54b   Thumb Code    16  gd32f10x_usart.o(i.usart_transmit_config)
    usart_word_length_set                    0x0800b55b   Thumb Code    16  gd32f10x_usart.o(i.usart_word_length_set)
    write_eeprom                             0x0800b56b   Thumb Code   136  bsp_eeprom.o(i.write_eeprom)
    _get_lc_numeric                          0x0800b5f5   Thumb Code    44  lc_numeric_c.o(locale$$code)
    _get_lc_ctype                            0x0800b621   Thumb Code    44  lc_ctype_c.o(locale$$code)
    __aeabi_d2f                              0x0800b64d   Thumb Code     0  d2f.o(x$fpl$d2f)
    _d2f                                     0x0800b64d   Thumb Code    98  d2f.o(x$fpl$d2f)
    __fpl_dcheck_NaN1                        0x0800b6b1   Thumb Code    10  dcheck1.o(x$fpl$dcheck1)
    __fpl_dcmp_Inf                           0x0800b6c1   Thumb Code    24  dcmpi.o(x$fpl$dcmpinf)
    __aeabi_cdcmpeq                          0x0800b6d9   Thumb Code     0  deqf.o(x$fpl$deqf)
    _dcmpeq                                  0x0800b6d9   Thumb Code   120  deqf.o(x$fpl$deqf)
    __aeabi_cdcmple                          0x0800b751   Thumb Code     0  dleqf.o(x$fpl$dleqf)
    _dcmple                                  0x0800b751   Thumb Code   120  dleqf.o(x$fpl$dleqf)
    __fpl_dcmple_InfNaN                      0x0800b7b3   Thumb Code     0  dleqf.o(x$fpl$dleqf)
    __aeabi_dmul                             0x0800b7c9   Thumb Code     0  dmul.o(x$fpl$dmul)
    _dmul                                    0x0800b7c9   Thumb Code   332  dmul.o(x$fpl$dmul)
    __fpl_dnaninf                            0x0800b91d   Thumb Code   156  dnaninf.o(x$fpl$dnaninf)
    __fpl_dretinf                            0x0800b9b9   Thumb Code    12  dretinf.o(x$fpl$dretinf)
    __aeabi_cdrcmple                         0x0800b9c5   Thumb Code     0  drleqf.o(x$fpl$drleqf)
    _drcmple                                 0x0800b9c5   Thumb Code   108  drleqf.o(x$fpl$drleqf)
    __aeabi_f2d                              0x0800ba31   Thumb Code     0  f2d.o(x$fpl$f2d)
    _f2d                                     0x0800ba31   Thumb Code    86  f2d.o(x$fpl$f2d)
    __aeabi_fadd                             0x0800ba89   Thumb Code     0  faddsub_clz.o(x$fpl$fadd)
    _fadd                                    0x0800ba89   Thumb Code   196  faddsub_clz.o(x$fpl$fadd)
    __fpl_fcmp_Inf                           0x0800bb4d   Thumb Code    24  fcmpi.o(x$fpl$fcmpinf)
    __aeabi_fdiv                             0x0800bb65   Thumb Code     0  fdiv.o(x$fpl$fdiv)
    _fdiv                                    0x0800bb65   Thumb Code   384  fdiv.o(x$fpl$fdiv)
    __aeabi_cfcmpeq                          0x0800bce9   Thumb Code     0  feqf.o(x$fpl$feqf)
    _fcmpeq                                  0x0800bce9   Thumb Code   104  feqf.o(x$fpl$feqf)
    __aeabi_f2uiz                            0x0800bd51   Thumb Code     0  ffixu.o(x$fpl$ffixu)
    _ffixu                                   0x0800bd51   Thumb Code    62  ffixu.o(x$fpl$ffixu)
    __aeabi_ui2f                             0x0800bd91   Thumb Code     0  fflt_clz.o(x$fpl$ffltu)
    _ffltu                                   0x0800bd91   Thumb Code    38  fflt_clz.o(x$fpl$ffltu)
    __aeabi_cfcmple                          0x0800bdb9   Thumb Code     0  fleqf.o(x$fpl$fleqf)
    _fcmple                                  0x0800bdb9   Thumb Code   104  fleqf.o(x$fpl$fleqf)
    __fpl_fcmple_InfNaN                      0x0800be0b   Thumb Code     0  fleqf.o(x$fpl$fleqf)
    __aeabi_fmul                             0x0800be21   Thumb Code     0  fmul.o(x$fpl$fmul)
    _fmul                                    0x0800be21   Thumb Code   258  fmul.o(x$fpl$fmul)
    __fpl_fnaninf                            0x0800bf23   Thumb Code   140  fnaninf.o(x$fpl$fnaninf)
    __fpl_fretinf                            0x0800bfaf   Thumb Code    10  fretinf.o(x$fpl$fretinf)
    __aeabi_cfrcmple                         0x0800bfb9   Thumb Code     0  frleqf.o(x$fpl$frleqf)
    _frcmple                                 0x0800bfb9   Thumb Code    98  frleqf.o(x$fpl$frleqf)
    __aeabi_fsub                             0x0800c01d   Thumb Code     0  faddsub_clz.o(x$fpl$fsub)
    _fsub                                    0x0800c01d   Thumb Code   234  faddsub_clz.o(x$fpl$fsub)
    __ieee_status                            0x0800c107   Thumb Code     6  istatus.o(x$fpl$ieeestatus)
    _printf_fp_dec                           0x0800c10d   Thumb Code     4  printf1.o(x$fpl$printf1)
    __fpl_return_NaN                         0x0800c111   Thumb Code   100  retnan.o(x$fpl$retnan)
    __ARM_scalbn                             0x0800c175   Thumb Code    92  scalbn.o(x$fpl$scalbn)
    _scanf_real                              0x0800c1d1   Thumb Code     4  scanf1.o(x$fpl$scanf1)
    _scanf_hex_real                          0x0800c1d5   Thumb Code     4  scanf2.o(x$fpl$scanf2)
    _scanf_infnan                            0x0800c1d9   Thumb Code     4  scanf2.o(x$fpl$scanf2)
    __fpl_cmpreturn                          0x0800c1dd   Thumb Code    48  trapv.o(x$fpl$trapveneer)
    __I$use$fp                               0x0800c20c   Number         0  usenofp.o(x$fpl$usenofp)
    beepOnTickTable                          0x0800c222   Data          10  task_status.o(.constdata)
    beepOffTickTable                         0x0800c22c   Data          10  task_status.o(.constdata)
    ascii1608                                0x0800c25c   Data        1520  gui.o(.constdata)
    ascii2412                                0x0800c84c   Data        3420  gui.o(.constdata)
    ascii3216                                0x0800d5a8   Data        6080  gui.o(.constdata)
    ascii4824                                0x0800ed68   Data        1728  gui.o(.constdata)
    ascii5628                                0x0800f428   Data        2156  gui.o(.constdata)
    batpic                                   0x0800fc94   Data         572  gui.o(.constdata)
    speakerPic                               0x0800fed0   Data          64  gui.o(.constdata)
    chargePic                                0x0800ff10   Data          64  gui.o(.constdata)
    hanzi16                                  0x0800ff50   Data        2112  gui.o(.constdata)
    hanzi24                                  0x08010790   Data        3528  gui.o(.constdata)
    Region$$Table$$Base                      0x08011600   Number         0  anon$$obj.o(Region$$Table)
    Region$$Table$$Limit                     0x08011620   Number         0  anon$$obj.o(Region$$Table)
    __aeabi_HUGE_VAL                         0x08011620   Data           0  fpconst.o(c$$dinf)
    __aeabi_HUGE_VALL                        0x08011620   Data           0  fpconst.o(c$$dinf)
    __aeabi_INFINITY                         0x08011620   Data           0  fpconst.o(c$$dinf)
    __dInf                                   0x08011620   Data           0  fpconst.o(c$$dinf)
    __huge_val                               0x08011620   Data           0  fpconst.o(c$$dinf)
    __dbl_max                                0x08011628   Data           0  fpconst.o(c$$dmax)
    __ctype                                  0x08011659   Data           0  lc_ctype_c.o(locale$$data)
    SystemCoreClock                          0x20000000   Data           4  system_gd32f10x.o(.data)
    timerCnt                                 0x20000004   Data           4  bsp_timer.o(.data)
    keyPressTimeCnt                          0x20000012   Data           8  bsp_key.o(.data)
    keyList                                  0x2000001c   Data          32  bsp_key.o(.data)
    sys_param                                0x2000003c   Data           4  main.o(.data)
    Voltage                                  0x20000040   Data           1  main.o(.data)
    basicParam                               0x20000042   Data           4  main.o(.data)
    passWord                                 0x20000046   Data           4  main.o(.data)
    pulseCntInt                              0x2000004c   Data           4  main.o(.data)
    pulseCntExt                              0x20000050   Data           4  main.o(.data)
    batVoltPerSmooth                         0x20000054   Data           1  main.o(.data)
    volt                                     0x20000058   Data           4  main.o(.data)
    detectorType                             0x2000005c   Data           1  main.o(.data)
    extDtDoserate                            0x20000060   Data           4  main.o(.data)
    warnRangeRate                            0x20000064   Data           4  main.o(.data)
    warnRangeDose                            0x20000068   Data           4  main.o(.data)
    displayUnit                              0x2000006c   Data           1  main.o(.data)
    brightness                               0x2000006d   Data           1  main.o(.data)
    test                                     0x2000006e   Data           1  main.o(.data)
    x1                                       0x2000006f   Data           1  main.o(.data)
    x2                                       0x20000070   Data           1  main.o(.data)
    y1                                       0x20000071   Data           1  main.o(.data)
    y2                                       0x20000072   Data           1  main.o(.data)
    vad                                      0x20000074   Data           4  main.o(.data)
    g_taskTicks                              0x20000088   Data           4  sys_config.o(.data)
    dtSendCnt                                0x2000008c   Data           1  task_com.o(.data)
    dtRecCnt                                 0x2000008d   Data           1  task_com.o(.data)
    Detector_group                           0x2000008e   Data          80  task_com.o(.data)
    blTime                                   0x200000e2   Data           2  task_gui.o(.data)
    menuList                                 0x200000e4   Data         736  task_gui.o(.data)
    intDoseParam                             0x2000040c   Data          32  task_dose.o(.data)
    realCnt                                  0x2000042c   Data           4  task_dose.o(.data)
    smoothCnt                                0x20000430   Data           4  task_dose.o(.data)
    warnLevel                                0x20000434   Data           1  task_status.o(.data)
    chgState                                 0x20000435   Data           1  task_status.o(.data)
    g_tUart0                                 0x2000045c   Data          28  bsp_uart.o(.bss)
    g_TxBuf0                                 0x20000478   Data         512  bsp_uart.o(.bss)
    g_RxBuf0                                 0x20000678   Data         512  bsp_uart.o(.bss)
    g_tUart3                                 0x20000878   Data          28  bsp_uart.o(.bss)
    g_TxBuf3                                 0x20000894   Data         512  bsp_uart.o(.bss)
    g_RxBuf3                                 0x20000a94   Data         512  bsp_uart.o(.bss)
    keyValList                               0x20000c94   Data          12  bsp_key.o(.bss)
    Chn_Data                                 0x20000f20   Data          28  task_dose.o(.bss)
    ramBuf                                   0x200010f8   Data        4800  gui.o(.bss)
    __libspace_start                         0x200023b8   Data          96  libspace.o(.bss)
    __temporary_stack_top$libspace           0x20002418   Data           0  libspace.o(.bss)



==============================================================================

Memory Map of the image

  Image Entry point : 0x08000131

  Load Region LR_IROM1 (Base: 0x08000000, Size: 0x00011bb8, Max: 0x00040000, ABSOLUTE, COMPRESSED[0x00011a20])

    Execution Region ER_IROM1 (Exec base: 0x08000000, Load base: 0x08000000, Size: 0x0001175c, Max: 0x00040000, ABSOLUTE)

    Exec Addr    Load Addr    Size         Type   Attr      Idx    E Section Name        Object

    0x08000000   0x08000000   0x00000130   Data   RO          133    RESET               startup_gd32f10x_hd.o
    0x08000130   0x08000130   0x00000008   Code   RO         5517  * !!!main             c_w.l(__main.o)
    0x08000138   0x08000138   0x00000034   Code   RO         5894    !!!scatter          c_w.l(__scatter.o)
    0x0800016c   0x0800016c   0x0000005a   Code   RO         5892    !!dczerorl2         c_w.l(__dczerorl2.o)
    0x080001c6   0x080001c6   0x00000002   PAD
    0x080001c8   0x080001c8   0x0000001c   Code   RO         5896    !!handler_zi        c_w.l(__scatter_zi.o)
    0x080001e4   0x080001e4   0x00000000   Code   RO         5498    .ARM.Collect$$_printf_percent$$00000000  c_w.l(_printf_percent.o)
    0x080001e4   0x080001e4   0x00000006   Code   RO         5497    .ARM.Collect$$_printf_percent$$00000003  c_w.l(_printf_f.o)
    0x080001ea   0x080001ea   0x00000006   Code   RO         5496    .ARM.Collect$$_printf_percent$$00000009  c_w.l(_printf_d.o)
    0x080001f0   0x080001f0   0x00000004   Code   RO         5590    .ARM.Collect$$_printf_percent$$00000017  c_w.l(_printf_percent_end.o)
    0x080001f4   0x080001f4   0x00000002   Code   RO         5715    .ARM.Collect$$libinit$$00000000  c_w.l(libinit.o)
    0x080001f6   0x080001f6   0x00000000   Code   RO         5717    .ARM.Collect$$libinit$$00000002  c_w.l(libinit2.o)
    0x080001f6   0x080001f6   0x00000000   Code   RO         5719    .ARM.Collect$$libinit$$00000004  c_w.l(libinit2.o)
    0x080001f6   0x080001f6   0x00000000   Code   RO         5722    .ARM.Collect$$libinit$$0000000A  c_w.l(libinit2.o)
    0x080001f6   0x080001f6   0x00000000   Code   RO         5724    .ARM.Collect$$libinit$$0000000C  c_w.l(libinit2.o)
    0x080001f6   0x080001f6   0x00000000   Code   RO         5726    .ARM.Collect$$libinit$$0000000E  c_w.l(libinit2.o)
    0x080001f6   0x080001f6   0x00000006   Code   RO         5727    .ARM.Collect$$libinit$$0000000F  c_w.l(libinit2.o)
    0x080001fc   0x080001fc   0x00000000   Code   RO         5729    .ARM.Collect$$libinit$$00000011  c_w.l(libinit2.o)
    0x080001fc   0x080001fc   0x0000000c   Code   RO         5730    .ARM.Collect$$libinit$$00000012  c_w.l(libinit2.o)
    0x08000208   0x08000208   0x00000000   Code   RO         5731    .ARM.Collect$$libinit$$00000013  c_w.l(libinit2.o)
    0x08000208   0x08000208   0x00000000   Code   RO         5733    .ARM.Collect$$libinit$$00000015  c_w.l(libinit2.o)
    0x08000208   0x08000208   0x0000000a   Code   RO         5734    .ARM.Collect$$libinit$$00000016  c_w.l(libinit2.o)
    0x08000212   0x08000212   0x00000000   Code   RO         5735    .ARM.Collect$$libinit$$00000017  c_w.l(libinit2.o)
    0x08000212   0x08000212   0x00000000   Code   RO         5737    .ARM.Collect$$libinit$$00000019  c_w.l(libinit2.o)
    0x08000212   0x08000212   0x00000000   Code   RO         5739    .ARM.Collect$$libinit$$0000001B  c_w.l(libinit2.o)
    0x08000212   0x08000212   0x00000000   Code   RO         5741    .ARM.Collect$$libinit$$0000001D  c_w.l(libinit2.o)
    0x08000212   0x08000212   0x00000000   Code   RO         5743    .ARM.Collect$$libinit$$0000001F  c_w.l(libinit2.o)
    0x08000212   0x08000212   0x00000000   Code   RO         5745    .ARM.Collect$$libinit$$00000021  c_w.l(libinit2.o)
    0x08000212   0x08000212   0x00000000   Code   RO         5747    .ARM.Collect$$libinit$$00000023  c_w.l(libinit2.o)
    0x08000212   0x08000212   0x00000000   Code   RO         5749    .ARM.Collect$$libinit$$00000025  c_w.l(libinit2.o)
    0x08000212   0x08000212   0x00000000   Code   RO         5753    .ARM.Collect$$libinit$$0000002C  c_w.l(libinit2.o)
    0x08000212   0x08000212   0x00000000   Code   RO         5755    .ARM.Collect$$libinit$$0000002E  c_w.l(libinit2.o)
    0x08000212   0x08000212   0x00000000   Code   RO         5757    .ARM.Collect$$libinit$$00000030  c_w.l(libinit2.o)
    0x08000212   0x08000212   0x00000000   Code   RO         5759    .ARM.Collect$$libinit$$00000032  c_w.l(libinit2.o)
    0x08000212   0x08000212   0x00000002   Code   RO         5760    .ARM.Collect$$libinit$$00000033  c_w.l(libinit2.o)
    0x08000214   0x08000214   0x00000002   Code   RO         5834    .ARM.Collect$$libshutdown$$00000000  c_w.l(libshutdown.o)
    0x08000216   0x08000216   0x00000000   Code   RO         5847    .ARM.Collect$$libshutdown$$00000002  c_w.l(libshutdown2.o)
    0x08000216   0x08000216   0x00000000   Code   RO         5849    .ARM.Collect$$libshutdown$$00000004  c_w.l(libshutdown2.o)
    0x08000216   0x08000216   0x00000000   Code   RO         5851    .ARM.Collect$$libshutdown$$00000006  c_w.l(libshutdown2.o)
    0x08000216   0x08000216   0x00000000   Code   RO         5854    .ARM.Collect$$libshutdown$$00000009  c_w.l(libshutdown2.o)
    0x08000216   0x08000216   0x00000000   Code   RO         5857    .ARM.Collect$$libshutdown$$0000000C  c_w.l(libshutdown2.o)
    0x08000216   0x08000216   0x00000000   Code   RO         5859    .ARM.Collect$$libshutdown$$0000000E  c_w.l(libshutdown2.o)
    0x08000216   0x08000216   0x00000000   Code   RO         5862    .ARM.Collect$$libshutdown$$00000011  c_w.l(libshutdown2.o)
    0x08000216   0x08000216   0x00000002   Code   RO         5863    .ARM.Collect$$libshutdown$$00000012  c_w.l(libshutdown2.o)
    0x08000218   0x08000218   0x00000000   Code   RO         5581    .ARM.Collect$$rtentry$$00000000  c_w.l(__rtentry.o)
    0x08000218   0x08000218   0x00000000   Code   RO         5611    .ARM.Collect$$rtentry$$00000002  c_w.l(__rtentry2.o)
    0x08000218   0x08000218   0x00000006   Code   RO         5623    .ARM.Collect$$rtentry$$00000004  c_w.l(__rtentry4.o)
    0x0800021e   0x0800021e   0x00000000   Code   RO         5613    .ARM.Collect$$rtentry$$00000009  c_w.l(__rtentry2.o)
    0x0800021e   0x0800021e   0x00000004   Code   RO         5614    .ARM.Collect$$rtentry$$0000000A  c_w.l(__rtentry2.o)
    0x08000222   0x08000222   0x00000000   Code   RO         5616    .ARM.Collect$$rtentry$$0000000C  c_w.l(__rtentry2.o)
    0x08000222   0x08000222   0x00000008   Code   RO         5617    .ARM.Collect$$rtentry$$0000000D  c_w.l(__rtentry2.o)
    0x0800022a   0x0800022a   0x00000002   Code   RO         5767    .ARM.Collect$$rtexit$$00000000  c_w.l(rtexit.o)
    0x0800022c   0x0800022c   0x00000000   Code   RO         5795    .ARM.Collect$$rtexit$$00000002  c_w.l(rtexit2.o)
    0x0800022c   0x0800022c   0x00000004   Code   RO         5796    .ARM.Collect$$rtexit$$00000003  c_w.l(rtexit2.o)
    0x08000230   0x08000230   0x00000006   Code   RO         5797    .ARM.Collect$$rtexit$$00000004  c_w.l(rtexit2.o)
    0x08000236   0x08000236   0x00000002   PAD
    0x08000238   0x08000238   0x00000040   Code   RO          134    .text               startup_gd32f10x_hd.o
    0x08000278   0x08000278   0x00000028   Code   RO         5468    .text               c_w.l(noretval__2sprintf.o)
    0x080002a0   0x080002a0   0x0000004e   Code   RO         5472    .text               c_w.l(_printf_pad.o)
    0x080002ee   0x080002ee   0x00000002   PAD
    0x080002f0   0x080002f0   0x00000078   Code   RO         5474    .text               c_w.l(_printf_dec.o)
    0x08000368   0x08000368   0x00000138   Code   RO         5488    .text               c_w.l(__printf_flags_wp.o)
    0x080004a0   0x080004a0   0x0000003c   Code   RO         5499    .text               c_w.l(__0sscanf.o)
    0x080004dc   0x080004dc   0x00000058   Code   RO         5503    .text               c_w.l(memcmp.o)
    0x08000534   0x08000534   0x0000003e   Code   RO         5505    .text               c_w.l(strlen.o)
    0x08000572   0x08000572   0x0000008a   Code   RO         5507    .text               c_w.l(rt_memcpy_v6.o)
    0x080005fc   0x080005fc   0x00000064   Code   RO         5509    .text               c_w.l(rt_memcpy_w.o)
    0x08000660   0x08000660   0x00000044   Code   RO         5511    .text               c_w.l(rt_memclr.o)
    0x080006a4   0x080006a4   0x0000004e   Code   RO         5513    .text               c_w.l(rt_memclr_w.o)
    0x080006f2   0x080006f2   0x00000006   Code   RO         5515    .text               c_w.l(heapauxi.o)
    0x080006f8   0x080006f8   0x000000b2   Code   RO         5582    .text               c_w.l(_printf_intcommon.o)
    0x080007aa   0x080007aa   0x0000041e   Code   RO         5584    .text               c_w.l(_printf_fp_dec.o)
    0x08000bc8   0x08000bc8   0x00000030   Code   RO         5586    .text               c_w.l(_printf_char_common.o)
    0x08000bf8   0x08000bf8   0x0000000a   Code   RO         5588    .text               c_w.l(_sputc.o)
    0x08000c02   0x08000c02   0x00000002   PAD
    0x08000c04   0x08000c04   0x000004f8   Code   RO         5591    .text               c_w.l(scanf_fp.o)
    0x080010fc   0x080010fc   0x0000002c   Code   RO         5593    .text               c_w.l(scanf_char.o)
    0x08001128   0x08001128   0x00000040   Code   RO         5595    .text               c_w.l(_sgetc.o)
    0x08001168   0x08001168   0x00000008   Code   RO         5628    .text               c_w.l(rt_locale_intlibspace.o)
    0x08001170   0x08001170   0x00000008   Code   RO         5633    .text               c_w.l(rt_errno_addr_intlibspace.o)
    0x08001178   0x08001178   0x0000008a   Code   RO         5635    .text               c_w.l(lludiv10.o)
    0x08001202   0x08001202   0x00000012   Code   RO         5637    .text               c_w.l(isspace.o)
    0x08001214   0x08001214   0x00000080   Code   RO         5639    .text               c_w.l(_printf_fp_infnan.o)
    0x08001294   0x08001294   0x00000374   Code   RO         5643    .text               c_w.l(_scanf.o)
    0x08001608   0x08001608   0x000000e4   Code   RO         5645    .text               c_w.l(bigflt0.o)
    0x080016ec   0x080016ec   0x00000008   Code   RO         5693    .text               c_w.l(libspace.o)
    0x080016f4   0x080016f4   0x0000004a   Code   RO         5696    .text               c_w.l(sys_stackheap_outer.o)
    0x0800173e   0x0800173e   0x00000002   PAD
    0x08001740   0x08001740   0x00000010   Code   RO         5698    .text               c_w.l(rt_ctype_table.o)
    0x08001750   0x08001750   0x00000016   Code   RO         5700    .text               c_w.l(_rserrno.o)
    0x08001766   0x08001766   0x00000002   PAD
    0x08001768   0x08001768   0x00000320   Code   RO         5702    .text               c_w.l(scanf_hexfp.o)
    0x08001a88   0x08001a88   0x00000134   Code   RO         5704    .text               c_w.l(scanf_infnan.o)
    0x08001bbc   0x08001bbc   0x00000012   Code   RO         5706    .text               c_w.l(exit.o)
    0x08001bce   0x08001bce   0x00000002   PAD
    0x08001bd0   0x08001bd0   0x00000080   Code   RO         5708    .text               c_w.l(strcmpv7m.o)
    0x08001c50   0x08001c50   0x00000026   Code   RO         5769    .text               c_w.l(llshl.o)
    0x08001c76   0x08001c76   0x0000001c   Code   RO         5771    .text               c_w.l(_chval.o)
    0x08001c92   0x08001c92   0x00000002   PAD
    0x08001c94   0x08001c94   0x0000000c   Code   RO         5824    .text               c_w.l(sys_exit.o)
    0x08001ca0   0x08001ca0   0x00000002   Code   RO         5837    .text               c_w.l(use_no_semi.o)
    0x08001ca2   0x08001ca2   0x00000000   Code   RO         5839    .text               c_w.l(indicate_semi.o)
    0x08001ca2   0x08001ca2   0x0000003e   Code   RO         5648    CL$$btod_d2e        c_w.l(btod.o)
    0x08001ce0   0x08001ce0   0x00000046   Code   RO         5650    CL$$btod_d2e_denorm_low  c_w.l(btod.o)
    0x08001d26   0x08001d26   0x00000060   Code   RO         5649    CL$$btod_d2e_norm_op1  c_w.l(btod.o)
    0x08001d86   0x08001d86   0x00000338   Code   RO         5658    CL$$btod_div_common  c_w.l(btod.o)
    0x080020be   0x080020be   0x00000002   PAD
    0x080020c0   0x080020c0   0x00000084   Code   RO         5656    CL$$btod_e2d        c_w.l(btod.o)
    0x08002144   0x08002144   0x000000dc   Code   RO         5655    CL$$btod_e2e        c_w.l(btod.o)
    0x08002220   0x08002220   0x0000002a   Code   RO         5652    CL$$btod_ediv       c_w.l(btod.o)
    0x0800224a   0x0800224a   0x0000002a   Code   RO         5654    CL$$btod_edivd      c_w.l(btod.o)
    0x08002274   0x08002274   0x0000002a   Code   RO         5651    CL$$btod_emul       c_w.l(btod.o)
    0x0800229e   0x0800229e   0x0000002a   Code   RO         5653    CL$$btod_emuld      c_w.l(btod.o)
    0x080022c8   0x080022c8   0x00000244   Code   RO         5657    CL$$btod_mult_common  c_w.l(btod.o)
    0x0800250c   0x0800250c   0x00000040   Code   RO         3978    i.ADC_GetVolPer     bsp_adc.o
    0x0800254c   0x0800254c   0x00000088   Code   RO         3979    i.Adc_Init          bsp_adc.o
    0x080025d4   0x080025d4   0x0000001c   Code   RO         3780    i.BEEP_SetState     bsp_gpio.o
    0x080025f0   0x080025f0   0x0000000c   Code   RO         3980    i.BSP_ADC_Init      bsp_adc.o
    0x080025fc   0x080025fc   0x00000024   Code   RO         3682    i.BSP_EEPROM_Init   bsp_eeprom.o
    0x08002620   0x08002620   0x00000108   Code   RO         3781    i.BSP_GPIO_Init     bsp_gpio.o
    0x08002728   0x08002728   0x0000002e   Code   RO         4388    i.BSP_Init          main.o
    0x08002756   0x08002756   0x00000002   PAD
    0x08002758   0x08002758   0x00000050   Code   RO         4158    i.BSP_Key_Init      bsp_key.o
    0x080027a8   0x080027a8   0x000000ac   Code   RO         4129    i.BSP_PWM_Init      bsp_pwm.o
    0x08002854   0x08002854   0x00000040   Code   RO         4035    i.BSP_RTC_Init      bsp_rtc.o
    0x08002894   0x08002894   0x00000010   Code   RO         3906    i.BSP_TIM_Init      bsp_timer.o
    0x080028a4   0x080028a4   0x00000170   Code   RO         3839    i.BSP_Uart_Init     bsp_uart.o
    0x08002a14   0x08002a14   0x000000c0   Code   RO         5026    i.BeepStateProcess  task_status.o
    0x08002ad4   0x08002ad4   0x00000040   Code   RO         4949    i.BubbleSort        task_dose.o
    0x08002b14   0x08002b14   0x00000004   Code   RO         4304    i.BusFault_Handler  gd32f10x_it.o
    0x08002b18   0x08002b18   0x00000014   Code   RO         4439    i.Byte_BCDToBin     sys.o
    0x08002b2c   0x08002b2c   0x0000001e   Code   RO         4440    i.Byte_BinToBCD     sys.o
    0x08002b4a   0x08002b4a   0x00000002   PAD
    0x08002b4c   0x08002b4c   0x00000070   Code   RO         3782    i.CHG_GetChgState   bsp_gpio.o
    0x08002bbc   0x08002bbc   0x0000001c   Code   RO         3783    i.CHG_SetChg        bsp_gpio.o
    0x08002bd8   0x08002bd8   0x00000010   Code   RO         3784    i.CHG_plugCheck     bsp_gpio.o
    0x08002be8   0x08002be8   0x00000040   Code   RO         5131    i.CalcDose          dose.o
    0x08002c28   0x08002c28   0x00000054   Code   RO         5027    i.ChgStateProcess   task_status.o
    0x08002c7c   0x08002c7c   0x00000020   Code   RO         4593    i.DebugDataParse    task_com.o
    0x08002c9c   0x08002c9c   0x00000002   Code   RO         4305    i.DebugMon_Handler  gd32f10x_it.o
    0x08002c9e   0x08002c9e   0x00000002   PAD
    0x08002ca0   0x08002ca0   0x000000d4   Code   RO         4595    i.DetectoCom        task_com.o
    0x08002d74   0x08002d74   0x00000044   Code   RO         5355    i.Display_CNT       display.o
    0x08002db8   0x08002db8   0x00000074   Code   RO         5357    i.Display_ProgressBar  display.o
    0x08002e2c   0x08002e2c   0x00000030   Code   RO         5358    i.Display_bat       display.o
    0x08002e5c   0x08002e5c   0x00000068   Code   RO         5359    i.Display_brightness  display.o
    0x08002ec4   0x08002ec4   0x00000104   Code   RO         5360    i.Display_dose      display.o
    0x08002fc8   0x08002fc8   0x0000018c   Code   RO         5361    i.Display_doseVal   display.o
    0x08003154   0x08003154   0x000000f2   Code   RO         5363    i.Display_setDeadtime  display.o
    0x08003246   0x08003246   0x000000a4   Code   RO         5364    i.Display_setDtFactor  display.o
    0x080032ea   0x080032ea   0x00000074   Code   RO         5365    i.Display_setFactor  display.o
    0x0800335e   0x0800335e   0x00000002   PAD
    0x08003360   0x08003360   0x00000150   Code   RO         5366    i.Display_setWarnVal  display.o
    0x080034b0   0x080034b0   0x00000054   Code   RO         5367    i.Display_statusBar  display.o
    0x08003504   0x08003504   0x0000006c   Code   RO         5368    i.Display_unitParam  display.o
    0x08003570   0x08003570   0x00000038   Code   RO         3683    i.EE_Ack            bsp_eeprom.o
    0x080035a8   0x080035a8   0x0000000a   Code   RO         3684    i.EE_Delay          bsp_eeprom.o
    0x080035b2   0x080035b2   0x00000002   PAD
    0x080035b4   0x080035b4   0x00000030   Code   RO         3685    i.EE_NAck           bsp_eeprom.o
    0x080035e4   0x080035e4   0x00000048   Code   RO         3686    i.EE_ReadByte       bsp_eeprom.o
    0x0800362c   0x0800362c   0x0000005c   Code   RO         3687    i.EE_SendByte       bsp_eeprom.o
    0x08003688   0x08003688   0x00000034   Code   RO         3688    i.EE_Start          bsp_eeprom.o
    0x080036bc   0x080036bc   0x00000028   Code   RO         3689    i.EE_Stop           bsp_eeprom.o
    0x080036e4   0x080036e4   0x00000044   Code   RO         3690    i.EE_WaitAck        bsp_eeprom.o
    0x08003728   0x08003728   0x0000016c   Code   RO         4950    i.ExtDoseCalc       task_dose.o
    0x08003894   0x08003894   0x00000018   Code   RO         5199    i.GUI_Refresh       gui.o
    0x080038ac   0x080038ac   0x0000010c   Code   RO         5200    i.GUI_SetBat        gui.o
    0x080039b8   0x080039b8   0x00000108   Code   RO         5201    i.GUI_SetChar1608   gui.o
    0x08003ac0   0x08003ac0   0x000000cc   Code   RO         5202    i.GUI_SetChar1616   gui.o
    0x08003b8c   0x08003b8c   0x00000108   Code   RO         5203    i.GUI_SetChar2412   gui.o
    0x08003c94   0x08003c94   0x000000cc   Code   RO         5204    i.GUI_SetChar2424   gui.o
    0x08003d60   0x08003d60   0x00000108   Code   RO         5205    i.GUI_SetChar3216   gui.o
    0x08003e68   0x08003e68   0x00000104   Code   RO         5206    i.GUI_SetChar4824   gui.o
    0x08003f6c   0x08003f6c   0x0000002a   Code   RO         5209    i.GUI_SetFillRect   gui.o
    0x08003f96   0x08003f96   0x00000002   PAD
    0x08003f98   0x08003f98   0x0000016c   Code   RO         5210    i.GUI_SetLine       gui.o
    0x08004104   0x08004104   0x00000042   Code   RO         5212    i.GUI_SetRect       gui.o
    0x08004146   0x08004146   0x00000034   Code   RO         5213    i.GUI_SetString1608  gui.o
    0x0800417a   0x0800417a   0x00000052   Code   RO         5214    i.GUI_SetString1616  gui.o
    0x080041cc   0x080041cc   0x00000034   Code   RO         5215    i.GUI_SetString2412  gui.o
    0x08004200   0x08004200   0x00000052   Code   RO         5216    i.GUI_SetString2424  gui.o
    0x08004252   0x08004252   0x00000034   Code   RO         5217    i.GUI_SetString3216  gui.o
    0x08004286   0x08004286   0x00000034   Code   RO         5218    i.GUI_SetString4824  gui.o
    0x080042ba   0x080042ba   0x00000002   PAD
    0x080042bc   0x080042bc   0x00000024   Code   RO         3981    i.GetAdcVal         bsp_adc.o
    0x080042e0   0x080042e0   0x0000000c   Code   RO         5028    i.GetChgState       task_status.o
    0x080042ec   0x080042ec   0x0000001c   Code   RO         5369    i.GetDoseUnit       display.o
    0x08004308   0x08004308   0x00000134   Code   RO         3982    i.Get_BatValueSOC   bsp_adc.o
    0x0800443c   0x0800443c   0x00000058   Code   RO         4036    i.Get_RTC_Time      bsp_rtc.o
    0x08004494   0x08004494   0x0000001c   Code   RO         3984    i.Gpio_Init         bsp_adc.o
    0x080044b0   0x080044b0   0x00000034   Code   RO         4637    i.HMI_start         task_gui.o
    0x080044e4   0x080044e4   0x00000368   Code   RO         5220    i.HZ16_to_index     gui.o
    0x0800484c   0x0800484c   0x0000029a   Code   RO         5221    i.HZ24_to_index     gui.o
    0x08004ae6   0x08004ae6   0x00000004   Code   RO         4306    i.HardFault_Handler  gd32f10x_it.o
    0x08004aea   0x08004aea   0x00000002   PAD
    0x08004aec   0x08004aec   0x000000ec   Code   RO         4951    i.IntDoseCalc       task_dose.o
    0x08004bd8   0x08004bd8   0x0000000c   Code   RO         4159    i.KeyGetState       bsp_key.o
    0x08004be4   0x08004be4   0x00000030   Code   RO         4216    i.LCD_FillData      bsp_lcd.o
    0x08004c14   0x08004c14   0x000001b6   Code   RO         4217    i.LCD_Init          bsp_lcd.o
    0x08004dca   0x08004dca   0x0000003a   Code   RO         4218    i.LCD_clear         bsp_lcd.o
    0x08004e04   0x08004e04   0x00000016   Code   RO         4219    i.LCD_delay         bsp_lcd.o
    0x08004e1a   0x08004e1a   0x00000002   PAD
    0x08004e1c   0x08004e1c   0x00000030   Code   RO         4220    i.LCD_reset         bsp_lcd.o
    0x08004e4c   0x08004e4c   0x00000048   Code   RO         4221    i.LCD_set_window    bsp_lcd.o
    0x08004e94   0x08004e94   0x00000034   Code   RO         4222    i.LCD_write         bsp_lcd.o
    0x08004ec8   0x08004ec8   0x00000048   Code   RO         3785    i.LED_SetState      bsp_gpio.o
    0x08004f10   0x08004f10   0x00000064   Code   RO         5029    i.LedStateProcess   task_status.o
    0x08004f74   0x08004f74   0x00000004   Code   RO         4307    i.MemManage_Handler  gd32f10x_it.o
    0x08004f78   0x08004f78   0x00000002   Code   RO         4308    i.NMI_Handler       gd32f10x_it.o
    0x08004f7a   0x08004f7a   0x00000002   PAD
    0x08004f7c   0x08004f7c   0x00000028   Code   RO         4543    i.NVIC_SetPriority  sys_config.o
    0x08004fa4   0x08004fa4   0x00000010   Code   RO         3786    i.PWR_shutdown      bsp_gpio.o
    0x08004fb4   0x08004fb4   0x00000058   Code   RO         3907    i.PulseCntGet       bsp_timer.o
    0x0800500c   0x0800500c   0x00000030   Code   RO         4037    i.RTC_Ack           bsp_rtc.o
    0x0800503c   0x0800503c   0x0000000a   Code   RO         4038    i.RTC_Delay         bsp_rtc.o
    0x08005046   0x08005046   0x00000002   PAD
    0x08005048   0x08005048   0x00000028   Code   RO         4039    i.RTC_NAck          bsp_rtc.o
    0x08005070   0x08005070   0x00000064   Code   RO         4040    i.RTC_Read          bsp_rtc.o
    0x080050d4   0x080050d4   0x00000044   Code   RO         4041    i.RTC_ReadByte      bsp_rtc.o
    0x08005118   0x08005118   0x00000054   Code   RO         4042    i.RTC_SendByte      bsp_rtc.o
    0x0800516c   0x0800516c   0x00000030   Code   RO         4043    i.RTC_Start         bsp_rtc.o
    0x0800519c   0x0800519c   0x00000024   Code   RO         4044    i.RTC_Stop          bsp_rtc.o
    0x080051c0   0x080051c0   0x0000003c   Code   RO         4045    i.RTC_WaitAck       bsp_rtc.o
    0x080051fc   0x080051fc   0x0000004e   Code   RO         4046    i.RTC_Write         bsp_rtc.o
    0x0800524a   0x0800524a   0x00000002   PAD
    0x0800524c   0x0800524c   0x000001b8   Code   RO         5081    i.SYS_Param_Init    task_manage.o
    0x08005404   0x08005404   0x00000010   Code   RO         4130    i.SetLcdBacklight   bsp_pwm.o
    0x08005414   0x08005414   0x0000005e   Code   RO         4047    i.Set_RTC_Time      bsp_rtc.o
    0x08005472   0x08005472   0x00000008   Code   RO         4309    i.SysTick_Handler   gd32f10x_it.o
    0x0800547a   0x0800547a   0x00000002   PAD
    0x0800547c   0x0800547c   0x000000d4   Code   RO            3    i.SystemInit        system_gd32f10x.o
    0x08005550   0x08005550   0x000000a4   Code   RO         3908    i.TIM0_Init         bsp_timer.o
    0x080055f4   0x080055f4   0x000000c0   Code   RO         3909    i.TIM1_Init         bsp_timer.o
    0x080056b4   0x080056b4   0x00000064   Code   RO         3910    i.TIM5_Init         bsp_timer.o
    0x08005718   0x08005718   0x00000028   Code   RO         3911    i.TIMER0_UP_IRQHandler  bsp_timer.o
    0x08005740   0x08005740   0x00000024   Code   RO         3912    i.TIMER1_IRQHandler  bsp_timer.o
    0x08005764   0x08005764   0x00000028   Code   RO         3913    i.TIMER5_IRQHandler  bsp_timer.o
    0x0800578c   0x0800578c   0x00000114   Code   RO         4638    i.Task_HMI          task_gui.o
    0x080058a0   0x080058a0   0x00000090   Code   RO         5030    i.Task_bat          task_status.o
    0x08005930   0x08005930   0x00000028   Code   RO         4596    i.Task_com          task_com.o
    0x08005958   0x08005958   0x00000010   Code   RO         4952    i.Task_dose         task_dose.o
    0x08005968   0x08005968   0x00000014   Code   RO         5082    i.Task_manage       task_manage.o
    0x0800597c   0x0800597c   0x0000007c   Code   RO         5031    i.Task_status       task_status.o
    0x080059f8   0x080059f8   0x0000000c   Code   RO         3914    i.TimerGetCnt       bsp_timer.o
    0x08005a04   0x08005a04   0x00000010   Code   RO         4310    i.UART3_IRQHandler  gd32f10x_it.o
    0x08005a14   0x08005a14   0x000000dc   Code   RO         3840    i.UART_IRQn         bsp_uart.o
    0x08005af0   0x08005af0   0x00000010   Code   RO         4311    i.USART0_IRQHandler  gd32f10x_it.o
    0x08005b00   0x08005b00   0x00000002   Code   RO         4312    i.USART1_IRQHandler  gd32f10x_it.o
    0x08005b02   0x08005b02   0x00000002   PAD
    0x08005b04   0x08005b04   0x00000010   Code   RO         4313    i.USART2_IRQHandler  gd32f10x_it.o
    0x08005b14   0x08005b14   0x0000005c   Code   RO         3841    i.Uart3SetBaud      bsp_uart.o
    0x08005b70   0x08005b70   0x00000004   Code   RO         4314    i.UsageFault_Handler  gd32f10x_it.o
    0x08005b74   0x08005b74   0x00000028   Code   RO         5685    i.__ARM_fpclassify  m_ws.l(fpclassify.o)
    0x08005b9c   0x08005b9c   0x0000000e   Code   RO         5811    i.__mathlib_dbl_overflow  m_ws.l(dunder.o)
    0x08005baa   0x08005baa   0x00000002   PAD
    0x08005bac   0x08005bac   0x00000010   Code   RO         5813    i.__mathlib_dbl_underflow  m_ws.l(dunder.o)
    0x08005bbc   0x08005bbc   0x00000010   Code   RO         5687    i.__mathlib_narrow  m_ws.l(narrow.o)
    0x08005bcc   0x08005bcc   0x000000bc   Code   RO         5688    i.__mathlib_tofloat  m_ws.l(narrow.o)
    0x08005c88   0x08005c88   0x00000016   Code   RO         5783    i.__support_ldexp   m_ws.l(ldexp.o)
    0x08005c9e   0x08005c9e   0x0000000e   Code   RO         5486    i._is_digit         c_w.l(__printf_wp.o)
    0x08005cac   0x08005cac   0x0000002a   Code   RO          140    i.adc_calibration_enable  gd32f10x_adc.o
    0x08005cd6   0x08005cd6   0x00000046   Code   RO          141    i.adc_channel_length_config  gd32f10x_adc.o
    0x08005d1c   0x08005d1c   0x00000016   Code   RO          142    i.adc_data_alignment_config  gd32f10x_adc.o
    0x08005d32   0x08005d32   0x00000002   PAD
    0x08005d34   0x08005d34   0x00000058   Code   RO          143    i.adc_deinit        gd32f10x_adc.o
    0x08005d8c   0x08005d8c   0x00000012   Code   RO          148    i.adc_enable        gd32f10x_adc.o
    0x08005d9e   0x08005d9e   0x0000003e   Code   RO          149    i.adc_external_trigger_config  gd32f10x_adc.o
    0x08005ddc   0x08005ddc   0x00000030   Code   RO          150    i.adc_external_trigger_source_config  gd32f10x_adc.o
    0x08005e0c   0x08005e0c   0x0000000e   Code   RO          152    i.adc_flag_get      gd32f10x_adc.o
    0x08005e1a   0x08005e1a   0x00000002   PAD
    0x08005e1c   0x08005e1c   0x0000001c   Code   RO          161    i.adc_mode_config   gd32f10x_adc.o
    0x08005e38   0x08005e38   0x000000ac   Code   RO          162    i.adc_regular_channel_config  gd32f10x_adc.o
    0x08005ee4   0x08005ee4   0x00000008   Code   RO          163    i.adc_regular_data_read  gd32f10x_adc.o
    0x08005eec   0x08005eec   0x0000001e   Code   RO          165    i.adc_software_trigger_enable  gd32f10x_adc.o
    0x08005f0a   0x08005f0a   0x0000005a   Code   RO          166    i.adc_special_function_config  gd32f10x_adc.o
    0x08005f64   0x08005f64   0x0000002c   Code   RO         5134    i.add_buff_count    dose.o
    0x08005f90   0x08005f90   0x0000002c   Code   RO         5135    i.add_fast_buff_count  dose.o
    0x08005fbc   0x08005fbc   0x00000052   Code   RO         3843    i.add_parity_bit    bsp_uart.o
    0x0800600e   0x0800600e   0x00000002   PAD
    0x08006010   0x08006010   0x00000034   Code   RO         4161    i.bsp_GetKey        bsp_key.o
    0x08006044   0x08006044   0x000000a8   Code   RO         4162    i.bsp_KeyScan       bsp_key.o
    0x080060ec   0x080060ec   0x00000020   Code   RO         4163    i.bsp_PutKey        bsp_key.o
    0x0800610c   0x0800610c   0x0000003c   Code   RO         5083    i.comUartSetup      task_manage.o
    0x08006148   0x08006148   0x000001d4   Code   RO         5136    i.count_data_check  dose.o
    0x0800631c   0x0800631c   0x0000004c   Code   RO         5137    i.count_to_rate     dose.o
    0x08006368   0x08006368   0x00000018   Code   RO         4451    i.delay_ms          sys.o
    0x08006380   0x08006380   0x00000018   Code   RO         4452    i.delay_us          sys.o
    0x08006398   0x08006398   0x00000088   Code   RO         5370    i.display_time      display.o
    0x08006420   0x08006420   0x000000b8   Code   RO         5084    i.eepromDataRefresh  task_manage.o
    0x080064d8   0x080064d8   0x00000010   Code   RO         5085    i.eepromSetStatus   task_manage.o
    0x080064e8   0x080064e8   0x00000058   Code   RO         5764    i.frexp             m_ws.l(frexp.o)
    0x08006540   0x08006540   0x0000004c   Code   RO         5138    i.get_avage_count   dose.o
    0x0800658c   0x0800658c   0x00000044   Code   RO         4954    i.get_list_avage    task_dose.o
    0x080065d0   0x080065d0   0x000000ac   Code   RO         1658    i.gpio_init         gd32f10x_gpio.o
    0x0800667c   0x0800667c   0x00000010   Code   RO         1659    i.gpio_input_bit_get  gd32f10x_gpio.o
    0x0800668c   0x0800668c   0x00000090   Code   RO         1664    i.gpio_pin_remap_config  gd32f10x_gpio.o
    0x0800671c   0x0800671c   0x00000060   Code   RO         4224    i.lcd_gpio_init     bsp_lcd.o
    0x0800677c   0x0800677c   0x00000040   Code   RO         4225    i.lcd_spi_init      bsp_lcd.o
    0x080067bc   0x080067bc   0x00000074   Code   RO         5784    i.ldexp             m_ws.l(ldexp.o)
    0x08006830   0x08006830   0x0000001a   Code   RO         4955    i.list_add          task_dose.o
    0x0800684a   0x0800684a   0x00000016   Code   RO         4957    i.list_refresh      task_dose.o
    0x08006860   0x08006860   0x000000d8   Code   RO         4389    i.main              main.o
    0x08006938   0x08006938   0x0000008c   Code   RO         4639    i.menu01            task_gui.o
    0x080069c4   0x080069c4   0x00000118   Code   RO         4640    i.menu011           task_gui.o
    0x08006adc   0x08006adc   0x00000198   Code   RO         4641    i.menu0111          task_gui.o
    0x08006c74   0x08006c74   0x00000154   Code   RO         4642    i.menu012           task_gui.o
    0x08006dc8   0x08006dc8   0x000003dc   Code   RO         4643    i.menu0121          task_gui.o
    0x080071a4   0x080071a4   0x00000138   Code   RO         4644    i.menu013           task_gui.o
    0x080072dc   0x080072dc   0x000003e8   Code   RO         4645    i.menu0131          task_gui.o
    0x080076c4   0x080076c4   0x00000100   Code   RO         4646    i.menu014           task_gui.o
    0x080077c4   0x080077c4   0x000001d0   Code   RO         4647    i.menu0141          task_gui.o
    0x08007994   0x08007994   0x00000118   Code   RO         4648    i.menu015           task_gui.o
    0x08007aac   0x08007aac   0x000001ec   Code   RO         4649    i.menu0151          task_gui.o
    0x08007c98   0x08007c98   0x0000008c   Code   RO         4650    i.menu02            task_gui.o
    0x08007d24   0x08007d24   0x00000218   Code   RO         4651    i.menu03            task_gui.o
    0x08007f3c   0x08007f3c   0x00000114   Code   RO         4652    i.menu1             task_gui.o
    0x08008050   0x08008050   0x00000114   Code   RO         4653    i.menu11            task_gui.o
    0x08008164   0x08008164   0x0000028c   Code   RO         4654    i.menu111           task_gui.o
    0x080083f0   0x080083f0   0x00000114   Code   RO         4655    i.menu12            task_gui.o
    0x08008504   0x08008504   0x000002a0   Code   RO         4656    i.menu121           task_gui.o
    0x080087a4   0x080087a4   0x00000140   Code   RO         4657    i.menu2             task_gui.o
    0x080088e4   0x080088e4   0x00000140   Code   RO         4658    i.menu21            task_gui.o
    0x08008a24   0x08008a24   0x00000104   Code   RO         4659    i.menu211           task_gui.o
    0x08008b28   0x08008b28   0x00000140   Code   RO         4660    i.menu22            task_gui.o
    0x08008c68   0x08008c68   0x00000180   Code   RO         4661    i.menu221           task_gui.o
    0x08008de8   0x08008de8   0x00000140   Code   RO         4662    i.menu23            task_gui.o
    0x08008f28   0x08008f28   0x00000208   Code   RO         4663    i.menu231           task_gui.o
    0x08009130   0x08009130   0x0000010c   Code   RO         4664    i.menu3             task_gui.o
    0x0800923c   0x0800923c   0x000000fc   Code   RO         4665    i.menu31            task_gui.o
    0x08009338   0x08009338   0x00000104   Code   RO         4666    i.menu311           task_gui.o
    0x0800943c   0x0800943c   0x0000015c   Code   RO         4667    i.menu4             task_gui.o
    0x08009598   0x08009598   0x0000015c   Code   RO         4668    i.menu41            task_gui.o
    0x080096f4   0x080096f4   0x0000015c   Code   RO         4669    i.menu42            task_gui.o
    0x08009850   0x08009850   0x0000015c   Code   RO         4670    i.menu43            task_gui.o
    0x080099ac   0x080099ac   0x0000015c   Code   RO         4671    i.menu44            task_gui.o
    0x08009b08   0x08009b08   0x00000108   Code   RO         4672    i.menu5             task_gui.o
    0x08009c10   0x08009c10   0x00000108   Code   RO         4673    i.menu51            task_gui.o
    0x08009d18   0x08009d18   0x000001c8   Code   RO         4674    i.menu511           task_gui.o
    0x08009ee0   0x08009ee0   0x000000bc   Code   RO         4675    i.menu61            task_gui.o
    0x08009f9c   0x08009f9c   0x00000070   Code   RO         4676    i.menu611           task_gui.o
    0x0800a00c   0x0800a00c   0x000000bc   Code   RO         4677    i.menu62            task_gui.o
    0x0800a0c8   0x0800a0c8   0x000001c0   Code   RO         4678    i.menu621           task_gui.o
    0x0800a288   0x0800a288   0x000000bc   Code   RO         4679    i.menu63            task_gui.o
    0x0800a344   0x0800a344   0x00000260   Code   RO         4680    i.menu631           task_gui.o
    0x0800a5a4   0x0800a5a4   0x000000f8   Code   RO         4681    i.menu_main1        task_gui.o
    0x0800a69c   0x0800a69c   0x00000110   Code   RO         4682    i.menu_main2        task_gui.o
    0x0800a7ac   0x0800a7ac   0x00000002   Code   RO         4683    i.menu_main3        task_gui.o
    0x0800a7ae   0x0800a7ae   0x00000050   Code   RO         4684    i.menu_shutdown     task_gui.o
    0x0800a7fe   0x0800a7fe   0x00000002   PAD
    0x0800a800   0x0800a800   0x000000ac   Code   RO         1966    i.nvic_irq_enable   gd32f10x_misc.o
    0x0800a8ac   0x0800a8ac   0x00000014   Code   RO         1967    i.nvic_priority_group_set  gd32f10x_misc.o
    0x0800a8c0   0x0800a8c0   0x00000018   Code   RO         1968    i.nvic_vector_table_set  gd32f10x_misc.o
    0x0800a8d8   0x0800a8d8   0x00000048   Code   RO         2108    i.rcu_adc_clock_config  gd32f10x_rcu.o
    0x0800a920   0x0800a920   0x00000124   Code   RO         2116    i.rcu_clock_freq_get  gd32f10x_rcu.o
    0x0800aa44   0x0800aa44   0x00000020   Code   RO         2133    i.rcu_periph_clock_enable  gd32f10x_rcu.o
    0x0800aa64   0x0800aa64   0x00000020   Code   RO         2136    i.rcu_periph_reset_disable  gd32f10x_rcu.o
    0x0800aa84   0x0800aa84   0x00000020   Code   RO         2137    i.rcu_periph_reset_enable  gd32f10x_rcu.o
    0x0800aaa4   0x0800aaa4   0x00000078   Code   RO         3691    i.read_eeprom       bsp_eeprom.o
    0x0800ab1c   0x0800ab1c   0x00000054   Code   RO         4545    i.setSystemTick     sys_config.o
    0x0800ab70   0x0800ab70   0x0000000a   Code   RO         2747    i.spi_enable        gd32f10x_spi.o
    0x0800ab7a   0x0800ab7a   0x00000008   Code   RO         2749    i.spi_i2s_data_receive  gd32f10x_spi.o
    0x0800ab82   0x0800ab82   0x00000004   Code   RO         2750    i.spi_i2s_data_transmit  gd32f10x_spi.o
    0x0800ab86   0x0800ab86   0x00000010   Code   RO         2752    i.spi_i2s_flag_get  gd32f10x_spi.o
    0x0800ab96   0x0800ab96   0x00000032   Code   RO         2756    i.spi_init          gd32f10x_spi.o
    0x0800abc8   0x0800abc8   0x00000038   Code   RO         4226    i.spi_send_byte     bsp_lcd.o
    0x0800ac00   0x0800ac00   0x000000c4   Code   RO            4    i.system_clock_108m_hxtal  system_gd32f10x.o
    0x0800acc4   0x0800acc4   0x00000008   Code   RO            5    i.system_clock_config  system_gd32f10x.o
    0x0800accc   0x0800accc   0x00000010   Code   RO         4547    i.taskTicksInc      sys_config.o
    0x0800acdc   0x0800acdc   0x0000000a   Code   RO         2927    i.timer_auto_reload_shadow_enable  gd32f10x_timer.o
    0x0800ace6   0x0800ace6   0x00000002   PAD
    0x0800ace8   0x0800ace8   0x000001ec   Code   RO         2944    i.timer_channel_output_config  gd32f10x_timer.o
    0x0800aed4   0x0800aed4   0x0000005a   Code   RO         2946    i.timer_channel_output_mode_config  gd32f10x_timer.o
    0x0800af2e   0x0800af2e   0x00000026   Code   RO         2948    i.timer_channel_output_pulse_value_config  gd32f10x_timer.o
    0x0800af54   0x0800af54   0x0000005a   Code   RO         2949    i.timer_channel_output_shadow_config  gd32f10x_timer.o
    0x0800afae   0x0800afae   0x00000004   Code   RO         2956    i.timer_counter_value_config  gd32f10x_timer.o
    0x0800afb2   0x0800afb2   0x00000002   PAD
    0x0800afb4   0x0800afb4   0x000000dc   Code   RO         2957    i.timer_deinit      gd32f10x_timer.o
    0x0800b090   0x0800b090   0x0000000a   Code   RO         2962    i.timer_enable      gd32f10x_timer.o
    0x0800b09a   0x0800b09a   0x00000020   Code   RO         2965    i.timer_external_clock_mode1_config  gd32f10x_timer.o
    0x0800b0ba   0x0800b0ba   0x0000001e   Code   RO         2968    i.timer_external_trigger_config  gd32f10x_timer.o
    0x0800b0d8   0x0800b0d8   0x00000006   Code   RO         2969    i.timer_flag_clear  gd32f10x_timer.o
    0x0800b0de   0x0800b0de   0x00000002   PAD
    0x0800b0e0   0x0800b0e0   0x000000e0   Code   RO         2972    i.timer_init        gd32f10x_timer.o
    0x0800b1c0   0x0800b1c0   0x00000010   Code   RO         2975    i.timer_input_trigger_source_select  gd32f10x_timer.o
    0x0800b1d0   0x0800b1d0   0x00000008   Code   RO         2979    i.timer_interrupt_enable  gd32f10x_timer.o
    0x0800b1d8   0x0800b1d8   0x00000006   Code   RO         2980    i.timer_interrupt_flag_clear  gd32f10x_timer.o
    0x0800b1de   0x0800b1de   0x00000018   Code   RO         2981    i.timer_interrupt_flag_get  gd32f10x_timer.o
    0x0800b1f6   0x0800b1f6   0x0000001a   Code   RO         2983    i.timer_master_slave_mode_config  gd32f10x_timer.o
    0x0800b210   0x0800b210   0x00000010   Code   RO         2990    i.timer_slave_mode_select  gd32f10x_timer.o
    0x0800b220   0x0800b220   0x00000016   Code   RO         2991    i.timer_struct_para_init  gd32f10x_timer.o
    0x0800b236   0x0800b236   0x00000002   PAD
    0x0800b238   0x0800b238   0x0000007c   Code   RO         3844    i.uart_send_buf     bsp_uart.o
    0x0800b2b4   0x0800b2b4   0x00000064   Code   RO         3845    i.uart_var_init     bsp_uart.o
    0x0800b318   0x0800b318   0x00000090   Code   RO         3355    i.usart_baudrate_set  gd32f10x_usart.o
    0x0800b3a8   0x0800b3a8   0x0000000a   Code   RO         3356    i.usart_data_receive  gd32f10x_usart.o
    0x0800b3b2   0x0800b3b2   0x00000008   Code   RO         3357    i.usart_data_transmit  gd32f10x_usart.o
    0x0800b3ba   0x0800b3ba   0x00000002   PAD
    0x0800b3bc   0x0800b3bc   0x00000090   Code   RO         3358    i.usart_deinit      gd32f10x_usart.o
    0x0800b44c   0x0800b44c   0x0000000a   Code   RO         3362    i.usart_enable      gd32f10x_usart.o
    0x0800b456   0x0800b456   0x0000001e   Code   RO         3364    i.usart_flag_get    gd32f10x_usart.o
    0x0800b474   0x0800b474   0x00000014   Code   RO         3368    i.usart_hardware_flow_cts_config  gd32f10x_usart.o
    0x0800b488   0x0800b488   0x00000014   Code   RO         3369    i.usart_hardware_flow_rts_config  gd32f10x_usart.o
    0x0800b49c   0x0800b49c   0x0000001a   Code   RO         3370    i.usart_interrupt_disable  gd32f10x_usart.o
    0x0800b4b6   0x0800b4b6   0x0000001a   Code   RO         3371    i.usart_interrupt_enable  gd32f10x_usart.o
    0x0800b4d0   0x0800b4d0   0x00000012   Code   RO         3372    i.usart_interrupt_flag_clear  gd32f10x_usart.o
    0x0800b4e2   0x0800b4e2   0x00000038   Code   RO         3373    i.usart_interrupt_flag_get  gd32f10x_usart.o
    0x0800b51a   0x0800b51a   0x00000010   Code   RO         3383    i.usart_parity_config  gd32f10x_usart.o
    0x0800b52a   0x0800b52a   0x00000010   Code   RO         3385    i.usart_receive_config  gd32f10x_usart.o
    0x0800b53a   0x0800b53a   0x00000010   Code   RO         3391    i.usart_stop_bit_set  gd32f10x_usart.o
    0x0800b54a   0x0800b54a   0x00000010   Code   RO         3395    i.usart_transmit_config  gd32f10x_usart.o
    0x0800b55a   0x0800b55a   0x00000010   Code   RO         3396    i.usart_word_length_set  gd32f10x_usart.o
    0x0800b56a   0x0800b56a   0x00000088   Code   RO         3693    i.write_eeprom      bsp_eeprom.o
    0x0800b5f2   0x0800b5f2   0x00000002   PAD
    0x0800b5f4   0x0800b5f4   0x0000002c   Code   RO         5671    locale$$code        c_w.l(lc_numeric_c.o)
    0x0800b620   0x0800b620   0x0000002c   Code   RO         5774    locale$$code        c_w.l(lc_ctype_c.o)
    0x0800b64c   0x0800b64c   0x00000062   Code   RO         5519    x$fpl$d2f           fz_ws.l(d2f.o)
    0x0800b6ae   0x0800b6ae   0x00000002   PAD
    0x0800b6b0   0x0800b6b0   0x00000010   Code   RO         5805    x$fpl$dcheck1       fz_ws.l(dcheck1.o)
    0x0800b6c0   0x0800b6c0   0x00000018   Code   RO         5597    x$fpl$dcmpinf       fz_ws.l(dcmpi.o)
    0x0800b6d8   0x0800b6d8   0x00000078   Code   RO         5761    x$fpl$deqf          fz_ws.l(deqf.o)
    0x0800b750   0x0800b750   0x00000078   Code   RO         5541    x$fpl$dleqf         fz_ws.l(dleqf.o)
    0x0800b7c8   0x0800b7c8   0x00000154   Code   RO         5543    x$fpl$dmul          fz_ws.l(dmul.o)
    0x0800b91c   0x0800b91c   0x0000009c   Code   RO         5599    x$fpl$dnaninf       fz_ws.l(dnaninf.o)
    0x0800b9b8   0x0800b9b8   0x0000000c   Code   RO         5601    x$fpl$dretinf       fz_ws.l(dretinf.o)
    0x0800b9c4   0x0800b9c4   0x0000006c   Code   RO         5545    x$fpl$drleqf        fz_ws.l(drleqf.o)
    0x0800ba30   0x0800ba30   0x00000056   Code   RO         5547    x$fpl$f2d           fz_ws.l(f2d.o)
    0x0800ba86   0x0800ba86   0x00000002   PAD
    0x0800ba88   0x0800ba88   0x000000c4   Code   RO         5549    x$fpl$fadd          fz_ws.l(faddsub_clz.o)
    0x0800bb4c   0x0800bb4c   0x00000018   Code   RO         5603    x$fpl$fcmpinf       fz_ws.l(fcmpi.o)
    0x0800bb64   0x0800bb64   0x00000184   Code   RO         5556    x$fpl$fdiv          fz_ws.l(fdiv.o)
    0x0800bce8   0x0800bce8   0x00000068   Code   RO         5559    x$fpl$feqf          fz_ws.l(feqf.o)
    0x0800bd50   0x0800bd50   0x0000003e   Code   RO         5561    x$fpl$ffixu         fz_ws.l(ffixu.o)
    0x0800bd8e   0x0800bd8e   0x00000002   PAD
    0x0800bd90   0x0800bd90   0x00000026   Code   RO         5565    x$fpl$ffltu         fz_ws.l(fflt_clz.o)
    0x0800bdb6   0x0800bdb6   0x00000002   PAD
    0x0800bdb8   0x0800bdb8   0x00000068   Code   RO         5571    x$fpl$fleqf         fz_ws.l(fleqf.o)
    0x0800be20   0x0800be20   0x00000102   Code   RO         5573    x$fpl$fmul          fz_ws.l(fmul.o)
    0x0800bf22   0x0800bf22   0x0000008c   Code   RO         5605    x$fpl$fnaninf       fz_ws.l(fnaninf.o)
    0x0800bfae   0x0800bfae   0x0000000a   Code   RO         5607    x$fpl$fretinf       fz_ws.l(fretinf.o)
    0x0800bfb8   0x0800bfb8   0x00000062   Code   RO         5575    x$fpl$frleqf        fz_ws.l(frleqf.o)
    0x0800c01a   0x0800c01a   0x00000002   PAD
    0x0800c01c   0x0800c01c   0x000000ea   Code   RO         5551    x$fpl$fsub          fz_ws.l(faddsub_clz.o)
    0x0800c106   0x0800c106   0x00000006   Code   RO         5677    x$fpl$ieeestatus    fz_ws.l(istatus.o)
    0x0800c10c   0x0800c10c   0x00000004   Code   RO         5577    x$fpl$printf1       fz_ws.l(printf1.o)
    0x0800c110   0x0800c110   0x00000064   Code   RO         5835    x$fpl$retnan        fz_ws.l(retnan.o)
    0x0800c174   0x0800c174   0x0000005c   Code   RO         5780    x$fpl$scalbn        fz_ws.l(scalbn.o)
    0x0800c1d0   0x0800c1d0   0x00000004   Code   RO         5579    x$fpl$scanf1        fz_ws.l(scanf1.o)
    0x0800c1d4   0x0800c1d4   0x00000008   Code   RO         5679    x$fpl$scanf2        fz_ws.l(scanf2.o)
    0x0800c1dc   0x0800c1dc   0x00000030   Code   RO         5864    x$fpl$trapveneer    fz_ws.l(trapv.o)
    0x0800c20c   0x0800c20c   0x00000000   Code   RO         5609    x$fpl$usenofp       fz_ws.l(usenofp.o)
    0x0800c20c   0x0800c20c   0x00000016   Data   RO         3986    .constdata          bsp_adc.o
    0x0800c222   0x0800c222   0x00000014   Data   RO         5032    .constdata          task_status.o
    0x0800c236   0x0800c236   0x00000002   PAD
    0x0800c238   0x0800c238   0x00000024   Data   RO         5086    .constdata          task_manage.o
    0x0800c25c   0x0800c25c   0x000052fc   Data   RO         5223    .constdata          gui.o
    0x08011558   0x08011558   0x00000011   Data   RO         5489    .constdata          c_w.l(__printf_flags_wp.o)
    0x08011569   0x08011569   0x00000003   PAD
    0x0801156c   0x0801156c   0x00000094   Data   RO         5646    .constdata          c_w.l(bigflt0.o)
    0x08011600   0x08011600   0x00000020   Data   RO         5890    Region$$Table       anon$$obj.o
    0x08011620   0x08011620   0x00000008   Data   RO         5673    c$$dinf             fz_ws.l(fpconst.o)
    0x08011628   0x08011628   0x00000008   Data   RO         5676    c$$dmax             fz_ws.l(fpconst.o)
    0x08011630   0x08011630   0x0000001c   Data   RO         5670    locale$$data        c_w.l(lc_numeric_c.o)
    0x0801164c   0x0801164c   0x00000110   Data   RO         5773    locale$$data        c_w.l(lc_ctype_c.o)


    Execution Region RW_IRAM1 (Exec base: 0x20000000, Load base: 0x0801175c, Size: 0x00002e18, Max: 0x0000c000, ABSOLUTE, COMPRESSED[0x000002c4])

    Exec Addr    Load Addr    Size         Type   Attr      Idx    E Section Name        Object

    0x20000000   COMPRESSED   0x00000004   Data   RW            6    .data               system_gd32f10x.o
    0x20000004   COMPRESSED   0x0000000c   Data   RW         3915    .data               bsp_timer.o
    0x20000010   COMPRESSED   0x0000002c   Data   RW         4165    .data               bsp_key.o
    0x2000003c   COMPRESSED   0x0000004c   Data   RW         4391    .data               main.o
    0x20000088   COMPRESSED   0x00000004   Data   RW         4548    .data               sys_config.o
    0x2000008c   COMPRESSED   0x00000054   Data   RW         4597    .data               task_com.o
    0x200000e0   COMPRESSED   0x00000321   Data   RW         4685    .data               task_gui.o
    0x20000401   COMPRESSED   0x00000003   PAD
    0x20000404   COMPRESSED   0x00000030   Data   RW         4959    .data               task_dose.o
    0x20000434   COMPRESSED   0x0000000f   Data   RW         5033    .data               task_status.o
    0x20000443   COMPRESSED   0x00000001   PAD
    0x20000444   COMPRESSED   0x00000005   Data   RW         5087    .data               task_manage.o
    0x20000449   COMPRESSED   0x00000003   PAD
    0x2000044c   COMPRESSED   0x0000000e   Data   RW         5140    .data               dose.o
    0x2000045a   COMPRESSED   0x00000002   PAD
    0x2000045c        -       0x00000838   Zero   RW         3846    .bss                bsp_uart.o
    0x20000c94        -       0x0000000c   Zero   RW         4164    .bss                bsp_key.o
    0x20000ca0        -       0x000002b4   Zero   RW         4958    .bss                task_dose.o
    0x20000f54        -       0x000001a4   Zero   RW         5139    .bss                dose.o
    0x200010f8        -       0x000012c0   Zero   RW         5222    .bss                gui.o
    0x200023b8        -       0x00000060   Zero   RW         5694    .bss                c_w.l(libspace.o)
    0x20002418        -       0x00000400   Zero   RW          132    HEAP                startup_gd32f10x_hd.o
    0x20002818        -       0x00000600   Zero   RW          131    STACK               startup_gd32f10x_hd.o


==============================================================================

Image component sizes


      Code (inc. data)   RO Data    RW Data    ZI Data      Debug   Object Name

       584         46         22          0          0       3629   bsp_adc.o
       730         40          0          0          0       8028   bsp_eeprom.o
       536         50          0          0          0       3161   bsp_gpio.o
       344         34          0         44         12       3566   bsp_key.o
       954         30          0          0          0       6054   bsp_lcd.o
       188         12          0          0          0       1025   bsp_pwm.o
       818         36          0          0          0       7064   bsp_rtc.o
       688         66          0         12          0       4365   bsp_timer.o
       986         84          0          0       2104       5305   bsp_uart.o
      2206        228          0          0          0       9721   display.o
       772         96          0         14        420       4019   dose.o
       692         10          0          0          0       7396   gd32f10x_adc.o
       332          6          0          0          0       2161   gd32f10x_gpio.o
        78         18          0          0          0       4510   gd32f10x_it.o
       216         28          0          0          0       1756   gd32f10x_misc.o
       460         56          0          0          0       3059   gd32f10x_rcu.o
        88          0          0          0          0       3226   gd32f10x_spi.o
      1364         72          0          0          0      11526   gd32f10x_timer.o
       592         16          0          0          0       9390   gd32f10x_usart.o
      4134         80      21244          0       4800      15008   gui.o
       262         26          0         76          0       4252   main.o
        64         26        304          0       2560        828   startup_gd32f10x_hd.o
        98          0          0          0          0       1858   sys.o
       140         16          0          4          0      23572   sys_config.o
       416         30          0          4          0      49731   system_gd32f10x.o
       284         46          0         84          0       2557   task_com.o
       796         54          0         48        692       6322   task_dose.o
     16398       3830          0        801          0      29463   task_gui.o
       720         98         36          5          0       2956   task_manage.o
       656         80         20         15          0       4135   task_status.o

    ----------------------------------------------------------------------
     36644       5214      21660       1116      10588     239643   Object Totals
         0          0         32          0          0          0   (incl. Generated)
        48          0          2          9          0          0   (incl. Padding)

    ----------------------------------------------------------------------

      Code (inc. data)   RO Data    RW Data    ZI Data      Debug   Library Member Name

        60          8          0          0          0         84   __0sscanf.o
        90          0          0          0          0          0   __dczerorl2.o
         8          0          0          0          0         68   __main.o
       312          4         17          0          0         92   __printf_flags_wp.o
        14          0          0          0          0         68   __printf_wp.o
         0          0          0          0          0          0   __rtentry.o
        12          0          0          0          0          0   __rtentry2.o
         6          0          0          0          0          0   __rtentry4.o
        52          8          0          0          0          0   __scatter.o
        28          0          0          0          0          0   __scatter_zi.o
        28          0          0          0          0         68   _chval.o
        48          6          0          0          0         96   _printf_char_common.o
         6          0          0          0          0          0   _printf_d.o
       120         16          0          0          0         92   _printf_dec.o
         6          0          0          0          0          0   _printf_f.o
      1054          0          0          0          0        216   _printf_fp_dec.o
       128         16          0          0          0         84   _printf_fp_infnan.o
       178          0          0          0          0         88   _printf_intcommon.o
        78          0          0          0          0        108   _printf_pad.o
         0          0          0          0          0          0   _printf_percent.o
         4          0          0          0          0          0   _printf_percent_end.o
        22          0          0          0          0        100   _rserrno.o
       884          4          0          0          0        100   _scanf.o
        64          0          0          0          0         84   _sgetc.o
        10          0          0          0          0         68   _sputc.o
       228          4        148          0          0         96   bigflt0.o
      2152        136          0          0          0        960   btod.o
        18          0          0          0          0         80   exit.o
         6          0          0          0          0        152   heapauxi.o
         0          0          0          0          0          0   indicate_semi.o
        18          0          0          0          0         76   isspace.o
        44         10        272          0          0         76   lc_ctype_c.o
        44         10         28          0          0         76   lc_numeric_c.o
         2          0          0          0          0          0   libinit.o
        30          0          0          0          0          0   libinit2.o
         2          0          0          0          0          0   libshutdown.o
         2          0          0          0          0          0   libshutdown2.o
         8          4          0          0         96         68   libspace.o
        38          0          0          0          0         68   llshl.o
       138          0          0          0          0         80   lludiv10.o
        88          0          0          0          0         76   memcmp.o
        40          6          0          0          0         84   noretval__2sprintf.o
        16          4          0          0          0         76   rt_ctype_table.o
         8          4          0          0          0         68   rt_errno_addr_intlibspace.o
         8          4          0          0          0         68   rt_locale_intlibspace.o
        68          0          0          0          0         68   rt_memclr.o
        78          0          0          0          0         80   rt_memclr_w.o
       138          0          0          0          0         68   rt_memcpy_v6.o
       100          0          0          0          0         80   rt_memcpy_w.o
         2          0          0          0          0          0   rtexit.o
        10          0          0          0          0          0   rtexit2.o
        44          8          0          0          0         84   scanf_char.o
      1272         16          0          0          0        168   scanf_fp.o
       800         14          0          0          0        100   scanf_hexfp.o
       308         16          0          0          0        100   scanf_infnan.o
       128          0          0          0          0         68   strcmpv7m.o
        62          0          0          0          0         76   strlen.o
        12          4          0          0          0         68   sys_exit.o
        74          0          0          0          0         80   sys_stackheap_outer.o
         2          0          0          0          0         68   use_no_semi.o
        98          4          0          0          0         92   d2f.o
        16          4          0          0          0         68   dcheck1.o
        24          0          0          0          0         68   dcmpi.o
       120          4          0          0          0         92   deqf.o
       120          4          0          0          0         92   dleqf.o
       340         12          0          0          0        104   dmul.o
       156          4          0          0          0         92   dnaninf.o
        12          0          0          0          0         68   dretinf.o
       108          0          0          0          0         80   drleqf.o
        86          4          0          0          0         84   f2d.o
       430          8          0          0          0        168   faddsub_clz.o
        24          0          0          0          0         68   fcmpi.o
       388         76          0          0          0         96   fdiv.o
       104          4          0          0          0         84   feqf.o
        62          4          0          0          0         84   ffixu.o
        38          0          0          0          0         68   fflt_clz.o
       104          4          0          0          0         84   fleqf.o
       258          4          0          0          0         84   fmul.o
       140          4          0          0          0         84   fnaninf.o
         0          0         16          0          0          0   fpconst.o
        10          0          0          0          0         68   fretinf.o
        98          0          0          0          0         68   frleqf.o
         6          0          0          0          0         68   istatus.o
         4          0          0          0          0         68   printf1.o
       100          0          0          0          0         68   retnan.o
        92          0          0          0          0         68   scalbn.o
         4          0          0          0          0         68   scanf1.o
         8          0          0          0          0         84   scanf2.o
        48          0          0          0          0         68   trapv.o
         0          0          0          0          0          0   usenofp.o
        30          6          0          0          0        136   dunder.o
        40          0          0          0          0         68   fpclassify.o
        88          8          0          0          0         76   frexp.o
       138          0          0          0          0        160   ldexp.o
       204          4          0          0          0        168   narrow.o

    ----------------------------------------------------------------------
     12728        462        484          0         96       7524   Library Totals
        30          2          3          0          0          0   (incl. Padding)

    ----------------------------------------------------------------------

      Code (inc. data)   RO Data    RW Data    ZI Data      Debug   Library Name

      9200        302        465          0         96       4628   c_w.l
      2998        140         16          0          0       2288   fz_ws.l
       500         18          0          0          0        608   m_ws.l

    ----------------------------------------------------------------------
     12728        462        484          0         96       7524   Library Totals

    ----------------------------------------------------------------------

==============================================================================


      Code (inc. data)   RO Data    RW Data    ZI Data      Debug   

     49372       5676      22144       1116      10684     229119   Grand Totals
     49372       5676      22144        708      10684     229119   ELF Image Totals (compressed)
     49372       5676      22144        708          0          0   ROM Totals

==============================================================================

    Total RO  Size (Code + RO Data)                71516 (  69.84kB)
    Total RW  Size (RW Data + ZI Data)             11800 (  11.52kB)
    Total ROM Size (Code + RO Data + RW Data)      72224 (  70.53kB)

==============================================================================

