<html>
<body>
<pre>
<h1>µVision Build Log</h1>
<h2>Tool Versions:</h2>
IDE-Version: ¦ÌVision V5.34.0.0
Copyright (C) 2021 ARM Ltd and ARM Germany GmbH. All rights reserved.
License Information: 1 1,  , LIC=VGXG8-3X7AK-NNUAF-6JC2V-8DHA2-24KLE
 
Tool Versions:
Toolchain:       MDK-ARM Plus  Version: 5.34.0.0
Toolchain Path:  D:\Keil_v5\ARM\ARMCC\Bin
C Compiler:      Armcc.exe V5.06 update 7 (build 960)
Assembler:       Armasm.exe V5.06 update 7 (build 960)
Linker/Locator:  ArmLink.exe V5.06 update 7 (build 960)
Library Manager: ArmAr.exe V5.06 update 7 (build 960)
Hex Converter:   FromElf.exe V5.06 update 7 (build 960)
CPU DLL:         SARMCM3.DLL V5.34.0.0
Dialog DLL:      DCM.DLL V1.17.3.0
Target DLL:      CMSIS_AGDI.dll V1.32.13.0
Dialog DLL:      TCM.DLL V1.48.0.0
 
<h2>Project:</h2>
E:\Desktop\prm_pro\PORJ\WF-WXTX_A.uvprojx
Project File Date:  01/05/2026

<h2>Output:</h2>
*** Using Compiler 'V5.06 update 7 (build 960)', folder: 'D:\Keil_v5\ARM\ARMCC\Bin'
Build target 'Target 1'
compiling Task_status.c...
compiling Task_dose.c...
compiling main.c...
compiling bsp_eeprom.c...
compiling bsp_timer.c...
compiling Task_gui.c...
..\APP\Task_gui.c(300): warning:  #177-D: variable "i"  was declared but never referenced
  	uint8_t i;
..\APP\Task_gui.c(407): warning:  #177-D: variable "i"  was declared but never referenced
  	uint8_t i;
..\APP\Task_gui.c(725): warning:  #1-D: last line of file ends without a newline
  }
..\APP\Task_gui.c: 3 warnings, 0 errors
compiling sys_config.c...
compiling bsp_adc.c...
compiling bsp_rtc.c...
compiling display.c...
..\GUI\display.c(16): warning:  #223-D: function "sprintf" declared implicitly
  	sprintf(arry,"%3d%%",batVoltPerSmooth);
..\GUI\display.c(17): warning:  #167-D: argument of type "char *" is incompatible with parameter of type "uint8_t *"
  	GUI_SetString1608(181,0,arry);
..\GUI\display.c(32): warning:  #223-D: function "sprintf" declared implicitly
  	sprintf(arry,"%02d:%02d:%02d",time[2],time[1],time[0]);
..\GUI\display.c(33): warning:  #167-D: argument of type "char *" is incompatible with parameter of type "uint8_t *"
  	GUI_SetString1608(x,y,arry);
..\GUI\display.c(36): warning:  #167-D: argument of type "char *" is incompatible with parameter of type "uint8_t *"
  	GUI_SetString1608(x,y+24,arry);
..\GUI\display.c(51): warning:  #223-D: function "sprintf" declared implicitly
  	sprintf(arry,"%3.2f",val);
..\GUI\display.c(53): warning:  #167-D: argument of type "char *" is incompatible with parameter of type "uint8_t *"
  	GUI_SetString2412(x+(6-strlen(arry))*6,y,arry);
..\GUI\display.c(41): warning:  #177-D: variable "valInt"  was declared but never referenced
  	uint8_t valInt = 0;
..\GUI\display.c(42): warning:  #177-D: variable "valFra"  was declared but never referenced
  	uint8_t valFra = 0;
..\GUI\display.c(43): warning:  #177-D: variable "offset"  was declared but never referenced
  	uint8_t offset = 0;
..\GUI\display.c(116): warning:  #223-D: function "sprintf" declared implicitly
  	sprintf(arry,"%3d",valInt);
..\GUI\display.c(117): warning:  #167-D: argument of type "char *" is incompatible with parameter of type "uint8_t *"
  	GUI_SetString4824(x+12*offset,y,&arry[offset]);
..\GUI\display.c(120): warning:  #167-D: argument of type "char *" is incompatible with parameter of type "uint8_t *"
  	GUI_SetString4824(x+84-12*offset,y,arry);
..\GUI\display.c(137): warning:  #223-D: function "sprintf" declared implicitly
  	sprintf(arry,"%02d:%02d:%02d",time[2],time[1],time[0]);
..\GUI\display.c(138): warning:  #167-D: argument of type "char *" is incompatible with parameter of type "uint8_t *"
  	GUI_SetString1608(0,0,arry);
..\GUI\display.c(253): warning:  #223-D: function "sprintf" declared implicitly
  	sprintf(arry,"%3d",brightness);
..\GUI\display.c(254): warning:  #167-D: argument of type "char *" is incompatible with parameter of type "uint8_t *"
  	GUI_SetString2412(x+30,y+40,arry);
..\GUI\display.c: 17 warnings, 0 errors
compiling bsp_gpio.c...
..\BSP\bsp_gpio.c(201): warning:  #1-D: last line of file ends without a newline
  }
..\BSP\bsp_gpio.c: 1 warning, 0 errors
linking...
Program Size: Code=27758 RO-data=17238 RW-data=500 ZI-data=12132  
FromELF: creating hex file...
".\Objects\WF-WXTA_A.axf" - 0 Error(s), 21 Warning(s).

<h2>Software Packages used:</h2>

Package Vendor: GigaDevice
                https://gd32mcu.com/data/documents/pack/GigaDevice.GD32F10x_DFP.2.0.3.pack
                GigaDevice.GD32F10x_DFP.2.0.3
                GigaDevice GD32F10x Series Device Support and Examples

<h2>Collection of Component include folders:</h2>
  D:\Keil_v5\Packs\GigaDevice\GD32F10x_DFP\2.0.3\Device\Include

<h2>Collection of Component Files used:</h2>
Build Time Elapsed:  00:00:01
</pre>
</body>
</html>
