<html>
<body>
<pre>
<h1>礦ision Build Log</h1>
<h2>Tool Versions:</h2>
IDE-Version: μVision V5.34.0.0
Copyright (C) 2021 ARM Ltd and ARM Germany GmbH. All rights reserved.
License Information:  ,  , LIC=YA39H-WJSYV-PCLJ8-3NR8D-S14VJ-WMP6L
 
Tool Versions:
Toolchain:       MDK-ARM Plus  Version: 5.34.0.0
Toolchain Path:  D:\Keil_v5\ARM\ARMCC\Bin
C Compiler:      Armcc.exe V5.06 update 7 (build 960)
Assembler:       Armasm.exe V5.06 update 7 (build 960)
Linker/Locator:  ArmLink.exe V5.06 update 7 (build 960)
Library Manager: ArmAr.exe V5.06 update 7 (build 960)
Hex Converter:   FromElf.exe V5.06 update 7 (build 960)
CPU DLL:         SARMCM3.DLL V5.34.0.0
Dialog DLL:      DCM.DLL V1.17.3.0
Target DLL:      CMSIS_AGDI.dll V1.32.13.0
Dialog DLL:      TCM.DLL V1.48.0.0
 
<h2>Project:</h2>
E:\work\prm_pro\prm_pro\PORJ\WF-WXTX_A.uvprojx
Project File Date:  01/24/2026

<h2>Output:</h2>
*** Using Compiler 'V5.06 update 7 (build 960)', folder: 'D:\Keil_v5\ARM\ARMCC\Bin'
Build target 'Target 1'
compiling sys_config.c...
compiling bsp_rtc.c...
compiling main.c...
compiling bsp_uart.c...
..\BSP\bsp_uart.c(124): warning:  #177-D: function "UartSend"  was declared but never referenced
  static uint8_t UartSend(UART_T *_pUart, uint8_t *_ucaBuf, uint16_t _usLen)
..\BSP\bsp_uart.c: 1 warning, 0 errors
compiling gd32f10x_it.c...
compiling Task_dose.c...
compiling bsp_timer.c...
compiling bsp_adc.c...
compiling bsp_gpio.c...
..\BSP\bsp_gpio.c(201): warning:  #1-D: last line of file ends without a newline
  }
..\BSP\bsp_gpio.c: 1 warning, 0 errors
compiling bsp_lcd.c...
compiling Task_status.c...
compiling bsp_eeprom.c...
compiling Task_com.c...
..\APP\Task_com.h(10): warning:  #1-D: last line of file ends without a newline
  #endif
..\APP\Task_com.c(58): warning:  #223-D: function "sscanf" declared implicitly
  				sscanf((char *)(ReceBuf + 3), "RD %f %d %f", &f_value, &state, &nbr);
..\APP\Task_com.c(62): warning:  #223-D: function "sscanf" declared implicitly
  				sscanf((char *)(ReceBuf + 3), "RD %f  ", &f_value);
..\APP\Task_com.c(37): warning:  #177-D: variable "i"  was declared but never referenced
  	uint16 i, m;
..\APP\Task_com.c(42): warning:  #177-D: variable "calibFactor"  was declared but never referenced
  	float calibFactor = 1.0f;
..\APP\Task_com.c(91): warning:  #940-D: missing return statement at end of non-void function "DebugReplyFramePacket" 
  }
..\APP\Task_com.c(88): warning:  #177-D: variable "i"  was declared but never referenced
  	uint16_t i = 0;
..\APP\Task_com.c(95): warning:  #177-D: variable "i"  was declared but never referenced
  	uint16_t i = 0;
..\APP\Task_com.c: 8 warnings, 0 errors
compiling sys.c...
compiling Task_gui.c...
..\APP\Task_gui.c(363): warning:  #223-D: function "Get_RTC_Time" declared implicitly
  	Get_RTC_Time(time);
..\APP\Task_gui.c(380): warning:  #223-D: function "sprintf" declared implicitly
  	sprintf(str, "20%02d", time[5]);
..\APP\Task_gui.c(392): warning:  #223-D: function "Get_RTC_Time" declared implicitly
  	Get_RTC_Time(time);
..\APP\Task_gui.c(409): warning:  #223-D: function "sprintf" declared implicitly
  	sprintf(str, "%02d:%02d:%02d", time[2], time[1], time[0]);
..\APP\Task_gui.c(455): warning:  #223-D: function "sprintf" declared implicitly
  	sprintf(str, "%dS", basicParam.blTime);
..\APP\Task_gui.c(456): warning:  #167-D: argument of type "char *" is incompatible with parameter of type "uint8_t *"
  	GUI_SetString2412(160, 24 + height * 2, str, 0);
..\APP\Task_gui.c(511): warning:  #223-D: function "Get_RTC_Time" declared implicitly
  	Get_RTC_Time(time);
..\APP\Task_gui.c(527): warning:  #223-D: function "Set_RTC_Time" declared implicitly
  					Set_RTC_Time(time);
..\APP\Task_gui.c(643): warning:  #223-D: function "sprintf" declared implicitly
  	sprintf(str, "20%02d", tim[0]);
..\APP\Task_gui.c(660): warning:  #223-D: function "Get_RTC_Time" declared implicitly
  	Get_RTC_Time(time);
..\APP\Task_gui.c(676): warning:  #223-D: function "Set_RTC_Time" declared implicitly
  				Set_RTC_Time(time);
..\APP\Task_gui.c(797): warning:  #223-D: function "sprintf" declared implicitly
  	sprintf(str, "%02d", tim[0]);
..\APP\Task_gui.c(945): warning:  #223-D: function "sprintf" declared implicitly
  	sprintf(str, "%dS", blTime);
..\APP\Task_gui.c(946): warning:  #167-D: argument of type "char *" is incompatible with parameter of type "uint8_t *"
  	GUI_SetString2412(160, 24 + height * 2, str, 1);
..\APP\Task_gui.c(1271): warning:  #177-D: variable "i"  was declared but never referenced
  	uint8_t i;
..\APP\Task_gui.c(1505): warning:  #177-D: variable "height"  was declared but never referenced
  	uint8_t height = 24;
..\APP\Task_gui.c: 16 warnings, 0 errors
compiling gui.c...
..\GUI\gui.c(112): warning:  #177-D: variable "height"  was declared but never referenced
  	uint8_t height = 2;
..\GUI\gui.c(153): warning:  #177-D: variable "height"  was declared but never referenced
  	uint8_t height = 3;
..\GUI\gui.c(194): warning:  #177-D: variable "height"  was declared but never referenced
  	uint8_t height = 4;
..\GUI\gui.c(242): warning:  #177-D: variable "height"  was declared but never referenced
  	uint8_t height =6;
..\GUI\gui.c(299): warning:  #177-D: variable "j"  was declared but never referenced
  	uint8_t i,j;
..\GUI\gui.c(347): warning:  #2548-D: multicharacter character literal (potential portability problem)
  		case '信':
..\GUI\gui.c(349): warning:  #2548-D: multicharacter character literal (potential portability problem)
  		case '系':
..\GUI\gui.c(351): warning:  #2548-D: multicharacter character literal (potential portability problem)
  		case '统':
..\GUI\gui.c(353): warning:  #2548-D: multicharacter character literal (potential portability problem)
  		case '历':
..\GUI\gui.c(355): warning:  #2548-D: multicharacter character literal (potential portability problem)
  		case '史':
..\GUI\gui.c(357): warning:  #2548-D: multicharacter character literal (potential portability problem)
  		case '数':
..\GUI\gui.c(359): warning:  #2548-D: multicharacter character literal (potential portability problem)
  		case '据':
..\GUI\gui.c(361): warning:  #2548-D: multicharacter character literal (potential portability problem)
  		case '用':
..\GUI\gui.c(363): warning:  #2548-D: multicharacter character literal (potential portability problem)
  		case '户':
..\GUI\gui.c(365): warning:  #2548-D: multicharacter character literal (potential portability problem)
  		case '报':
..\GUI\gui.c(367): warning:  #2548-D: multicharacter character literal (potential portability problem)
  		case '警':
..\GUI\gui.c(369): warning:  #2548-D: multicharacter character literal (potential portability problem)
  		case '确':
..\GUI\gui.c(371): warning:  #2548-D: multicharacter character literal (potential portability problem)
  		case '认':
..\GUI\gui.c(373): warning:  #2548-D: multicharacter character literal (potential portability problem)
  		case '返':
..\GUI\gui.c(375): warning:  #2548-D: multicharacter character literal (potential portability problem)
  		case '回':
..\GUI\gui.c(377): warning:  #2548-D: multicharacter character literal (potential portability problem)
  		case '按':
..\GUI\gui.c(379): warning:  #2548-D: multicharacter character literal (potential portability problem)
  		case '键':
..\GUI\gui.c(381): warning:  #2548-D: multicharacter character literal (potential portability problem)
  		case '音':
..\GUI\gui.c(383): warning:  #2548-D: multicharacter character literal (potential portability problem)
  		case '日':
..\GUI\gui.c(385): warning:  #2548-D: multicharacter character literal (potential portability problem)
  		case '期':
..\GUI\gui.c(387): warning:  #2548-D: multicharacter character literal (potential portability problem)
  		case '时':
..\GUI\gui.c(389): warning:  #2548-D: multicharacter character literal (potential portability problem)
  		case '间':
..\GUI\gui.c(391): warning:  #2548-D: multicharacter character literal (potential portability problem)
  		case '背':
..\GUI\gui.c(393): warning:  #2548-D: multicharacter character literal (potential portability problem)
  		case '光':
..\GUI\gui.c(395): warning:  #2548-D: multicharacter character literal (potential portability problem)
  		case '亮':
..\GUI\gui.c(397): warning:  #2548-D: multicharacter character literal (potential portability problem)
  		case '度':
..\GUI\gui.c(399): warning:  #2548-D: multicharacter character literal (potential portability problem)
  		case '开':
..\GUI\gui.c(401): warning:  #2548-D: multicharacter character literal (potential portability problem)
  		case '关':
..\GUI\gui.c(403): warning:  #2548-D: multicharacter character literal (potential portability problem)
  		case '单':
..\GUI\gui.c(405): warning:  #2548-D: multicharacter character literal (potential portability problem)
  		case '位':
..\GUI\gui.c(407): warning:  #2548-D: multicharacter character literal (potential portability problem)
  		case '探':
..\GUI\gui.c(409): warning:  #2548-D: multicharacter character literal (potential portability problem)
  		case '型':
..\GUI\gui.c(411): warning:  #2548-D: multicharacter character literal (potential portability problem)
  		case '器':
..\GUI\gui.c(413): warning:  #2548-D: multicharacter character literal (potential portability problem)
  		case '类':
..\GUI\gui.c(415): warning:  #2548-D: multicharacter character literal (potential portability problem)
  		case '重':
..\GUI\gui.c(417): warning:  #2548-D: multicharacter character literal (potential portability problem)
  		case '阈':
..\GUI\gui.c(419): warning:  #2548-D: multicharacter character literal (potential portability problem)
  		case '值':
..\GUI\gui.c(421): warning:  #2548-D: multicharacter character literal (potential portability problem)
  		case '存':
..\GUI\gui.c(423): warning:  #2548-D: multicharacter character literal (potential portability problem)
  		case '储':
..\GUI\gui.c(425): warning:  #2548-D: multicharacter character literal (potential portability problem)
  		case '查':
..\GUI\gui.c(427): warning:  #2548-D: multicharacter character literal (potential portability problem)
  		case '询':
..\GUI\gui.c(429): warning:  #2548-D: multicharacter character literal (potential portability problem)
  		case '清':
..\GUI\gui.c(431): warning:  #2548-D: multicharacter character literal (potential portability problem)
  		case '除':
..\GUI\gui.c(433): warning:  #2548-D: multicharacter character literal (potential portability problem)
  		case '空':
..\GUI\gui.c(435): warning:  #2548-D: multicharacter character literal (potential portability problem)
  		case '修':
..\GUI\gui.c(437): warning:  #2548-D: multicharacter character literal (potential portability problem)
  		case '改':
..\GUI\gui.c(439): warning:  #2548-D: multicharacter character literal (potential portability problem)
  		case '密':
..\GUI\gui.c(441): warning:  #2548-D: multicharacter character literal (potential portability problem)
  		case '码':
..\GUI\gui.c(535): warning:  #2548-D: multicharacter character literal (potential portability problem)
  		case '请':
..\GUI\gui.c(537): warning:  #2548-D: multicharacter character literal (potential portability problem)
  		case '输':
..\GUI\gui.c(539): warning:  #2548-D: multicharacter character literal (potential portability problem)
  		case '入':
..\GUI\gui.c(541): warning:  #2548-D: multicharacter character literal (potential portability problem)
  		case '密':
..\GUI\gui.c(543): warning:  #2548-D: multicharacter character literal (potential portability problem)
  		case '码':
..\GUI\gui.c(545): warning:  #2548-D: multicharacter character literal (potential portability problem)
  		case '基':
..\GUI\gui.c(547): warning:  #2548-D: multicharacter character literal (potential portability problem)
  		case '高':	
..\GUI\gui.c(549): warning:  #2548-D: multicharacter character literal (potential portability problem)
  		case '级':
..\GUI\gui.c(580): warning:  #177-D: variable "height"  was declared but never referenced
  	uint8_t height = 2;
..\GUI\gui.c(622): warning:  #177-D: variable "height"  was declared but never referenced
  	uint8_t height = 3;
..\GUI\gui.c: 63 warnings, 0 errors
compiling display.c...
..\GUI\display.c(32): warning:  #223-D: function "sprintf" declared implicitly
  	sprintf(arry,"%02d:%02d:%02d",time[2],time[1],time[0]);
..\GUI\display.c(33): warning:  #167-D: argument of type "char *" is incompatible with parameter of type "uint8_t *"
  	GUI_SetString1608(x,y+24,arry,0);
..\GUI\display.c(36): warning:  #167-D: argument of type "char *" is incompatible with parameter of type "uint8_t *"
  	GUI_SetString1608(x,y,arry,0);
..\GUI\display.c(51): warning:  #223-D: function "sprintf" declared implicitly
  	sprintf(arry,"%3.2f",val);
..\GUI\display.c(53): warning:  #167-D: argument of type "char *" is incompatible with parameter of type "uint8_t *"
  	GUI_SetString2412(x+(6-strlen(arry))*6,y,arry,0);
..\GUI\display.c(41): warning:  #177-D: variable "valInt"  was declared but never referenced
  	uint8_t valInt = 0;
..\GUI\display.c(42): warning:  #177-D: variable "valFra"  was declared but never referenced
  	uint8_t valFra = 0;
..\GUI\display.c(43): warning:  #177-D: variable "offset"  was declared but never referenced
  	uint8_t offset = 0;
..\GUI\display.c(116): warning:  #223-D: function "sprintf" declared implicitly
  		sprintf(arry,"%3d",valInt);
..\GUI\display.c(117): warning:  #167-D: argument of type "char *" is incompatible with parameter of type "uint8_t *"
  		GUI_SetString4824(x+12*offset,y,&arry[offset],0);
..\GUI\display.c(120): warning:  #167-D: argument of type "char *" is incompatible with parameter of type "uint8_t *"
  		GUI_SetString4824(x+84-12*offset,y,arry,0);
..\GUI\display.c(137): warning:  #223-D: function "sprintf" declared implicitly
  	sprintf(arry,"%02d:%02d:%02d",time[2],time[1],time[0]);
..\GUI\display.c(138): warning:  #167-D: argument of type "char *" is incompatible with parameter of type "uint8_t *"
  	GUI_SetString1608(0,0,arry,0);
..\GUI\display.c(145): warning:  #177-D: variable "width"  was declared but never referenced
  	uint8_t width = 0;
..\GUI\display.c(206): warning:  #223-D: function "sprintf" declared implicitly
  	sprintf(arry,"%d",brightness);
..\GUI\display.c(207): warning:  #167-D: argument of type "char *" is incompatible with parameter of type "uint8_t *"
  	GUI_SetString2412(x+30,y+40,arry,mode);
..\GUI\display.c: 16 warnings, 0 errors
linking...
Program Size: Code=42828 RO-data=19788 RW-data=952 ZI-data=10024  
FromELF: creating hex file...
".\Objects\WF-WXTA_A.axf" - 0 Error(s), 105 Warning(s).

<h2>Software Packages used:</h2>

Package Vendor: GigaDevice
                https://gd32mcu.com/data/documents/pack/GigaDevice.GD32F10x_DFP.2.0.3.pack
                GigaDevice.GD32F10x_DFP.2.0.3
                GigaDevice GD32F10x Series Device Support and Examples

<h2>Collection of Component include folders:</h2>
  D:\Keil_v5\Packs\GigaDevice\GD32F10x_DFP\2.0.3\Device\Include

<h2>Collection of Component Files used:</h2>
Build Time Elapsed:  00:00:02
</pre>
</body>
</html>
