<!doctype html public "-//w3c//dtd html 4.0 transitional//en">
<html><head>
<title>Static Call Graph - [.\Objects\WF-WXTA_A.axf]</title></head>
<body><HR>
<H1>Static Call Graph for image .\Objects\WF-WXTA_A.axf</H1><HR>
<BR><P>#&#060CALLGRAPH&#062# ARM Linker, 5060960: Last Updated: Sun Jan 25 23:02:36 2026
<BR><P>
<H3>Maximum Stack Usage =        748 bytes + Unknown(Cycles, Untraceable Function Pointers)</H3><H3>
Call chain for Maximum Stack Depth:</H3>
__rt_entry_main &rArr; main &rArr; Task_com &rArr; DetectoCom &rArr; __0sscanf &rArr; __vfscanf_char &rArr; __vfscanf &rArr; _scanf_real &rArr; _scanf_really_real &rArr; _fp_value &rArr; _btod_etento &rArr; _btod_emul &rArr; _e2e
<P>
<H3>
Mutually Recursive functions
</H3> <LI><a href="#[32]">SVC_Handler</a>&nbsp;&nbsp;&nbsp;&rArr;&nbsp;&nbsp;&nbsp;<a href="#[32]">SVC_Handler</a><BR>
 <LI><a href="#[34]">PendSV_Handler</a>&nbsp;&nbsp;&nbsp;&rArr;&nbsp;&nbsp;&nbsp;<a href="#[34]">PendSV_Handler</a><BR>
 <LI><a href="#[48]">ADC0_1_IRQHandler</a>&nbsp;&nbsp;&nbsp;&rArr;&nbsp;&nbsp;&nbsp;<a href="#[48]">ADC0_1_IRQHandler</a><BR>
</UL>
<P>
<H3>
Function Pointers
</H3><UL>
 <LI><a href="#[48]">ADC0_1_IRQHandler</a> from startup_gd32f10x_hd.o(.text) referenced from startup_gd32f10x_hd.o(RESET)
 <LI><a href="#[65]">ADC2_IRQHandler</a> from startup_gd32f10x_hd.o(.text) referenced from startup_gd32f10x_hd.o(RESET)
 <LI><a href="#[30]">BusFault_Handler</a> from gd32f10x_it.o(i.BusFault_Handler) referenced from startup_gd32f10x_hd.o(RESET)
 <LI><a href="#[4c]">CAN0_EWMC_IRQHandler</a> from startup_gd32f10x_hd.o(.text) referenced from startup_gd32f10x_hd.o(RESET)
 <LI><a href="#[4b]">CAN0_RX1_IRQHandler</a> from startup_gd32f10x_hd.o(.text) referenced from startup_gd32f10x_hd.o(RESET)
 <LI><a href="#[41]">DMA0_Channel0_IRQHandler</a> from startup_gd32f10x_hd.o(.text) referenced from startup_gd32f10x_hd.o(RESET)
 <LI><a href="#[42]">DMA0_Channel1_IRQHandler</a> from startup_gd32f10x_hd.o(.text) referenced from startup_gd32f10x_hd.o(RESET)
 <LI><a href="#[43]">DMA0_Channel2_IRQHandler</a> from startup_gd32f10x_hd.o(.text) referenced from startup_gd32f10x_hd.o(RESET)
 <LI><a href="#[44]">DMA0_Channel3_IRQHandler</a> from startup_gd32f10x_hd.o(.text) referenced from startup_gd32f10x_hd.o(RESET)
 <LI><a href="#[45]">DMA0_Channel4_IRQHandler</a> from startup_gd32f10x_hd.o(.text) referenced from startup_gd32f10x_hd.o(RESET)
 <LI><a href="#[46]">DMA0_Channel5_IRQHandler</a> from startup_gd32f10x_hd.o(.text) referenced from startup_gd32f10x_hd.o(RESET)
 <LI><a href="#[47]">DMA0_Channel6_IRQHandler</a> from startup_gd32f10x_hd.o(.text) referenced from startup_gd32f10x_hd.o(RESET)
 <LI><a href="#[6e]">DMA1_Channel0_IRQHandler</a> from startup_gd32f10x_hd.o(.text) referenced from startup_gd32f10x_hd.o(RESET)
 <LI><a href="#[6f]">DMA1_Channel1_IRQHandler</a> from startup_gd32f10x_hd.o(.text) referenced from startup_gd32f10x_hd.o(RESET)
 <LI><a href="#[70]">DMA1_Channel2_IRQHandler</a> from startup_gd32f10x_hd.o(.text) referenced from startup_gd32f10x_hd.o(RESET)
 <LI><a href="#[71]">DMA1_Channel3_4_IRQHandler</a> from startup_gd32f10x_hd.o(.text) referenced from startup_gd32f10x_hd.o(RESET)
 <LI><a href="#[33]">DebugMon_Handler</a> from gd32f10x_it.o(i.DebugMon_Handler) referenced from startup_gd32f10x_hd.o(RESET)
 <LI><a href="#[66]">EXMC_IRQHandler</a> from startup_gd32f10x_hd.o(.text) referenced from startup_gd32f10x_hd.o(RESET)
 <LI><a href="#[3c]">EXTI0_IRQHandler</a> from startup_gd32f10x_hd.o(.text) referenced from startup_gd32f10x_hd.o(RESET)
 <LI><a href="#[5e]">EXTI10_15_IRQHandler</a> from startup_gd32f10x_hd.o(.text) referenced from startup_gd32f10x_hd.o(RESET)
 <LI><a href="#[3d]">EXTI1_IRQHandler</a> from startup_gd32f10x_hd.o(.text) referenced from startup_gd32f10x_hd.o(RESET)
 <LI><a href="#[3e]">EXTI2_IRQHandler</a> from startup_gd32f10x_hd.o(.text) referenced from startup_gd32f10x_hd.o(RESET)
 <LI><a href="#[3f]">EXTI3_IRQHandler</a> from startup_gd32f10x_hd.o(.text) referenced from startup_gd32f10x_hd.o(RESET)
 <LI><a href="#[40]">EXTI4_IRQHandler</a> from startup_gd32f10x_hd.o(.text) referenced from startup_gd32f10x_hd.o(RESET)
 <LI><a href="#[4d]">EXTI5_9_IRQHandler</a> from startup_gd32f10x_hd.o(.text) referenced from startup_gd32f10x_hd.o(RESET)
 <LI><a href="#[3a]">FMC_IRQHandler</a> from startup_gd32f10x_hd.o(.text) referenced from startup_gd32f10x_hd.o(RESET)
 <LI><a href="#[2e]">HardFault_Handler</a> from gd32f10x_it.o(i.HardFault_Handler) referenced from startup_gd32f10x_hd.o(RESET)
 <LI><a href="#[56]">I2C0_ER_IRQHandler</a> from startup_gd32f10x_hd.o(.text) referenced from startup_gd32f10x_hd.o(RESET)
 <LI><a href="#[55]">I2C0_EV_IRQHandler</a> from startup_gd32f10x_hd.o(.text) referenced from startup_gd32f10x_hd.o(RESET)
 <LI><a href="#[58]">I2C1_ER_IRQHandler</a> from startup_gd32f10x_hd.o(.text) referenced from startup_gd32f10x_hd.o(RESET)
 <LI><a href="#[57]">I2C1_EV_IRQHandler</a> from startup_gd32f10x_hd.o(.text) referenced from startup_gd32f10x_hd.o(RESET)
 <LI><a href="#[37]">LVD_IRQHandler</a> from startup_gd32f10x_hd.o(.text) referenced from startup_gd32f10x_hd.o(RESET)
 <LI><a href="#[2f]">MemManage_Handler</a> from gd32f10x_it.o(i.MemManage_Handler) referenced from startup_gd32f10x_hd.o(RESET)
 <LI><a href="#[2d]">NMI_Handler</a> from gd32f10x_it.o(i.NMI_Handler) referenced from startup_gd32f10x_hd.o(RESET)
 <LI><a href="#[34]">PendSV_Handler</a> from startup_gd32f10x_hd.o(.text) referenced from startup_gd32f10x_hd.o(RESET)
 <LI><a href="#[3b]">RCU_IRQHandler</a> from startup_gd32f10x_hd.o(.text) referenced from startup_gd32f10x_hd.o(RESET)
 <LI><a href="#[5f]">RTC_Alarm_IRQHandler</a> from startup_gd32f10x_hd.o(.text) referenced from startup_gd32f10x_hd.o(RESET)
 <LI><a href="#[39]">RTC_IRQHandler</a> from startup_gd32f10x_hd.o(.text) referenced from startup_gd32f10x_hd.o(RESET)
 <LI><a href="#[2c]">Reset_Handler</a> from startup_gd32f10x_hd.o(.text) referenced from startup_gd32f10x_hd.o(RESET)
 <LI><a href="#[67]">SDIO_IRQHandler</a> from startup_gd32f10x_hd.o(.text) referenced from startup_gd32f10x_hd.o(RESET)
 <LI><a href="#[59]">SPI0_IRQHandler</a> from startup_gd32f10x_hd.o(.text) referenced from startup_gd32f10x_hd.o(RESET)
 <LI><a href="#[5a]">SPI1_IRQHandler</a> from startup_gd32f10x_hd.o(.text) referenced from startup_gd32f10x_hd.o(RESET)
 <LI><a href="#[69]">SPI2_IRQHandler</a> from startup_gd32f10x_hd.o(.text) referenced from startup_gd32f10x_hd.o(RESET)
 <LI><a href="#[32]">SVC_Handler</a> from startup_gd32f10x_hd.o(.text) referenced from startup_gd32f10x_hd.o(RESET)
 <LI><a href="#[35]">SysTick_Handler</a> from gd32f10x_it.o(i.SysTick_Handler) referenced from startup_gd32f10x_hd.o(RESET)
 <LI><a href="#[72]">SystemInit</a> from system_gd32f10x.o(i.SystemInit) referenced from startup_gd32f10x_hd.o(.text)
 <LI><a href="#[38]">TAMPER_IRQHandler</a> from startup_gd32f10x_hd.o(.text) referenced from startup_gd32f10x_hd.o(RESET)
 <LI><a href="#[4e]">TIMER0_BRK_IRQHandler</a> from startup_gd32f10x_hd.o(.text) referenced from startup_gd32f10x_hd.o(RESET)
 <LI><a href="#[51]">TIMER0_Channel_IRQHandler</a> from startup_gd32f10x_hd.o(.text) referenced from startup_gd32f10x_hd.o(RESET)
 <LI><a href="#[50]">TIMER0_TRG_CMT_IRQHandler</a> from startup_gd32f10x_hd.o(.text) referenced from startup_gd32f10x_hd.o(RESET)
 <LI><a href="#[4f]">TIMER0_UP_IRQHandler</a> from bsp_timer.o(i.TIMER0_UP_IRQHandler) referenced from startup_gd32f10x_hd.o(RESET)
 <LI><a href="#[52]">TIMER1_IRQHandler</a> from bsp_timer.o(i.TIMER1_IRQHandler) referenced from startup_gd32f10x_hd.o(RESET)
 <LI><a href="#[53]">TIMER2_IRQHandler</a> from startup_gd32f10x_hd.o(.text) referenced from startup_gd32f10x_hd.o(RESET)
 <LI><a href="#[54]">TIMER3_IRQHandler</a> from startup_gd32f10x_hd.o(.text) referenced from startup_gd32f10x_hd.o(RESET)
 <LI><a href="#[68]">TIMER4_IRQHandler</a> from startup_gd32f10x_hd.o(.text) referenced from startup_gd32f10x_hd.o(RESET)
 <LI><a href="#[6c]">TIMER5_IRQHandler</a> from bsp_timer.o(i.TIMER5_IRQHandler) referenced from startup_gd32f10x_hd.o(RESET)
 <LI><a href="#[6d]">TIMER6_IRQHandler</a> from startup_gd32f10x_hd.o(.text) referenced from startup_gd32f10x_hd.o(RESET)
 <LI><a href="#[61]">TIMER7_BRK_IRQHandler</a> from startup_gd32f10x_hd.o(.text) referenced from startup_gd32f10x_hd.o(RESET)
 <LI><a href="#[64]">TIMER7_Channel_IRQHandler</a> from startup_gd32f10x_hd.o(.text) referenced from startup_gd32f10x_hd.o(RESET)
 <LI><a href="#[63]">TIMER7_TRG_CMT_IRQHandler</a> from startup_gd32f10x_hd.o(.text) referenced from startup_gd32f10x_hd.o(RESET)
 <LI><a href="#[62]">TIMER7_UP_IRQHandler</a> from startup_gd32f10x_hd.o(.text) referenced from startup_gd32f10x_hd.o(RESET)
 <LI><a href="#[6a]">UART3_IRQHandler</a> from gd32f10x_it.o(i.UART3_IRQHandler) referenced from startup_gd32f10x_hd.o(RESET)
 <LI><a href="#[6b]">UART4_IRQHandler</a> from startup_gd32f10x_hd.o(.text) referenced from startup_gd32f10x_hd.o(RESET)
 <LI><a href="#[5b]">USART0_IRQHandler</a> from gd32f10x_it.o(i.USART0_IRQHandler) referenced from startup_gd32f10x_hd.o(RESET)
 <LI><a href="#[5c]">USART1_IRQHandler</a> from gd32f10x_it.o(i.USART1_IRQHandler) referenced from startup_gd32f10x_hd.o(RESET)
 <LI><a href="#[5d]">USART2_IRQHandler</a> from gd32f10x_it.o(i.USART2_IRQHandler) referenced from startup_gd32f10x_hd.o(RESET)
 <LI><a href="#[49]">USBD_HP_CAN0_TX_IRQHandler</a> from startup_gd32f10x_hd.o(.text) referenced from startup_gd32f10x_hd.o(RESET)
 <LI><a href="#[4a]">USBD_LP_CAN0_RX0_IRQHandler</a> from startup_gd32f10x_hd.o(.text) referenced from startup_gd32f10x_hd.o(RESET)
 <LI><a href="#[60]">USBD_WKUP_IRQHandler</a> from startup_gd32f10x_hd.o(.text) referenced from startup_gd32f10x_hd.o(RESET)
 <LI><a href="#[31]">UsageFault_Handler</a> from gd32f10x_it.o(i.UsageFault_Handler) referenced from startup_gd32f10x_hd.o(RESET)
 <LI><a href="#[36]">WWDGT_IRQHandler</a> from startup_gd32f10x_hd.o(.text) referenced from startup_gd32f10x_hd.o(RESET)
 <LI><a href="#[7b]">__main</a> from __main.o(!!!main) referenced from startup_gd32f10x_hd.o(.text)
 <LI><a href="#[7a]">_get_lc_ctype</a> from lc_ctype_c.o(locale$$code) referenced from rt_ctype_table.o(.text)
 <LI><a href="#[77]">_printf_input_char</a> from _printf_char_common.o(.text) referenced from _printf_char_common.o(.text)
 <LI><a href="#[76]">_sbackspace</a> from _sgetc.o(.text) referenced from __0sscanf.o(.text)
 <LI><a href="#[78]">_scanf_char_input</a> from scanf_char.o(.text) referenced from scanf_char.o(.text)
 <LI><a href="#[75]">_sgetc</a> from _sgetc.o(.text) referenced from __0sscanf.o(.text)
 <LI><a href="#[74]">_sputc</a> from _sputc.o(.text) referenced from noretval__2sprintf.o(.text)
 <LI><a href="#[79]">isspace</a> from isspace.o(.text) referenced from scanf_char.o(.text)
 <LI><a href="#[8]">menu01</a> from task_gui.o(i.menu01) referenced 2 times from task_gui.o(.data)
 <LI><a href="#[b]">menu011</a> from task_gui.o(i.menu011) referenced 2 times from task_gui.o(.data)
 <LI><a href="#[10]">menu0111</a> from task_gui.o(i.menu0111) referenced 2 times from task_gui.o(.data)
 <LI><a href="#[c]">menu012</a> from task_gui.o(i.menu012) referenced 2 times from task_gui.o(.data)
 <LI><a href="#[11]">menu0121</a> from task_gui.o(i.menu0121) referenced 2 times from task_gui.o(.data)
 <LI><a href="#[d]">menu013</a> from task_gui.o(i.menu013) referenced 2 times from task_gui.o(.data)
 <LI><a href="#[12]">menu0131</a> from task_gui.o(i.menu0131) referenced 2 times from task_gui.o(.data)
 <LI><a href="#[e]">menu014</a> from task_gui.o(i.menu014) referenced 2 times from task_gui.o(.data)
 <LI><a href="#[13]">menu0141</a> from task_gui.o(i.menu0141) referenced 2 times from task_gui.o(.data)
 <LI><a href="#[f]">menu015</a> from task_gui.o(i.menu015) referenced 2 times from task_gui.o(.data)
 <LI><a href="#[14]">menu0151</a> from task_gui.o(i.menu0151) referenced 2 times from task_gui.o(.data)
 <LI><a href="#[9]">menu02</a> from task_gui.o(i.menu02) referenced 2 times from task_gui.o(.data)
 <LI><a href="#[a]">menu03</a> from task_gui.o(i.menu03) referenced 2 times from task_gui.o(.data)
 <LI><a href="#[15]">menu1</a> from task_gui.o(i.menu1) referenced 2 times from task_gui.o(.data)
 <LI><a href="#[19]">menu11</a> from task_gui.o(i.menu11) referenced 2 times from task_gui.o(.data)
 <LI><a href="#[1b]">menu111</a> from task_gui.o(i.menu111) referenced 2 times from task_gui.o(.data)
 <LI><a href="#[1a]">menu12</a> from task_gui.o(i.menu12) referenced 2 times from task_gui.o(.data)
 <LI><a href="#[1c]">menu121</a> from task_gui.o(i.menu121) referenced 2 times from task_gui.o(.data)
 <LI><a href="#[16]">menu2</a> from task_gui.o(i.menu2) referenced 2 times from task_gui.o(.data)
 <LI><a href="#[1f]">menu21</a> from task_gui.o(i.menu21) referenced 2 times from task_gui.o(.data)
 <LI><a href="#[21]">menu211</a> from task_gui.o(i.menu211) referenced 2 times from task_gui.o(.data)
 <LI><a href="#[20]">menu22</a> from task_gui.o(i.menu22) referenced 2 times from task_gui.o(.data)
 <LI><a href="#[25]">menu221</a> from task_gui.o(i.menu221) referenced 2 times from task_gui.o(.data)
 <LI><a href="#[26]">menu222</a> from task_gui.o(i.menu222) referenced 2 times from task_gui.o(.data)
 <LI><a href="#[27]">menu223</a> from task_gui.o(i.menu223) referenced 2 times from task_gui.o(.data)
 <LI><a href="#[17]">menu3</a> from task_gui.o(i.menu3) referenced 2 times from task_gui.o(.data)
 <LI><a href="#[1d]">menu31</a> from task_gui.o(i.menu31) referenced 2 times from task_gui.o(.data)
 <LI><a href="#[1e]">menu311</a> from task_gui.o(i.menu311) referenced 2 times from task_gui.o(.data)
 <LI><a href="#[18]">menu4</a> from task_gui.o(i.menu4) referenced 2 times from task_gui.o(.data)
 <LI><a href="#[28]">menu41</a> from task_gui.o(i.menu41) referenced 2 times from task_gui.o(.data)
 <LI><a href="#[29]">menu42</a> from task_gui.o(i.menu42) referenced 2 times from task_gui.o(.data)
 <LI><a href="#[2a]">menu43</a> from task_gui.o(i.menu43) referenced 2 times from task_gui.o(.data)
 <LI><a href="#[2b]">menu44</a> from task_gui.o(i.menu44) referenced 2 times from task_gui.o(.data)
 <LI><a href="#[22]">menu5</a> from task_gui.o(i.menu5) referenced 2 times from task_gui.o(.data)
 <LI><a href="#[23]">menu51</a> from task_gui.o(i.menu51) referenced 2 times from task_gui.o(.data)
 <LI><a href="#[24]">menu511</a> from task_gui.o(i.menu511) referenced 2 times from task_gui.o(.data)
 <LI><a href="#[5]">menu_main1</a> from task_gui.o(i.menu_main1) referenced 2 times from task_gui.o(.data)
 <LI><a href="#[6]">menu_main2</a> from task_gui.o(i.menu_main2) referenced 2 times from task_gui.o(.data)
 <LI><a href="#[7]">menu_main3</a> from task_gui.o(i.menu_main3) referenced 2 times from task_gui.o(.data)
 <LI><a href="#[4]">menu_shutdown</a> from task_gui.o(i.menu_shutdown) referenced 2 times from task_gui.o(.data)
</UL>
<P>
<H3>
Global Symbols
</H3>
<P><STRONG><a name="[7b]"></a>__main</STRONG> (Thumb, 8 bytes, Stack size 0 bytes, __main.o(!!!main))
<BR><BR>[Calls]<UL><LI><a href="#[7d]">&gt;&gt;</a>&nbsp;&nbsp;&nbsp;__rt_entry
<LI><a href="#[7c]">&gt;&gt;</a>&nbsp;&nbsp;&nbsp;__scatterload
</UL>

<P><STRONG><a name="[7c]"></a>__scatterload</STRONG> (Thumb, 0 bytes, Stack size unknown bytes, __scatter.o(!!!scatter))
<BR><BR>[Called By]<UL><LI><a href="#[7b]">&gt;&gt;</a>&nbsp;&nbsp;&nbsp;__main
</UL>

<P><STRONG><a name="[7e]"></a>__scatterload_rt2</STRONG> (Thumb, 44 bytes, Stack size unknown bytes, __scatter.o(!!!scatter), UNUSED)
<BR><BR>[Calls]<UL><LI><a href="#[7d]">&gt;&gt;</a>&nbsp;&nbsp;&nbsp;__rt_entry
</UL>

<P><STRONG><a name="[1a4]"></a>__scatterload_rt2_thumb_only</STRONG> (Thumb, 0 bytes, Stack size unknown bytes, __scatter.o(!!!scatter), UNUSED)

<P><STRONG><a name="[1a5]"></a>__scatterload_null</STRONG> (Thumb, 0 bytes, Stack size unknown bytes, __scatter.o(!!!scatter), UNUSED)

<P><STRONG><a name="[1a6]"></a>__decompress</STRONG> (Thumb, 90 bytes, Stack size unknown bytes, __dczerorl2.o(!!dczerorl2), UNUSED)

<P><STRONG><a name="[1a7]"></a>__decompress1</STRONG> (Thumb, 0 bytes, Stack size unknown bytes, __dczerorl2.o(!!dczerorl2), UNUSED)

<P><STRONG><a name="[1a8]"></a>__scatterload_zeroinit</STRONG> (Thumb, 28 bytes, Stack size unknown bytes, __scatter_zi.o(!!handler_zi), UNUSED)

<P><STRONG><a name="[7f]"></a>_printf_f</STRONG> (Thumb, 0 bytes, Stack size unknown bytes, _printf_f.o(.ARM.Collect$$_printf_percent$$00000003))
<BR><BR>[Stack]<UL><LI>Max Depth = 324 + Unknown Stack Size
<LI>Call Chain = _printf_f &rArr; _printf_fp_dec &rArr; _printf_fp_dec_real &rArr; _fp_digits &rArr; _btod_etento &rArr; _btod_emul &rArr; _e2e
</UL>
<BR>[Calls]<UL><LI><a href="#[80]">&gt;&gt;</a>&nbsp;&nbsp;&nbsp;_printf_fp_dec
</UL>

<P><STRONG><a name="[98]"></a>_printf_percent</STRONG> (Thumb, 0 bytes, Stack size unknown bytes, _printf_percent.o(.ARM.Collect$$_printf_percent$$00000000))
<BR><BR>[Called By]<UL><LI><a href="#[96]">&gt;&gt;</a>&nbsp;&nbsp;&nbsp;__printf
</UL>

<P><STRONG><a name="[81]"></a>_printf_d</STRONG> (Thumb, 0 bytes, Stack size unknown bytes, _printf_d.o(.ARM.Collect$$_printf_percent$$00000009))
<BR><BR>[Stack]<UL><LI>Max Depth = 72 + Unknown Stack Size
<LI>Call Chain = _printf_d &rArr; _printf_int_dec &rArr; _printf_int_common &rArr; _printf_post_padding
</UL>
<BR>[Calls]<UL><LI><a href="#[82]">&gt;&gt;</a>&nbsp;&nbsp;&nbsp;_printf_int_dec
</UL>

<P><STRONG><a name="[1a9]"></a>_printf_percent_end</STRONG> (Thumb, 0 bytes, Stack size unknown bytes, _printf_percent_end.o(.ARM.Collect$$_printf_percent$$00000017))

<P><STRONG><a name="[8b]"></a>__rt_lib_init</STRONG> (Thumb, 0 bytes, Stack size unknown bytes, libinit.o(.ARM.Collect$$libinit$$00000000))
<BR><BR>[Called By]<UL><LI><a href="#[8a]">&gt;&gt;</a>&nbsp;&nbsp;&nbsp;__rt_entry_li
</UL>

<P><STRONG><a name="[1aa]"></a>__rt_lib_init_fp_1</STRONG> (Thumb, 0 bytes, Stack size unknown bytes, libinit2.o(.ARM.Collect$$libinit$$00000002))

<P><STRONG><a name="[1ab]"></a>__rt_lib_init_heap_1</STRONG> (Thumb, 0 bytes, Stack size unknown bytes, libinit2.o(.ARM.Collect$$libinit$$0000000A))

<P><STRONG><a name="[83]"></a>__rt_lib_init_lc_common</STRONG> (Thumb, 0 bytes, Stack size unknown bytes, libinit2.o(.ARM.Collect$$libinit$$0000000F))
<BR><BR>[Calls]<UL><LI><a href="#[84]">&gt;&gt;</a>&nbsp;&nbsp;&nbsp;__rt_locale
</UL>

<P><STRONG><a name="[1ac]"></a>__rt_lib_init_preinit_1</STRONG> (Thumb, 0 bytes, Stack size unknown bytes, libinit2.o(.ARM.Collect$$libinit$$00000004))

<P><STRONG><a name="[1ad]"></a>__rt_lib_init_rand_1</STRONG> (Thumb, 0 bytes, Stack size unknown bytes, libinit2.o(.ARM.Collect$$libinit$$0000000E))

<P><STRONG><a name="[1ae]"></a>__rt_lib_init_user_alloc_1</STRONG> (Thumb, 0 bytes, Stack size unknown bytes, libinit2.o(.ARM.Collect$$libinit$$0000000C))

<P><STRONG><a name="[1af]"></a>__rt_lib_init_lc_collate_1</STRONG> (Thumb, 0 bytes, Stack size unknown bytes, libinit2.o(.ARM.Collect$$libinit$$00000011))

<P><STRONG><a name="[85]"></a>__rt_lib_init_lc_ctype_2</STRONG> (Thumb, 0 bytes, Stack size unknown bytes, libinit2.o(.ARM.Collect$$libinit$$00000012))
<BR><BR>[Stack]<UL><LI>Max Depth = 8 + Unknown Stack Size
<LI>Call Chain = __rt_lib_init_lc_ctype_2 &rArr; _get_lc_ctype
</UL>
<BR>[Calls]<UL><LI><a href="#[7a]">&gt;&gt;</a>&nbsp;&nbsp;&nbsp;_get_lc_ctype
</UL>

<P><STRONG><a name="[1b0]"></a>__rt_lib_init_lc_ctype_1</STRONG> (Thumb, 0 bytes, Stack size unknown bytes, libinit2.o(.ARM.Collect$$libinit$$00000013))

<P><STRONG><a name="[1b1]"></a>__rt_lib_init_lc_monetary_1</STRONG> (Thumb, 0 bytes, Stack size unknown bytes, libinit2.o(.ARM.Collect$$libinit$$00000015))

<P><STRONG><a name="[86]"></a>__rt_lib_init_lc_numeric_2</STRONG> (Thumb, 0 bytes, Stack size unknown bytes, libinit2.o(.ARM.Collect$$libinit$$00000016))
<BR><BR>[Stack]<UL><LI>Max Depth = 8 + Unknown Stack Size
<LI>Call Chain = __rt_lib_init_lc_numeric_2 &rArr; _get_lc_numeric
</UL>
<BR>[Calls]<UL><LI><a href="#[87]">&gt;&gt;</a>&nbsp;&nbsp;&nbsp;_get_lc_numeric
</UL>

<P><STRONG><a name="[1b2]"></a>__rt_lib_init_alloca_1</STRONG> (Thumb, 0 bytes, Stack size unknown bytes, libinit2.o(.ARM.Collect$$libinit$$0000002E))

<P><STRONG><a name="[1b3]"></a>__rt_lib_init_argv_1</STRONG> (Thumb, 0 bytes, Stack size unknown bytes, libinit2.o(.ARM.Collect$$libinit$$0000002C))

<P><STRONG><a name="[1b4]"></a>__rt_lib_init_atexit_1</STRONG> (Thumb, 0 bytes, Stack size unknown bytes, libinit2.o(.ARM.Collect$$libinit$$0000001B))

<P><STRONG><a name="[1b5]"></a>__rt_lib_init_clock_1</STRONG> (Thumb, 0 bytes, Stack size unknown bytes, libinit2.o(.ARM.Collect$$libinit$$00000021))

<P><STRONG><a name="[1b6]"></a>__rt_lib_init_cpp_1</STRONG> (Thumb, 0 bytes, Stack size unknown bytes, libinit2.o(.ARM.Collect$$libinit$$00000032))

<P><STRONG><a name="[1b7]"></a>__rt_lib_init_exceptions_1</STRONG> (Thumb, 0 bytes, Stack size unknown bytes, libinit2.o(.ARM.Collect$$libinit$$00000030))

<P><STRONG><a name="[1b8]"></a>__rt_lib_init_fp_trap_1</STRONG> (Thumb, 0 bytes, Stack size unknown bytes, libinit2.o(.ARM.Collect$$libinit$$0000001F))

<P><STRONG><a name="[1b9]"></a>__rt_lib_init_getenv_1</STRONG> (Thumb, 0 bytes, Stack size unknown bytes, libinit2.o(.ARM.Collect$$libinit$$00000023))

<P><STRONG><a name="[1ba]"></a>__rt_lib_init_lc_numeric_1</STRONG> (Thumb, 0 bytes, Stack size unknown bytes, libinit2.o(.ARM.Collect$$libinit$$00000017))

<P><STRONG><a name="[1bb]"></a>__rt_lib_init_lc_time_1</STRONG> (Thumb, 0 bytes, Stack size unknown bytes, libinit2.o(.ARM.Collect$$libinit$$00000019))

<P><STRONG><a name="[1bc]"></a>__rt_lib_init_return</STRONG> (Thumb, 0 bytes, Stack size unknown bytes, libinit2.o(.ARM.Collect$$libinit$$00000033))

<P><STRONG><a name="[1bd]"></a>__rt_lib_init_signal_1</STRONG> (Thumb, 0 bytes, Stack size unknown bytes, libinit2.o(.ARM.Collect$$libinit$$0000001D))

<P><STRONG><a name="[1be]"></a>__rt_lib_init_stdio_1</STRONG> (Thumb, 0 bytes, Stack size unknown bytes, libinit2.o(.ARM.Collect$$libinit$$00000025))

<P><STRONG><a name="[90]"></a>__rt_lib_shutdown</STRONG> (Thumb, 0 bytes, Stack size unknown bytes, libshutdown.o(.ARM.Collect$$libshutdown$$00000000))
<BR><BR>[Called By]<UL><LI><a href="#[8f]">&gt;&gt;</a>&nbsp;&nbsp;&nbsp;__rt_exit_ls
</UL>

<P><STRONG><a name="[1bf]"></a>__rt_lib_shutdown_cpp_1</STRONG> (Thumb, 0 bytes, Stack size unknown bytes, libshutdown2.o(.ARM.Collect$$libshutdown$$00000004))

<P><STRONG><a name="[1c0]"></a>__rt_lib_shutdown_fini_1</STRONG> (Thumb, 0 bytes, Stack size unknown bytes, libshutdown2.o(.ARM.Collect$$libshutdown$$00000002))

<P><STRONG><a name="[1c1]"></a>__rt_lib_shutdown_fp_trap_1</STRONG> (Thumb, 0 bytes, Stack size unknown bytes, libshutdown2.o(.ARM.Collect$$libshutdown$$00000009))

<P><STRONG><a name="[1c2]"></a>__rt_lib_shutdown_heap_1</STRONG> (Thumb, 0 bytes, Stack size unknown bytes, libshutdown2.o(.ARM.Collect$$libshutdown$$00000011))

<P><STRONG><a name="[1c3]"></a>__rt_lib_shutdown_return</STRONG> (Thumb, 0 bytes, Stack size unknown bytes, libshutdown2.o(.ARM.Collect$$libshutdown$$00000012))

<P><STRONG><a name="[1c4]"></a>__rt_lib_shutdown_signal_1</STRONG> (Thumb, 0 bytes, Stack size unknown bytes, libshutdown2.o(.ARM.Collect$$libshutdown$$0000000C))

<P><STRONG><a name="[1c5]"></a>__rt_lib_shutdown_stdio_1</STRONG> (Thumb, 0 bytes, Stack size unknown bytes, libshutdown2.o(.ARM.Collect$$libshutdown$$00000006))

<P><STRONG><a name="[1c6]"></a>__rt_lib_shutdown_user_alloc_1</STRONG> (Thumb, 0 bytes, Stack size unknown bytes, libshutdown2.o(.ARM.Collect$$libshutdown$$0000000E))

<P><STRONG><a name="[7d]"></a>__rt_entry</STRONG> (Thumb, 0 bytes, Stack size unknown bytes, __rtentry.o(.ARM.Collect$$rtentry$$00000000))
<BR><BR>[Called By]<UL><LI><a href="#[7b]">&gt;&gt;</a>&nbsp;&nbsp;&nbsp;__main
<LI><a href="#[7e]">&gt;&gt;</a>&nbsp;&nbsp;&nbsp;__scatterload_rt2
</UL>

<P><STRONG><a name="[1c7]"></a>__rt_entry_presh_1</STRONG> (Thumb, 0 bytes, Stack size unknown bytes, __rtentry2.o(.ARM.Collect$$rtentry$$00000002))

<P><STRONG><a name="[88]"></a>__rt_entry_sh</STRONG> (Thumb, 0 bytes, Stack size unknown bytes, __rtentry4.o(.ARM.Collect$$rtentry$$00000004))
<BR><BR>[Stack]<UL><LI>Max Depth = 8 + Unknown Stack Size
<LI>Call Chain = __rt_entry_sh &rArr; __user_setup_stackheap
</UL>
<BR>[Calls]<UL><LI><a href="#[89]">&gt;&gt;</a>&nbsp;&nbsp;&nbsp;__user_setup_stackheap
</UL>

<P><STRONG><a name="[8a]"></a>__rt_entry_li</STRONG> (Thumb, 0 bytes, Stack size unknown bytes, __rtentry2.o(.ARM.Collect$$rtentry$$0000000A))
<BR><BR>[Calls]<UL><LI><a href="#[8b]">&gt;&gt;</a>&nbsp;&nbsp;&nbsp;__rt_lib_init
</UL>

<P><STRONG><a name="[1c8]"></a>__rt_entry_postsh_1</STRONG> (Thumb, 0 bytes, Stack size unknown bytes, __rtentry2.o(.ARM.Collect$$rtentry$$00000009))

<P><STRONG><a name="[8c]"></a>__rt_entry_main</STRONG> (Thumb, 0 bytes, Stack size unknown bytes, __rtentry2.o(.ARM.Collect$$rtentry$$0000000D))
<BR><BR>[Stack]<UL><LI>Max Depth = 748 + Unknown Stack Size
<LI>Call Chain = __rt_entry_main &rArr; main &rArr; Task_com &rArr; DetectoCom &rArr; __0sscanf &rArr; __vfscanf_char &rArr; __vfscanf &rArr; _scanf_real &rArr; _scanf_really_real &rArr; _fp_value &rArr; _btod_etento &rArr; _btod_emul &rArr; _e2e
</UL>
<BR>[Calls]<UL><LI><a href="#[8d]">&gt;&gt;</a>&nbsp;&nbsp;&nbsp;main
<LI><a href="#[8e]">&gt;&gt;</a>&nbsp;&nbsp;&nbsp;exit
</UL>

<P><STRONG><a name="[1c9]"></a>__rt_entry_postli_1</STRONG> (Thumb, 0 bytes, Stack size unknown bytes, __rtentry2.o(.ARM.Collect$$rtentry$$0000000C))

<P><STRONG><a name="[be]"></a>__rt_exit</STRONG> (Thumb, 0 bytes, Stack size unknown bytes, rtexit.o(.ARM.Collect$$rtexit$$00000000))
<BR><BR>[Called By]<UL><LI><a href="#[8e]">&gt;&gt;</a>&nbsp;&nbsp;&nbsp;exit
</UL>

<P><STRONG><a name="[8f]"></a>__rt_exit_ls</STRONG> (Thumb, 0 bytes, Stack size unknown bytes, rtexit2.o(.ARM.Collect$$rtexit$$00000003))
<BR><BR>[Calls]<UL><LI><a href="#[90]">&gt;&gt;</a>&nbsp;&nbsp;&nbsp;__rt_lib_shutdown
</UL>

<P><STRONG><a name="[1ca]"></a>__rt_exit_prels_1</STRONG> (Thumb, 0 bytes, Stack size unknown bytes, rtexit2.o(.ARM.Collect$$rtexit$$00000002))

<P><STRONG><a name="[91]"></a>__rt_exit_exit</STRONG> (Thumb, 0 bytes, Stack size unknown bytes, rtexit2.o(.ARM.Collect$$rtexit$$00000004))
<BR><BR>[Calls]<UL><LI><a href="#[92]">&gt;&gt;</a>&nbsp;&nbsp;&nbsp;_sys_exit
</UL>

<P><STRONG><a name="[2c]"></a>Reset_Handler</STRONG> (Thumb, 8 bytes, Stack size 0 bytes, startup_gd32f10x_hd.o(.text))
<BR>[Address Reference Count : 1]<UL><LI> startup_gd32f10x_hd.o(RESET)
</UL>
<P><STRONG><a name="[32]"></a>SVC_Handler</STRONG> (Thumb, 2 bytes, Stack size 0 bytes, startup_gd32f10x_hd.o(.text))
<BR><BR>[Calls]<UL><LI><a href="#[32]">&gt;&gt;</a>&nbsp;&nbsp;&nbsp;SVC_Handler
</UL>
<BR>[Called By]<UL><LI><a href="#[32]">&gt;&gt;</a>&nbsp;&nbsp;&nbsp;SVC_Handler
</UL>
<BR>[Address Reference Count : 1]<UL><LI> startup_gd32f10x_hd.o(RESET)
</UL>
<P><STRONG><a name="[34]"></a>PendSV_Handler</STRONG> (Thumb, 2 bytes, Stack size 0 bytes, startup_gd32f10x_hd.o(.text))
<BR><BR>[Calls]<UL><LI><a href="#[34]">&gt;&gt;</a>&nbsp;&nbsp;&nbsp;PendSV_Handler
</UL>
<BR>[Called By]<UL><LI><a href="#[34]">&gt;&gt;</a>&nbsp;&nbsp;&nbsp;PendSV_Handler
</UL>
<BR>[Address Reference Count : 1]<UL><LI> startup_gd32f10x_hd.o(RESET)
</UL>
<P><STRONG><a name="[48]"></a>ADC0_1_IRQHandler</STRONG> (Thumb, 0 bytes, Stack size 0 bytes, startup_gd32f10x_hd.o(.text))
<BR><BR>[Calls]<UL><LI><a href="#[48]">&gt;&gt;</a>&nbsp;&nbsp;&nbsp;ADC0_1_IRQHandler
</UL>
<BR>[Called By]<UL><LI><a href="#[48]">&gt;&gt;</a>&nbsp;&nbsp;&nbsp;ADC0_1_IRQHandler
</UL>
<BR>[Address Reference Count : 1]<UL><LI> startup_gd32f10x_hd.o(RESET)
</UL>
<P><STRONG><a name="[65]"></a>ADC2_IRQHandler</STRONG> (Thumb, 0 bytes, Stack size 0 bytes, startup_gd32f10x_hd.o(.text))
<BR>[Address Reference Count : 1]<UL><LI> startup_gd32f10x_hd.o(RESET)
</UL>
<P><STRONG><a name="[4c]"></a>CAN0_EWMC_IRQHandler</STRONG> (Thumb, 0 bytes, Stack size 0 bytes, startup_gd32f10x_hd.o(.text))
<BR>[Address Reference Count : 1]<UL><LI> startup_gd32f10x_hd.o(RESET)
</UL>
<P><STRONG><a name="[4b]"></a>CAN0_RX1_IRQHandler</STRONG> (Thumb, 0 bytes, Stack size 0 bytes, startup_gd32f10x_hd.o(.text))
<BR>[Address Reference Count : 1]<UL><LI> startup_gd32f10x_hd.o(RESET)
</UL>
<P><STRONG><a name="[41]"></a>DMA0_Channel0_IRQHandler</STRONG> (Thumb, 0 bytes, Stack size 0 bytes, startup_gd32f10x_hd.o(.text))
<BR>[Address Reference Count : 1]<UL><LI> startup_gd32f10x_hd.o(RESET)
</UL>
<P><STRONG><a name="[42]"></a>DMA0_Channel1_IRQHandler</STRONG> (Thumb, 0 bytes, Stack size 0 bytes, startup_gd32f10x_hd.o(.text))
<BR>[Address Reference Count : 1]<UL><LI> startup_gd32f10x_hd.o(RESET)
</UL>
<P><STRONG><a name="[43]"></a>DMA0_Channel2_IRQHandler</STRONG> (Thumb, 0 bytes, Stack size 0 bytes, startup_gd32f10x_hd.o(.text))
<BR>[Address Reference Count : 1]<UL><LI> startup_gd32f10x_hd.o(RESET)
</UL>
<P><STRONG><a name="[44]"></a>DMA0_Channel3_IRQHandler</STRONG> (Thumb, 0 bytes, Stack size 0 bytes, startup_gd32f10x_hd.o(.text))
<BR>[Address Reference Count : 1]<UL><LI> startup_gd32f10x_hd.o(RESET)
</UL>
<P><STRONG><a name="[45]"></a>DMA0_Channel4_IRQHandler</STRONG> (Thumb, 0 bytes, Stack size 0 bytes, startup_gd32f10x_hd.o(.text))
<BR>[Address Reference Count : 1]<UL><LI> startup_gd32f10x_hd.o(RESET)
</UL>
<P><STRONG><a name="[46]"></a>DMA0_Channel5_IRQHandler</STRONG> (Thumb, 0 bytes, Stack size 0 bytes, startup_gd32f10x_hd.o(.text))
<BR>[Address Reference Count : 1]<UL><LI> startup_gd32f10x_hd.o(RESET)
</UL>
<P><STRONG><a name="[47]"></a>DMA0_Channel6_IRQHandler</STRONG> (Thumb, 0 bytes, Stack size 0 bytes, startup_gd32f10x_hd.o(.text))
<BR>[Address Reference Count : 1]<UL><LI> startup_gd32f10x_hd.o(RESET)
</UL>
<P><STRONG><a name="[6e]"></a>DMA1_Channel0_IRQHandler</STRONG> (Thumb, 0 bytes, Stack size 0 bytes, startup_gd32f10x_hd.o(.text))
<BR>[Address Reference Count : 1]<UL><LI> startup_gd32f10x_hd.o(RESET)
</UL>
<P><STRONG><a name="[6f]"></a>DMA1_Channel1_IRQHandler</STRONG> (Thumb, 0 bytes, Stack size 0 bytes, startup_gd32f10x_hd.o(.text))
<BR>[Address Reference Count : 1]<UL><LI> startup_gd32f10x_hd.o(RESET)
</UL>
<P><STRONG><a name="[70]"></a>DMA1_Channel2_IRQHandler</STRONG> (Thumb, 0 bytes, Stack size 0 bytes, startup_gd32f10x_hd.o(.text))
<BR>[Address Reference Count : 1]<UL><LI> startup_gd32f10x_hd.o(RESET)
</UL>
<P><STRONG><a name="[71]"></a>DMA1_Channel3_4_IRQHandler</STRONG> (Thumb, 0 bytes, Stack size 0 bytes, startup_gd32f10x_hd.o(.text))
<BR>[Address Reference Count : 1]<UL><LI> startup_gd32f10x_hd.o(RESET)
</UL>
<P><STRONG><a name="[66]"></a>EXMC_IRQHandler</STRONG> (Thumb, 0 bytes, Stack size 0 bytes, startup_gd32f10x_hd.o(.text))
<BR>[Address Reference Count : 1]<UL><LI> startup_gd32f10x_hd.o(RESET)
</UL>
<P><STRONG><a name="[3c]"></a>EXTI0_IRQHandler</STRONG> (Thumb, 0 bytes, Stack size 0 bytes, startup_gd32f10x_hd.o(.text))
<BR>[Address Reference Count : 1]<UL><LI> startup_gd32f10x_hd.o(RESET)
</UL>
<P><STRONG><a name="[5e]"></a>EXTI10_15_IRQHandler</STRONG> (Thumb, 0 bytes, Stack size 0 bytes, startup_gd32f10x_hd.o(.text))
<BR>[Address Reference Count : 1]<UL><LI> startup_gd32f10x_hd.o(RESET)
</UL>
<P><STRONG><a name="[3d]"></a>EXTI1_IRQHandler</STRONG> (Thumb, 0 bytes, Stack size 0 bytes, startup_gd32f10x_hd.o(.text))
<BR>[Address Reference Count : 1]<UL><LI> startup_gd32f10x_hd.o(RESET)
</UL>
<P><STRONG><a name="[3e]"></a>EXTI2_IRQHandler</STRONG> (Thumb, 0 bytes, Stack size 0 bytes, startup_gd32f10x_hd.o(.text))
<BR>[Address Reference Count : 1]<UL><LI> startup_gd32f10x_hd.o(RESET)
</UL>
<P><STRONG><a name="[3f]"></a>EXTI3_IRQHandler</STRONG> (Thumb, 0 bytes, Stack size 0 bytes, startup_gd32f10x_hd.o(.text))
<BR>[Address Reference Count : 1]<UL><LI> startup_gd32f10x_hd.o(RESET)
</UL>
<P><STRONG><a name="[40]"></a>EXTI4_IRQHandler</STRONG> (Thumb, 0 bytes, Stack size 0 bytes, startup_gd32f10x_hd.o(.text))
<BR>[Address Reference Count : 1]<UL><LI> startup_gd32f10x_hd.o(RESET)
</UL>
<P><STRONG><a name="[4d]"></a>EXTI5_9_IRQHandler</STRONG> (Thumb, 0 bytes, Stack size 0 bytes, startup_gd32f10x_hd.o(.text))
<BR>[Address Reference Count : 1]<UL><LI> startup_gd32f10x_hd.o(RESET)
</UL>
<P><STRONG><a name="[3a]"></a>FMC_IRQHandler</STRONG> (Thumb, 0 bytes, Stack size 0 bytes, startup_gd32f10x_hd.o(.text))
<BR>[Address Reference Count : 1]<UL><LI> startup_gd32f10x_hd.o(RESET)
</UL>
<P><STRONG><a name="[56]"></a>I2C0_ER_IRQHandler</STRONG> (Thumb, 0 bytes, Stack size 0 bytes, startup_gd32f10x_hd.o(.text))
<BR>[Address Reference Count : 1]<UL><LI> startup_gd32f10x_hd.o(RESET)
</UL>
<P><STRONG><a name="[55]"></a>I2C0_EV_IRQHandler</STRONG> (Thumb, 0 bytes, Stack size 0 bytes, startup_gd32f10x_hd.o(.text))
<BR>[Address Reference Count : 1]<UL><LI> startup_gd32f10x_hd.o(RESET)
</UL>
<P><STRONG><a name="[58]"></a>I2C1_ER_IRQHandler</STRONG> (Thumb, 0 bytes, Stack size 0 bytes, startup_gd32f10x_hd.o(.text))
<BR>[Address Reference Count : 1]<UL><LI> startup_gd32f10x_hd.o(RESET)
</UL>
<P><STRONG><a name="[57]"></a>I2C1_EV_IRQHandler</STRONG> (Thumb, 0 bytes, Stack size 0 bytes, startup_gd32f10x_hd.o(.text))
<BR>[Address Reference Count : 1]<UL><LI> startup_gd32f10x_hd.o(RESET)
</UL>
<P><STRONG><a name="[37]"></a>LVD_IRQHandler</STRONG> (Thumb, 0 bytes, Stack size 0 bytes, startup_gd32f10x_hd.o(.text))
<BR>[Address Reference Count : 1]<UL><LI> startup_gd32f10x_hd.o(RESET)
</UL>
<P><STRONG><a name="[3b]"></a>RCU_IRQHandler</STRONG> (Thumb, 0 bytes, Stack size 0 bytes, startup_gd32f10x_hd.o(.text))
<BR>[Address Reference Count : 1]<UL><LI> startup_gd32f10x_hd.o(RESET)
</UL>
<P><STRONG><a name="[5f]"></a>RTC_Alarm_IRQHandler</STRONG> (Thumb, 0 bytes, Stack size 0 bytes, startup_gd32f10x_hd.o(.text))
<BR>[Address Reference Count : 1]<UL><LI> startup_gd32f10x_hd.o(RESET)
</UL>
<P><STRONG><a name="[39]"></a>RTC_IRQHandler</STRONG> (Thumb, 0 bytes, Stack size 0 bytes, startup_gd32f10x_hd.o(.text))
<BR>[Address Reference Count : 1]<UL><LI> startup_gd32f10x_hd.o(RESET)
</UL>
<P><STRONG><a name="[67]"></a>SDIO_IRQHandler</STRONG> (Thumb, 0 bytes, Stack size 0 bytes, startup_gd32f10x_hd.o(.text))
<BR>[Address Reference Count : 1]<UL><LI> startup_gd32f10x_hd.o(RESET)
</UL>
<P><STRONG><a name="[59]"></a>SPI0_IRQHandler</STRONG> (Thumb, 0 bytes, Stack size 0 bytes, startup_gd32f10x_hd.o(.text))
<BR>[Address Reference Count : 1]<UL><LI> startup_gd32f10x_hd.o(RESET)
</UL>
<P><STRONG><a name="[5a]"></a>SPI1_IRQHandler</STRONG> (Thumb, 0 bytes, Stack size 0 bytes, startup_gd32f10x_hd.o(.text))
<BR>[Address Reference Count : 1]<UL><LI> startup_gd32f10x_hd.o(RESET)
</UL>
<P><STRONG><a name="[69]"></a>SPI2_IRQHandler</STRONG> (Thumb, 0 bytes, Stack size 0 bytes, startup_gd32f10x_hd.o(.text))
<BR>[Address Reference Count : 1]<UL><LI> startup_gd32f10x_hd.o(RESET)
</UL>
<P><STRONG><a name="[38]"></a>TAMPER_IRQHandler</STRONG> (Thumb, 0 bytes, Stack size 0 bytes, startup_gd32f10x_hd.o(.text))
<BR>[Address Reference Count : 1]<UL><LI> startup_gd32f10x_hd.o(RESET)
</UL>
<P><STRONG><a name="[4e]"></a>TIMER0_BRK_IRQHandler</STRONG> (Thumb, 0 bytes, Stack size 0 bytes, startup_gd32f10x_hd.o(.text))
<BR>[Address Reference Count : 1]<UL><LI> startup_gd32f10x_hd.o(RESET)
</UL>
<P><STRONG><a name="[51]"></a>TIMER0_Channel_IRQHandler</STRONG> (Thumb, 0 bytes, Stack size 0 bytes, startup_gd32f10x_hd.o(.text))
<BR>[Address Reference Count : 1]<UL><LI> startup_gd32f10x_hd.o(RESET)
</UL>
<P><STRONG><a name="[50]"></a>TIMER0_TRG_CMT_IRQHandler</STRONG> (Thumb, 0 bytes, Stack size 0 bytes, startup_gd32f10x_hd.o(.text))
<BR>[Address Reference Count : 1]<UL><LI> startup_gd32f10x_hd.o(RESET)
</UL>
<P><STRONG><a name="[53]"></a>TIMER2_IRQHandler</STRONG> (Thumb, 0 bytes, Stack size 0 bytes, startup_gd32f10x_hd.o(.text))
<BR>[Address Reference Count : 1]<UL><LI> startup_gd32f10x_hd.o(RESET)
</UL>
<P><STRONG><a name="[54]"></a>TIMER3_IRQHandler</STRONG> (Thumb, 0 bytes, Stack size 0 bytes, startup_gd32f10x_hd.o(.text))
<BR>[Address Reference Count : 1]<UL><LI> startup_gd32f10x_hd.o(RESET)
</UL>
<P><STRONG><a name="[68]"></a>TIMER4_IRQHandler</STRONG> (Thumb, 0 bytes, Stack size 0 bytes, startup_gd32f10x_hd.o(.text))
<BR>[Address Reference Count : 1]<UL><LI> startup_gd32f10x_hd.o(RESET)
</UL>
<P><STRONG><a name="[6d]"></a>TIMER6_IRQHandler</STRONG> (Thumb, 0 bytes, Stack size 0 bytes, startup_gd32f10x_hd.o(.text))
<BR>[Address Reference Count : 1]<UL><LI> startup_gd32f10x_hd.o(RESET)
</UL>
<P><STRONG><a name="[61]"></a>TIMER7_BRK_IRQHandler</STRONG> (Thumb, 0 bytes, Stack size 0 bytes, startup_gd32f10x_hd.o(.text))
<BR>[Address Reference Count : 1]<UL><LI> startup_gd32f10x_hd.o(RESET)
</UL>
<P><STRONG><a name="[64]"></a>TIMER7_Channel_IRQHandler</STRONG> (Thumb, 0 bytes, Stack size 0 bytes, startup_gd32f10x_hd.o(.text))
<BR>[Address Reference Count : 1]<UL><LI> startup_gd32f10x_hd.o(RESET)
</UL>
<P><STRONG><a name="[63]"></a>TIMER7_TRG_CMT_IRQHandler</STRONG> (Thumb, 0 bytes, Stack size 0 bytes, startup_gd32f10x_hd.o(.text))
<BR>[Address Reference Count : 1]<UL><LI> startup_gd32f10x_hd.o(RESET)
</UL>
<P><STRONG><a name="[62]"></a>TIMER7_UP_IRQHandler</STRONG> (Thumb, 0 bytes, Stack size 0 bytes, startup_gd32f10x_hd.o(.text))
<BR>[Address Reference Count : 1]<UL><LI> startup_gd32f10x_hd.o(RESET)
</UL>
<P><STRONG><a name="[6b]"></a>UART4_IRQHandler</STRONG> (Thumb, 0 bytes, Stack size 0 bytes, startup_gd32f10x_hd.o(.text))
<BR>[Address Reference Count : 1]<UL><LI> startup_gd32f10x_hd.o(RESET)
</UL>
<P><STRONG><a name="[49]"></a>USBD_HP_CAN0_TX_IRQHandler</STRONG> (Thumb, 0 bytes, Stack size 0 bytes, startup_gd32f10x_hd.o(.text))
<BR>[Address Reference Count : 1]<UL><LI> startup_gd32f10x_hd.o(RESET)
</UL>
<P><STRONG><a name="[4a]"></a>USBD_LP_CAN0_RX0_IRQHandler</STRONG> (Thumb, 0 bytes, Stack size 0 bytes, startup_gd32f10x_hd.o(.text))
<BR>[Address Reference Count : 1]<UL><LI> startup_gd32f10x_hd.o(RESET)
</UL>
<P><STRONG><a name="[60]"></a>USBD_WKUP_IRQHandler</STRONG> (Thumb, 0 bytes, Stack size 0 bytes, startup_gd32f10x_hd.o(.text))
<BR>[Address Reference Count : 1]<UL><LI> startup_gd32f10x_hd.o(RESET)
</UL>
<P><STRONG><a name="[36]"></a>WWDGT_IRQHandler</STRONG> (Thumb, 0 bytes, Stack size 0 bytes, startup_gd32f10x_hd.o(.text))
<BR>[Address Reference Count : 1]<UL><LI> startup_gd32f10x_hd.o(RESET)
</UL>
<P><STRONG><a name="[b8]"></a>__user_initial_stackheap</STRONG> (Thumb, 10 bytes, Stack size 0 bytes, startup_gd32f10x_hd.o(.text))
<BR><BR>[Called By]<UL><LI><a href="#[89]">&gt;&gt;</a>&nbsp;&nbsp;&nbsp;__user_setup_stackheap
</UL>

<P><STRONG><a name="[93]"></a>__2sprintf</STRONG> (Thumb, 34 bytes, Stack size 32 bytes, noretval__2sprintf.o(.text))
<BR><BR>[Stack]<UL><LI>Max Depth = 136 + Unknown Stack Size
<LI>Call Chain = __2sprintf &rArr; _printf_char_common &rArr; __printf
</UL>
<BR>[Calls]<UL><LI><a href="#[74]">&gt;&gt;</a>&nbsp;&nbsp;&nbsp;_sputc
<LI><a href="#[94]">&gt;&gt;</a>&nbsp;&nbsp;&nbsp;_printf_char_common
</UL>
<BR>[Called By]<UL><LI><a href="#[14]">&gt;&gt;</a>&nbsp;&nbsp;&nbsp;menu0151
<LI><a href="#[f]">&gt;&gt;</a>&nbsp;&nbsp;&nbsp;menu015
<LI><a href="#[12]">&gt;&gt;</a>&nbsp;&nbsp;&nbsp;menu0131
<LI><a href="#[d]">&gt;&gt;</a>&nbsp;&nbsp;&nbsp;menu013
<LI><a href="#[11]">&gt;&gt;</a>&nbsp;&nbsp;&nbsp;menu0121
<LI><a href="#[c]">&gt;&gt;</a>&nbsp;&nbsp;&nbsp;menu012
<LI><a href="#[17a]">&gt;&gt;</a>&nbsp;&nbsp;&nbsp;display_time
<LI><a href="#[11d]">&gt;&gt;</a>&nbsp;&nbsp;&nbsp;Display_statusBar
<LI><a href="#[116]">&gt;&gt;</a>&nbsp;&nbsp;&nbsp;Display_doseVal
<LI><a href="#[112]">&gt;&gt;</a>&nbsp;&nbsp;&nbsp;Display_dose
<LI><a href="#[10f]">&gt;&gt;</a>&nbsp;&nbsp;&nbsp;Display_brightness
</UL>

<P><STRONG><a name="[a1]"></a>_printf_pre_padding</STRONG> (Thumb, 44 bytes, Stack size 16 bytes, _printf_pad.o(.text))
<BR><BR>[Stack]<UL><LI>Max Depth = 16<LI>Call Chain = _printf_pre_padding
</UL>
<BR>[Called By]<UL><LI><a href="#[ab]">&gt;&gt;</a>&nbsp;&nbsp;&nbsp;_printf_fp_infnan
<LI><a href="#[a9]">&gt;&gt;</a>&nbsp;&nbsp;&nbsp;_printf_fp_dec_real
<LI><a href="#[95]">&gt;&gt;</a>&nbsp;&nbsp;&nbsp;_printf_int_common
</UL>

<P><STRONG><a name="[a2]"></a>_printf_post_padding</STRONG> (Thumb, 34 bytes, Stack size 16 bytes, _printf_pad.o(.text))
<BR><BR>[Stack]<UL><LI>Max Depth = 16<LI>Call Chain = _printf_post_padding
</UL>
<BR>[Called By]<UL><LI><a href="#[ab]">&gt;&gt;</a>&nbsp;&nbsp;&nbsp;_printf_fp_infnan
<LI><a href="#[a9]">&gt;&gt;</a>&nbsp;&nbsp;&nbsp;_printf_fp_dec_real
<LI><a href="#[95]">&gt;&gt;</a>&nbsp;&nbsp;&nbsp;_printf_int_common
</UL>

<P><STRONG><a name="[82]"></a>_printf_int_dec</STRONG> (Thumb, 104 bytes, Stack size 24 bytes, _printf_dec.o(.text))
<BR><BR>[Stack]<UL><LI>Max Depth = 72<LI>Call Chain = _printf_int_dec &rArr; _printf_int_common &rArr; _printf_post_padding
</UL>
<BR>[Calls]<UL><LI><a href="#[95]">&gt;&gt;</a>&nbsp;&nbsp;&nbsp;_printf_int_common
</UL>
<BR>[Called By]<UL><LI><a href="#[81]">&gt;&gt;</a>&nbsp;&nbsp;&nbsp;_printf_d
</UL>

<P><STRONG><a name="[96]"></a>__printf</STRONG> (Thumb, 308 bytes, Stack size 40 bytes, __printf_flags_wp.o(.text))
<BR><BR>[Stack]<UL><LI>Max Depth = 40 + Unknown Stack Size
<LI>Call Chain = __printf
</UL>
<BR>[Calls]<UL><LI><a href="#[98]">&gt;&gt;</a>&nbsp;&nbsp;&nbsp;_printf_percent
<LI><a href="#[97]">&gt;&gt;</a>&nbsp;&nbsp;&nbsp;_is_digit
</UL>
<BR>[Called By]<UL><LI><a href="#[94]">&gt;&gt;</a>&nbsp;&nbsp;&nbsp;_printf_char_common
</UL>

<P><STRONG><a name="[99]"></a>__0sscanf</STRONG> (Thumb, 52 bytes, Stack size 72 bytes, __0sscanf.o(.text))
<BR><BR>[Stack]<UL><LI>Max Depth = 508<LI>Call Chain = __0sscanf &rArr; __vfscanf_char &rArr; __vfscanf &rArr; _scanf_real &rArr; _scanf_really_real &rArr; _fp_value &rArr; _btod_etento &rArr; _btod_emul &rArr; _e2e
</UL>
<BR>[Calls]<UL><LI><a href="#[9a]">&gt;&gt;</a>&nbsp;&nbsp;&nbsp;__vfscanf_char
</UL>
<BR>[Called By]<UL><LI><a href="#[107]">&gt;&gt;</a>&nbsp;&nbsp;&nbsp;DetectoCom
</UL>

<P><STRONG><a name="[9b]"></a>_scanf_int</STRONG> (Thumb, 332 bytes, Stack size 56 bytes, _scanf_int.o(.text))
<BR><BR>[Stack]<UL><LI>Max Depth = 56<LI>Call Chain = _scanf_int
</UL>
<BR>[Calls]<UL><LI><a href="#[9c]">&gt;&gt;</a>&nbsp;&nbsp;&nbsp;_chval
</UL>
<BR>[Called By]<UL><LI><a href="#[b4]">&gt;&gt;</a>&nbsp;&nbsp;&nbsp;__vfscanf
</UL>

<P><STRONG><a name="[108]"></a>memcmp</STRONG> (Thumb, 88 bytes, Stack size 8 bytes, memcmp.o(.text))
<BR><BR>[Stack]<UL><LI>Max Depth = 8<LI>Call Chain = memcmp
</UL>
<BR>[Called By]<UL><LI><a href="#[107]">&gt;&gt;</a>&nbsp;&nbsp;&nbsp;DetectoCom
</UL>

<P><STRONG><a name="[115]"></a>strlen</STRONG> (Thumb, 62 bytes, Stack size 8 bytes, strlen.o(.text))
<BR><BR>[Stack]<UL><LI>Max Depth = 8<LI>Call Chain = strlen
</UL>
<BR>[Called By]<UL><LI><a href="#[112]">&gt;&gt;</a>&nbsp;&nbsp;&nbsp;Display_dose
</UL>

<P><STRONG><a name="[12b]"></a>__aeabi_memcpy</STRONG> (Thumb, 0 bytes, Stack size 0 bytes, rt_memcpy_v6.o(.text))
<BR><BR>[Called By]<UL><LI><a href="#[10e]">&gt;&gt;</a>&nbsp;&nbsp;&nbsp;GUI_SetBat
</UL>

<P><STRONG><a name="[9d]"></a>__rt_memcpy</STRONG> (Thumb, 138 bytes, Stack size 0 bytes, rt_memcpy_v6.o(.text), UNUSED)
<BR><BR>[Calls]<UL><LI><a href="#[9e]">&gt;&gt;</a>&nbsp;&nbsp;&nbsp;__aeabi_memcpy4
</UL>

<P><STRONG><a name="[1cb]"></a>_memcpy_lastbytes</STRONG> (Thumb, 0 bytes, Stack size unknown bytes, rt_memcpy_v6.o(.text), UNUSED)

<P><STRONG><a name="[9e]"></a>__aeabi_memcpy4</STRONG> (Thumb, 0 bytes, Stack size 8 bytes, rt_memcpy_w.o(.text))
<BR><BR>[Stack]<UL><LI>Max Depth = 8<LI>Call Chain = __aeabi_memcpy4
</UL>
<BR>[Called By]<UL><LI><a href="#[ca]">&gt;&gt;</a>&nbsp;&nbsp;&nbsp;Get_BatValueSOC
<LI><a href="#[9d]">&gt;&gt;</a>&nbsp;&nbsp;&nbsp;__rt_memcpy
</UL>

<P><STRONG><a name="[1cc]"></a>__aeabi_memcpy8</STRONG> (Thumb, 0 bytes, Stack size 8 bytes, rt_memcpy_w.o(.text), UNUSED)

<P><STRONG><a name="[1cd]"></a>__rt_memcpy_w</STRONG> (Thumb, 100 bytes, Stack size 8 bytes, rt_memcpy_w.o(.text), UNUSED)

<P><STRONG><a name="[1ce]"></a>_memcpy_lastbytes_aligned</STRONG> (Thumb, 0 bytes, Stack size unknown bytes, rt_memcpy_w.o(.text), UNUSED)

<P><STRONG><a name="[12a]"></a>__aeabi_memclr</STRONG> (Thumb, 0 bytes, Stack size 0 bytes, rt_memclr.o(.text))
<BR><BR>[Called By]<UL><LI><a href="#[128]">&gt;&gt;</a>&nbsp;&nbsp;&nbsp;GUI_Refresh
</UL>

<P><STRONG><a name="[9f]"></a>__rt_memclr</STRONG> (Thumb, 68 bytes, Stack size 0 bytes, rt_memclr.o(.text), UNUSED)
<BR><BR>[Calls]<UL><LI><a href="#[a0]">&gt;&gt;</a>&nbsp;&nbsp;&nbsp;_memset_w
</UL>

<P><STRONG><a name="[1cf]"></a>_memset</STRONG> (Thumb, 0 bytes, Stack size unknown bytes, rt_memclr.o(.text), UNUSED)

<P><STRONG><a name="[1d0]"></a>__use_two_region_memory</STRONG> (Thumb, 2 bytes, Stack size 0 bytes, heapauxi.o(.text), UNUSED)

<P><STRONG><a name="[1d1]"></a>__rt_heap_escrow$2region</STRONG> (Thumb, 2 bytes, Stack size 0 bytes, heapauxi.o(.text), UNUSED)

<P><STRONG><a name="[1d2]"></a>__rt_heap_expand$2region</STRONG> (Thumb, 2 bytes, Stack size 0 bytes, heapauxi.o(.text), UNUSED)

<P><STRONG><a name="[95]"></a>_printf_int_common</STRONG> (Thumb, 178 bytes, Stack size 32 bytes, _printf_intcommon.o(.text))
<BR><BR>[Stack]<UL><LI>Max Depth = 48<LI>Call Chain = _printf_int_common &rArr; _printf_post_padding
</UL>
<BR>[Calls]<UL><LI><a href="#[a2]">&gt;&gt;</a>&nbsp;&nbsp;&nbsp;_printf_post_padding
<LI><a href="#[a1]">&gt;&gt;</a>&nbsp;&nbsp;&nbsp;_printf_pre_padding
</UL>
<BR>[Called By]<UL><LI><a href="#[82]">&gt;&gt;</a>&nbsp;&nbsp;&nbsp;_printf_int_dec
</UL>

<P><STRONG><a name="[1d3]"></a>__lib_sel_fp_printf</STRONG> (Thumb, 2 bytes, Stack size 0 bytes, _printf_fp_dec.o(.text), UNUSED)

<P><STRONG><a name="[a9]"></a>_printf_fp_dec_real</STRONG> (Thumb, 620 bytes, Stack size 104 bytes, _printf_fp_dec.o(.text))
<BR><BR>[Stack]<UL><LI>Max Depth = 324<LI>Call Chain = _printf_fp_dec_real &rArr; _fp_digits &rArr; _btod_etento &rArr; _btod_emul &rArr; _e2e
</UL>
<BR>[Calls]<UL><LI><a href="#[ab]">&gt;&gt;</a>&nbsp;&nbsp;&nbsp;_printf_fp_infnan
<LI><a href="#[84]">&gt;&gt;</a>&nbsp;&nbsp;&nbsp;__rt_locale
<LI><a href="#[a3]">&gt;&gt;</a>&nbsp;&nbsp;&nbsp;_fp_digits
<LI><a href="#[a2]">&gt;&gt;</a>&nbsp;&nbsp;&nbsp;_printf_post_padding
<LI><a href="#[a1]">&gt;&gt;</a>&nbsp;&nbsp;&nbsp;_printf_pre_padding
<LI><a href="#[aa]">&gt;&gt;</a>&nbsp;&nbsp;&nbsp;__ARM_fpclassify
</UL>
<BR>[Called By]<UL><LI><a href="#[80]">&gt;&gt;</a>&nbsp;&nbsp;&nbsp;_printf_fp_dec
</UL>

<P><STRONG><a name="[94]"></a>_printf_char_common</STRONG> (Thumb, 32 bytes, Stack size 64 bytes, _printf_char_common.o(.text))
<BR><BR>[Stack]<UL><LI>Max Depth = 104 + Unknown Stack Size
<LI>Call Chain = _printf_char_common &rArr; __printf
</UL>
<BR>[Calls]<UL><LI><a href="#[96]">&gt;&gt;</a>&nbsp;&nbsp;&nbsp;__printf
</UL>
<BR>[Called By]<UL><LI><a href="#[93]">&gt;&gt;</a>&nbsp;&nbsp;&nbsp;__2sprintf
</UL>

<P><STRONG><a name="[74]"></a>_sputc</STRONG> (Thumb, 10 bytes, Stack size 0 bytes, _sputc.o(.text))
<BR><BR>[Called By]<UL><LI><a href="#[93]">&gt;&gt;</a>&nbsp;&nbsp;&nbsp;__2sprintf
</UL>
<BR>[Address Reference Count : 1]<UL><LI> noretval__2sprintf.o(.text)
</UL>
<P><STRONG><a name="[9c]"></a>_chval</STRONG> (Thumb, 28 bytes, Stack size 0 bytes, _chval.o(.text))
<BR><BR>[Called By]<UL><LI><a href="#[9b]">&gt;&gt;</a>&nbsp;&nbsp;&nbsp;_scanf_int
<LI><a href="#[bb]">&gt;&gt;</a>&nbsp;&nbsp;&nbsp;_scanf_really_hex_real
</UL>

<P><STRONG><a name="[b0]"></a>_scanf_really_real</STRONG> (Thumb, 684 bytes, Stack size 120 bytes, scanf_fp.o(.text))
<BR><BR>[Stack]<UL><LI>Max Depth = 340<LI>Call Chain = _scanf_really_real &rArr; _fp_value &rArr; _btod_etento &rArr; _btod_emul &rArr; _e2e
</UL>
<BR>[Calls]<UL><LI><a href="#[84]">&gt;&gt;</a>&nbsp;&nbsp;&nbsp;__rt_locale
<LI><a href="#[ac]">&gt;&gt;</a>&nbsp;&nbsp;&nbsp;_fp_value
<LI><a href="#[97]">&gt;&gt;</a>&nbsp;&nbsp;&nbsp;_is_digit
<LI><a href="#[b3]">&gt;&gt;</a>&nbsp;&nbsp;&nbsp;__mathlib_narrow
<LI><a href="#[b1]">&gt;&gt;</a>&nbsp;&nbsp;&nbsp;_scanf_infnan
<LI><a href="#[b2]">&gt;&gt;</a>&nbsp;&nbsp;&nbsp;_scanf_hex_real
</UL>
<BR>[Called By]<UL><LI><a href="#[b6]">&gt;&gt;</a>&nbsp;&nbsp;&nbsp;_scanf_real
</UL>

<P><STRONG><a name="[9a]"></a>__vfscanf_char</STRONG> (Thumb, 24 bytes, Stack size 0 bytes, scanf_char.o(.text))
<BR><BR>[Stack]<UL><LI>Max Depth = 436<LI>Call Chain = __vfscanf_char &rArr; __vfscanf &rArr; _scanf_real &rArr; _scanf_really_real &rArr; _fp_value &rArr; _btod_etento &rArr; _btod_emul &rArr; _e2e
</UL>
<BR>[Calls]<UL><LI><a href="#[b4]">&gt;&gt;</a>&nbsp;&nbsp;&nbsp;__vfscanf
</UL>
<BR>[Called By]<UL><LI><a href="#[99]">&gt;&gt;</a>&nbsp;&nbsp;&nbsp;__0sscanf
</UL>

<P><STRONG><a name="[75]"></a>_sgetc</STRONG> (Thumb, 30 bytes, Stack size 0 bytes, _sgetc.o(.text))
<BR>[Address Reference Count : 1]<UL><LI> __0sscanf.o(.text)
</UL>
<P><STRONG><a name="[76]"></a>_sbackspace</STRONG> (Thumb, 34 bytes, Stack size 0 bytes, _sgetc.o(.text))
<BR>[Address Reference Count : 1]<UL><LI> __0sscanf.o(.text)
</UL>
<P><STRONG><a name="[1d4]"></a>__aeabi_memclr4</STRONG> (Thumb, 0 bytes, Stack size 4 bytes, rt_memclr_w.o(.text), UNUSED)

<P><STRONG><a name="[1d5]"></a>__aeabi_memclr8</STRONG> (Thumb, 0 bytes, Stack size 4 bytes, rt_memclr_w.o(.text), UNUSED)

<P><STRONG><a name="[1d6]"></a>__rt_memclr_w</STRONG> (Thumb, 78 bytes, Stack size 4 bytes, rt_memclr_w.o(.text), UNUSED)

<P><STRONG><a name="[a0]"></a>_memset_w</STRONG> (Thumb, 0 bytes, Stack size unknown bytes, rt_memclr_w.o(.text), UNUSED)
<BR><BR>[Called By]<UL><LI><a href="#[9f]">&gt;&gt;</a>&nbsp;&nbsp;&nbsp;__rt_memclr
</UL>

<P><STRONG><a name="[84]"></a>__rt_locale</STRONG> (Thumb, 8 bytes, Stack size 0 bytes, rt_locale_intlibspace.o(.text))
<BR><BR>[Called By]<UL><LI><a href="#[b0]">&gt;&gt;</a>&nbsp;&nbsp;&nbsp;_scanf_really_real
<LI><a href="#[a9]">&gt;&gt;</a>&nbsp;&nbsp;&nbsp;_printf_fp_dec_real
<LI><a href="#[83]">&gt;&gt;</a>&nbsp;&nbsp;&nbsp;__rt_lib_init_lc_common
<LI><a href="#[b5]">&gt;&gt;</a>&nbsp;&nbsp;&nbsp;__rt_ctype_table
</UL>

<P><STRONG><a name="[ad]"></a>__aeabi_errno_addr</STRONG> (Thumb, 8 bytes, Stack size 0 bytes, rt_errno_addr_intlibspace.o(.text))
<BR><BR>[Called By]<UL><LI><a href="#[ac]">&gt;&gt;</a>&nbsp;&nbsp;&nbsp;_fp_value
<LI><a href="#[ba]">&gt;&gt;</a>&nbsp;&nbsp;&nbsp;__set_errno
<LI><a href="#[b9]">&gt;&gt;</a>&nbsp;&nbsp;&nbsp;__read_errno
</UL>

<P><STRONG><a name="[1d7]"></a>__errno$intlibspace</STRONG> (Thumb, 0 bytes, Stack size 0 bytes, rt_errno_addr_intlibspace.o(.text), UNUSED)

<P><STRONG><a name="[1d8]"></a>__rt_errno_addr$intlibspace</STRONG> (Thumb, 0 bytes, Stack size 0 bytes, rt_errno_addr_intlibspace.o(.text), UNUSED)

<P><STRONG><a name="[a8]"></a>_ll_udiv10</STRONG> (Thumb, 138 bytes, Stack size 12 bytes, lludiv10.o(.text))
<BR><BR>[Stack]<UL><LI>Max Depth = 12<LI>Call Chain = _ll_udiv10
</UL>
<BR>[Called By]<UL><LI><a href="#[a3]">&gt;&gt;</a>&nbsp;&nbsp;&nbsp;_fp_digits
</UL>

<P><STRONG><a name="[79]"></a>isspace</STRONG> (Thumb, 18 bytes, Stack size 8 bytes, isspace.o(.text))
<BR><BR>[Stack]<UL><LI>Max Depth = 16<LI>Call Chain = isspace &rArr; __rt_ctype_table
</UL>
<BR>[Calls]<UL><LI><a href="#[b5]">&gt;&gt;</a>&nbsp;&nbsp;&nbsp;__rt_ctype_table
</UL>
<BR>[Address Reference Count : 1]<UL><LI> scanf_char.o(.text)
</UL>
<P><STRONG><a name="[ab]"></a>_printf_fp_infnan</STRONG> (Thumb, 112 bytes, Stack size 24 bytes, _printf_fp_infnan.o(.text))
<BR><BR>[Stack]<UL><LI>Max Depth = 40<LI>Call Chain = _printf_fp_infnan &rArr; _printf_post_padding
</UL>
<BR>[Calls]<UL><LI><a href="#[a2]">&gt;&gt;</a>&nbsp;&nbsp;&nbsp;_printf_post_padding
<LI><a href="#[a1]">&gt;&gt;</a>&nbsp;&nbsp;&nbsp;_printf_pre_padding
</UL>
<BR>[Called By]<UL><LI><a href="#[a9]">&gt;&gt;</a>&nbsp;&nbsp;&nbsp;_printf_fp_dec_real
</UL>

<P><STRONG><a name="[b4]"></a>__vfscanf</STRONG> (Thumb, 880 bytes, Stack size 96 bytes, _scanf.o(.text))
<BR><BR>[Stack]<UL><LI>Max Depth = 436<LI>Call Chain = __vfscanf &rArr; _scanf_real &rArr; _scanf_really_real &rArr; _fp_value &rArr; _btod_etento &rArr; _btod_emul &rArr; _e2e
</UL>
<BR>[Calls]<UL><LI><a href="#[b6]">&gt;&gt;</a>&nbsp;&nbsp;&nbsp;_scanf_real
<LI><a href="#[9b]">&gt;&gt;</a>&nbsp;&nbsp;&nbsp;_scanf_int
</UL>
<BR>[Called By]<UL><LI><a href="#[9a]">&gt;&gt;</a>&nbsp;&nbsp;&nbsp;__vfscanf_char
</UL>

<P><STRONG><a name="[a4]"></a>_btod_etento</STRONG> (Thumb, 224 bytes, Stack size 72 bytes, bigflt0.o(.text))
<BR><BR>[Stack]<UL><LI>Max Depth = 124<LI>Call Chain = _btod_etento &rArr; _btod_emul &rArr; _e2e
</UL>
<BR>[Calls]<UL><LI><a href="#[a7]">&gt;&gt;</a>&nbsp;&nbsp;&nbsp;_btod_emul
<LI><a href="#[a6]">&gt;&gt;</a>&nbsp;&nbsp;&nbsp;_btod_ediv
</UL>
<BR>[Called By]<UL><LI><a href="#[ac]">&gt;&gt;</a>&nbsp;&nbsp;&nbsp;_fp_value
<LI><a href="#[a3]">&gt;&gt;</a>&nbsp;&nbsp;&nbsp;_fp_digits
</UL>

<P><STRONG><a name="[1d9]"></a>__user_libspace</STRONG> (Thumb, 8 bytes, Stack size 0 bytes, libspace.o(.text), UNUSED)

<P><STRONG><a name="[b7]"></a>__user_perproc_libspace</STRONG> (Thumb, 0 bytes, Stack size 0 bytes, libspace.o(.text))
<BR><BR>[Called By]<UL><LI><a href="#[89]">&gt;&gt;</a>&nbsp;&nbsp;&nbsp;__user_setup_stackheap
</UL>

<P><STRONG><a name="[1da]"></a>__user_perthread_libspace</STRONG> (Thumb, 0 bytes, Stack size 0 bytes, libspace.o(.text), UNUSED)

<P><STRONG><a name="[89]"></a>__user_setup_stackheap</STRONG> (Thumb, 74 bytes, Stack size 8 bytes, sys_stackheap_outer.o(.text))
<BR><BR>[Stack]<UL><LI>Max Depth = 8<LI>Call Chain = __user_setup_stackheap
</UL>
<BR>[Calls]<UL><LI><a href="#[b8]">&gt;&gt;</a>&nbsp;&nbsp;&nbsp;__user_initial_stackheap
<LI><a href="#[b7]">&gt;&gt;</a>&nbsp;&nbsp;&nbsp;__user_perproc_libspace
</UL>
<BR>[Called By]<UL><LI><a href="#[88]">&gt;&gt;</a>&nbsp;&nbsp;&nbsp;__rt_entry_sh
</UL>

<P><STRONG><a name="[b5]"></a>__rt_ctype_table</STRONG> (Thumb, 16 bytes, Stack size 8 bytes, rt_ctype_table.o(.text))
<BR><BR>[Stack]<UL><LI>Max Depth = 8<LI>Call Chain = __rt_ctype_table
</UL>
<BR>[Calls]<UL><LI><a href="#[84]">&gt;&gt;</a>&nbsp;&nbsp;&nbsp;__rt_locale
</UL>
<BR>[Called By]<UL><LI><a href="#[79]">&gt;&gt;</a>&nbsp;&nbsp;&nbsp;isspace
</UL>

<P><STRONG><a name="[b9]"></a>__read_errno</STRONG> (Thumb, 10 bytes, Stack size 8 bytes, _rserrno.o(.text), UNUSED)
<BR><BR>[Calls]<UL><LI><a href="#[ad]">&gt;&gt;</a>&nbsp;&nbsp;&nbsp;__aeabi_errno_addr
</UL>

<P><STRONG><a name="[ba]"></a>__set_errno</STRONG> (Thumb, 12 bytes, Stack size 8 bytes, _rserrno.o(.text))
<BR><BR>[Stack]<UL><LI>Max Depth = 8<LI>Call Chain = __set_errno
</UL>
<BR>[Calls]<UL><LI><a href="#[ad]">&gt;&gt;</a>&nbsp;&nbsp;&nbsp;__aeabi_errno_addr
</UL>
<BR>[Called By]<UL><LI><a href="#[174]">&gt;&gt;</a>&nbsp;&nbsp;&nbsp;ldexp
<LI><a href="#[16f]">&gt;&gt;</a>&nbsp;&nbsp;&nbsp;__mathlib_tofloat
</UL>

<P><STRONG><a name="[bb]"></a>_scanf_really_hex_real</STRONG> (Thumb, 786 bytes, Stack size 80 bytes, scanf_hexfp.o(.text))
<BR><BR>[Stack]<UL><LI>Max Depth = 144<LI>Call Chain = _scanf_really_hex_real &rArr; __support_ldexp &rArr; ldexp &rArr; __aeabi_cdcmpeq
</UL>
<BR>[Calls]<UL><LI><a href="#[9c]">&gt;&gt;</a>&nbsp;&nbsp;&nbsp;_chval
<LI><a href="#[bd]">&gt;&gt;</a>&nbsp;&nbsp;&nbsp;__support_ldexp
<LI><a href="#[bc]">&gt;&gt;</a>&nbsp;&nbsp;&nbsp;__aeabi_llsl
<LI><a href="#[b3]">&gt;&gt;</a>&nbsp;&nbsp;&nbsp;__mathlib_narrow
</UL>
<BR>[Called By]<UL><LI><a href="#[b2]">&gt;&gt;</a>&nbsp;&nbsp;&nbsp;_scanf_hex_real
</UL>

<P><STRONG><a name="[1a3]"></a>_scanf_really_infnan</STRONG> (Thumb, 292 bytes, Stack size 72 bytes, scanf_infnan.o(.text))
<BR><BR>[Stack]<UL><LI>Max Depth = 72<LI>Call Chain = _scanf_really_infnan
</UL>
<BR>[Called By]<UL><LI><a href="#[b1]">&gt;&gt;</a>&nbsp;&nbsp;&nbsp;_scanf_infnan
</UL>

<P><STRONG><a name="[8e]"></a>exit</STRONG> (Thumb, 18 bytes, Stack size 8 bytes, exit.o(.text))
<BR><BR>[Stack]<UL><LI>Max Depth = 8 + Unknown Stack Size
<LI>Call Chain = exit
</UL>
<BR>[Calls]<UL><LI><a href="#[be]">&gt;&gt;</a>&nbsp;&nbsp;&nbsp;__rt_exit
</UL>
<BR>[Called By]<UL><LI><a href="#[8c]">&gt;&gt;</a>&nbsp;&nbsp;&nbsp;__rt_entry_main
</UL>

<P><STRONG><a name="[188]"></a>strcmp</STRONG> (Thumb, 128 bytes, Stack size 0 bytes, strcmpv7m.o(.text))
<BR><BR>[Called By]<UL><LI><a href="#[87]">&gt;&gt;</a>&nbsp;&nbsp;&nbsp;_get_lc_numeric
<LI><a href="#[7a]">&gt;&gt;</a>&nbsp;&nbsp;&nbsp;_get_lc_ctype
</UL>

<P><STRONG><a name="[bc]"></a>__aeabi_llsl</STRONG> (Thumb, 0 bytes, Stack size 0 bytes, llshl.o(.text))
<BR><BR>[Called By]<UL><LI><a href="#[bb]">&gt;&gt;</a>&nbsp;&nbsp;&nbsp;_scanf_really_hex_real
</UL>

<P><STRONG><a name="[1db]"></a>_ll_shift_l</STRONG> (Thumb, 38 bytes, Stack size 0 bytes, llshl.o(.text), UNUSED)

<P><STRONG><a name="[92]"></a>_sys_exit</STRONG> (Thumb, 8 bytes, Stack size 0 bytes, sys_exit.o(.text))
<BR><BR>[Called By]<UL><LI><a href="#[91]">&gt;&gt;</a>&nbsp;&nbsp;&nbsp;__rt_exit_exit
</UL>

<P><STRONG><a name="[1dc]"></a>__I$use$semihosting</STRONG> (Thumb, 0 bytes, Stack size 0 bytes, use_no_semi.o(.text), UNUSED)

<P><STRONG><a name="[1dd]"></a>__use_no_semihosting_swi</STRONG> (Thumb, 2 bytes, Stack size 0 bytes, use_no_semi.o(.text), UNUSED)

<P><STRONG><a name="[1de]"></a>__semihosting_library_function</STRONG> (Thumb, 0 bytes, Stack size 0 bytes, indicate_semi.o(.text), UNUSED)

<P><STRONG><a name="[a5]"></a>_btod_d2e</STRONG> (Thumb, 62 bytes, Stack size 0 bytes, btod.o(CL$$btod_d2e))
<BR><BR>[Calls]<UL><LI><a href="#[bf]">&gt;&gt;</a>&nbsp;&nbsp;&nbsp;_d2e_norm_op1
</UL>
<BR>[Called By]<UL><LI><a href="#[a3]">&gt;&gt;</a>&nbsp;&nbsp;&nbsp;_fp_digits
</UL>

<P><STRONG><a name="[c0]"></a>_d2e_denorm_low</STRONG> (Thumb, 70 bytes, Stack size 0 bytes, btod.o(CL$$btod_d2e_denorm_low))
<BR><BR>[Called By]<UL><LI><a href="#[bf]">&gt;&gt;</a>&nbsp;&nbsp;&nbsp;_d2e_norm_op1
</UL>

<P><STRONG><a name="[bf]"></a>_d2e_norm_op1</STRONG> (Thumb, 96 bytes, Stack size 0 bytes, btod.o(CL$$btod_d2e_norm_op1))
<BR><BR>[Calls]<UL><LI><a href="#[c0]">&gt;&gt;</a>&nbsp;&nbsp;&nbsp;_d2e_denorm_low
</UL>
<BR>[Called By]<UL><LI><a href="#[a5]">&gt;&gt;</a>&nbsp;&nbsp;&nbsp;_btod_d2e
</UL>

<P><STRONG><a name="[c3]"></a>__btod_div_common</STRONG> (Thumb, 696 bytes, Stack size 24 bytes, btod.o(CL$$btod_div_common))
<BR><BR>[Stack]<UL><LI>Max Depth = 24<LI>Call Chain = __btod_div_common
</UL>
<BR>[Called By]<UL><LI><a href="#[af]">&gt;&gt;</a>&nbsp;&nbsp;&nbsp;_btod_edivd
<LI><a href="#[a6]">&gt;&gt;</a>&nbsp;&nbsp;&nbsp;_btod_ediv
</UL>

<P><STRONG><a name="[c1]"></a>_e2d</STRONG> (Thumb, 122 bytes, Stack size 32 bytes, btod.o(CL$$btod_e2d))
<BR><BR>[Stack]<UL><LI>Max Depth = 56<LI>Call Chain = _e2d &rArr; _e2e
</UL>
<BR>[Calls]<UL><LI><a href="#[c2]">&gt;&gt;</a>&nbsp;&nbsp;&nbsp;_e2e
</UL>
<BR>[Called By]<UL><LI><a href="#[ae]">&gt;&gt;</a>&nbsp;&nbsp;&nbsp;_btod_emuld
<LI><a href="#[af]">&gt;&gt;</a>&nbsp;&nbsp;&nbsp;_btod_edivd
</UL>

<P><STRONG><a name="[c2]"></a>_e2e</STRONG> (Thumb, 220 bytes, Stack size 24 bytes, btod.o(CL$$btod_e2e))
<BR><BR>[Stack]<UL><LI>Max Depth = 24<LI>Call Chain = _e2e
</UL>
<BR>[Called By]<UL><LI><a href="#[a7]">&gt;&gt;</a>&nbsp;&nbsp;&nbsp;_btod_emul
<LI><a href="#[a6]">&gt;&gt;</a>&nbsp;&nbsp;&nbsp;_btod_ediv
<LI><a href="#[c1]">&gt;&gt;</a>&nbsp;&nbsp;&nbsp;_e2d
</UL>

<P><STRONG><a name="[a6]"></a>_btod_ediv</STRONG> (Thumb, 42 bytes, Stack size 28 bytes, btod.o(CL$$btod_ediv))
<BR><BR>[Stack]<UL><LI>Max Depth = 52<LI>Call Chain = _btod_ediv &rArr; _e2e
</UL>
<BR>[Calls]<UL><LI><a href="#[c2]">&gt;&gt;</a>&nbsp;&nbsp;&nbsp;_e2e
<LI><a href="#[c3]">&gt;&gt;</a>&nbsp;&nbsp;&nbsp;__btod_div_common
</UL>
<BR>[Called By]<UL><LI><a href="#[a4]">&gt;&gt;</a>&nbsp;&nbsp;&nbsp;_btod_etento
<LI><a href="#[a3]">&gt;&gt;</a>&nbsp;&nbsp;&nbsp;_fp_digits
</UL>

<P><STRONG><a name="[af]"></a>_btod_edivd</STRONG> (Thumb, 42 bytes, Stack size 28 bytes, btod.o(CL$$btod_edivd))
<BR><BR>[Stack]<UL><LI>Max Depth = 84<LI>Call Chain = _btod_edivd &rArr; _e2d &rArr; _e2e
</UL>
<BR>[Calls]<UL><LI><a href="#[c1]">&gt;&gt;</a>&nbsp;&nbsp;&nbsp;_e2d
<LI><a href="#[c3]">&gt;&gt;</a>&nbsp;&nbsp;&nbsp;__btod_div_common
</UL>
<BR>[Called By]<UL><LI><a href="#[ac]">&gt;&gt;</a>&nbsp;&nbsp;&nbsp;_fp_value
</UL>

<P><STRONG><a name="[a7]"></a>_btod_emul</STRONG> (Thumb, 42 bytes, Stack size 28 bytes, btod.o(CL$$btod_emul))
<BR><BR>[Stack]<UL><LI>Max Depth = 52<LI>Call Chain = _btod_emul &rArr; _e2e
</UL>
<BR>[Calls]<UL><LI><a href="#[c4]">&gt;&gt;</a>&nbsp;&nbsp;&nbsp;__btod_mult_common
<LI><a href="#[c2]">&gt;&gt;</a>&nbsp;&nbsp;&nbsp;_e2e
</UL>
<BR>[Called By]<UL><LI><a href="#[a4]">&gt;&gt;</a>&nbsp;&nbsp;&nbsp;_btod_etento
<LI><a href="#[a3]">&gt;&gt;</a>&nbsp;&nbsp;&nbsp;_fp_digits
</UL>

<P><STRONG><a name="[ae]"></a>_btod_emuld</STRONG> (Thumb, 42 bytes, Stack size 28 bytes, btod.o(CL$$btod_emuld))
<BR><BR>[Stack]<UL><LI>Max Depth = 84<LI>Call Chain = _btod_emuld &rArr; _e2d &rArr; _e2e
</UL>
<BR>[Calls]<UL><LI><a href="#[c4]">&gt;&gt;</a>&nbsp;&nbsp;&nbsp;__btod_mult_common
<LI><a href="#[c1]">&gt;&gt;</a>&nbsp;&nbsp;&nbsp;_e2d
</UL>
<BR>[Called By]<UL><LI><a href="#[ac]">&gt;&gt;</a>&nbsp;&nbsp;&nbsp;_fp_value
</UL>

<P><STRONG><a name="[c4]"></a>__btod_mult_common</STRONG> (Thumb, 580 bytes, Stack size 16 bytes, btod.o(CL$$btod_mult_common))
<BR><BR>[Stack]<UL><LI>Max Depth = 16<LI>Call Chain = __btod_mult_common
</UL>
<BR>[Called By]<UL><LI><a href="#[ae]">&gt;&gt;</a>&nbsp;&nbsp;&nbsp;_btod_emuld
<LI><a href="#[a7]">&gt;&gt;</a>&nbsp;&nbsp;&nbsp;_btod_emul
</UL>

<P><STRONG><a name="[c5]"></a>ADC_GetVolPer</STRONG> (Thumb, 54 bytes, Stack size 24 bytes, bsp_adc.o(i.ADC_GetVolPer))
<BR><BR>[Stack]<UL><LI>Max Depth = 120<LI>Call Chain = ADC_GetVolPer &rArr; Get_BatValueSOC &rArr; __aeabi_fmul
</UL>
<BR>[Calls]<UL><LI><a href="#[ca]">&gt;&gt;</a>&nbsp;&nbsp;&nbsp;Get_BatValueSOC
<LI><a href="#[c6]">&gt;&gt;</a>&nbsp;&nbsp;&nbsp;GetAdcVal
<LI><a href="#[c9]">&gt;&gt;</a>&nbsp;&nbsp;&nbsp;__aeabi_fmul
<LI><a href="#[c7]">&gt;&gt;</a>&nbsp;&nbsp;&nbsp;__aeabi_ui2f
<LI><a href="#[c8]">&gt;&gt;</a>&nbsp;&nbsp;&nbsp;__aeabi_fdiv
</UL>
<BR>[Called By]<UL><LI><a href="#[15f]">&gt;&gt;</a>&nbsp;&nbsp;&nbsp;Task_bat
<LI><a href="#[101]">&gt;&gt;</a>&nbsp;&nbsp;&nbsp;ChgStateProcess
</UL>

<P><STRONG><a name="[164]"></a>BEEP_SetState</STRONG> (Thumb, 24 bytes, Stack size 0 bytes, bsp_gpio.o(i.BEEP_SetState))
<BR><BR>[Called By]<UL><LI><a href="#[162]">&gt;&gt;</a>&nbsp;&nbsp;&nbsp;Task_status
</UL>

<P><STRONG><a name="[d9]"></a>BSP_ADC_Init</STRONG> (Thumb, 12 bytes, Stack size 8 bytes, bsp_adc.o(i.BSP_ADC_Init))
<BR><BR>[Stack]<UL><LI>Max Depth = 36<LI>Call Chain = BSP_ADC_Init &rArr; Gpio_Init &rArr; gpio_init
</UL>
<BR>[Calls]<UL><LI><a href="#[da]">&gt;&gt;</a>&nbsp;&nbsp;&nbsp;Gpio_Init
<LI><a href="#[cb]">&gt;&gt;</a>&nbsp;&nbsp;&nbsp;Adc_Init
</UL>
<BR>[Called By]<UL><LI><a href="#[df]">&gt;&gt;</a>&nbsp;&nbsp;&nbsp;BSP_Init
</UL>

<P><STRONG><a name="[db]"></a>BSP_EEPROM_Init</STRONG> (Thumb, 30 bytes, Stack size 8 bytes, bsp_eeprom.o(i.BSP_EEPROM_Init))
<BR><BR>[Stack]<UL><LI>Max Depth = 28<LI>Call Chain = BSP_EEPROM_Init &rArr; gpio_init
</UL>
<BR>[Calls]<UL><LI><a href="#[cc]">&gt;&gt;</a>&nbsp;&nbsp;&nbsp;rcu_periph_clock_enable
<LI><a href="#[dc]">&gt;&gt;</a>&nbsp;&nbsp;&nbsp;gpio_init
<LI><a href="#[dd]">&gt;&gt;</a>&nbsp;&nbsp;&nbsp;EE_Stop
</UL>
<BR>[Called By]<UL><LI><a href="#[df]">&gt;&gt;</a>&nbsp;&nbsp;&nbsp;BSP_Init
</UL>

<P><STRONG><a name="[de]"></a>BSP_GPIO_Init</STRONG> (Thumb, 250 bytes, Stack size 8 bytes, bsp_gpio.o(i.BSP_GPIO_Init))
<BR><BR>[Stack]<UL><LI>Max Depth = 28<LI>Call Chain = BSP_GPIO_Init &rArr; gpio_init
</UL>
<BR>[Calls]<UL><LI><a href="#[cc]">&gt;&gt;</a>&nbsp;&nbsp;&nbsp;rcu_periph_clock_enable
<LI><a href="#[dc]">&gt;&gt;</a>&nbsp;&nbsp;&nbsp;gpio_init
<LI><a href="#[d7]">&gt;&gt;</a>&nbsp;&nbsp;&nbsp;delay_ms
</UL>
<BR>[Called By]<UL><LI><a href="#[df]">&gt;&gt;</a>&nbsp;&nbsp;&nbsp;BSP_Init
</UL>

<P><STRONG><a name="[df]"></a>BSP_Init</STRONG> (Thumb, 46 bytes, Stack size 8 bytes, main.o(i.BSP_Init))
<BR><BR>[Stack]<UL><LI>Max Depth = 128<LI>Call Chain = BSP_Init &rArr; BSP_Uart_Init &rArr; usart_baudrate_set &rArr; rcu_clock_freq_get
</UL>
<BR>[Calls]<UL><LI><a href="#[e2]">&gt;&gt;</a>&nbsp;&nbsp;&nbsp;BSP_RTC_Init
<LI><a href="#[d9]">&gt;&gt;</a>&nbsp;&nbsp;&nbsp;BSP_ADC_Init
<LI><a href="#[e3]">&gt;&gt;</a>&nbsp;&nbsp;&nbsp;BSP_TIM_Init
<LI><a href="#[e4]">&gt;&gt;</a>&nbsp;&nbsp;&nbsp;BSP_Uart_Init
<LI><a href="#[de]">&gt;&gt;</a>&nbsp;&nbsp;&nbsp;BSP_GPIO_Init
<LI><a href="#[db]">&gt;&gt;</a>&nbsp;&nbsp;&nbsp;BSP_EEPROM_Init
<LI><a href="#[e6]">&gt;&gt;</a>&nbsp;&nbsp;&nbsp;LCD_Init
<LI><a href="#[e0]">&gt;&gt;</a>&nbsp;&nbsp;&nbsp;BSP_Key_Init
<LI><a href="#[e5]">&gt;&gt;</a>&nbsp;&nbsp;&nbsp;SetLcdBacklight
<LI><a href="#[e1]">&gt;&gt;</a>&nbsp;&nbsp;&nbsp;BSP_PWM_Init
</UL>
<BR>[Called By]<UL><LI><a href="#[8d]">&gt;&gt;</a>&nbsp;&nbsp;&nbsp;main
</UL>

<P><STRONG><a name="[e0]"></a>BSP_Key_Init</STRONG> (Thumb, 76 bytes, Stack size 8 bytes, bsp_key.o(i.BSP_Key_Init))
<BR><BR>[Stack]<UL><LI>Max Depth = 28<LI>Call Chain = BSP_Key_Init &rArr; gpio_init
</UL>
<BR>[Calls]<UL><LI><a href="#[cc]">&gt;&gt;</a>&nbsp;&nbsp;&nbsp;rcu_periph_clock_enable
<LI><a href="#[dc]">&gt;&gt;</a>&nbsp;&nbsp;&nbsp;gpio_init
</UL>
<BR>[Called By]<UL><LI><a href="#[df]">&gt;&gt;</a>&nbsp;&nbsp;&nbsp;BSP_Init
</UL>

<P><STRONG><a name="[e1]"></a>BSP_PWM_Init</STRONG> (Thumb, 168 bytes, Stack size 32 bytes, bsp_pwm.o(i.BSP_PWM_Init))
<BR><BR>[Stack]<UL><LI>Max Depth = 52<LI>Call Chain = BSP_PWM_Init &rArr; gpio_init
</UL>
<BR>[Calls]<UL><LI><a href="#[cc]">&gt;&gt;</a>&nbsp;&nbsp;&nbsp;rcu_periph_clock_enable
<LI><a href="#[dc]">&gt;&gt;</a>&nbsp;&nbsp;&nbsp;gpio_init
<LI><a href="#[ed]">&gt;&gt;</a>&nbsp;&nbsp;&nbsp;timer_auto_reload_shadow_enable
<LI><a href="#[e8]">&gt;&gt;</a>&nbsp;&nbsp;&nbsp;timer_init
<LI><a href="#[ee]">&gt;&gt;</a>&nbsp;&nbsp;&nbsp;timer_enable
<LI><a href="#[e7]">&gt;&gt;</a>&nbsp;&nbsp;&nbsp;timer_deinit
<LI><a href="#[ec]">&gt;&gt;</a>&nbsp;&nbsp;&nbsp;timer_channel_output_shadow_config
<LI><a href="#[ea]">&gt;&gt;</a>&nbsp;&nbsp;&nbsp;timer_channel_output_pulse_value_config
<LI><a href="#[eb]">&gt;&gt;</a>&nbsp;&nbsp;&nbsp;timer_channel_output_mode_config
<LI><a href="#[e9]">&gt;&gt;</a>&nbsp;&nbsp;&nbsp;timer_channel_output_config
</UL>
<BR>[Called By]<UL><LI><a href="#[df]">&gt;&gt;</a>&nbsp;&nbsp;&nbsp;BSP_Init
</UL>

<P><STRONG><a name="[e2]"></a>BSP_RTC_Init</STRONG> (Thumb, 60 bytes, Stack size 8 bytes, bsp_rtc.o(i.BSP_RTC_Init))
<BR><BR>[Stack]<UL><LI>Max Depth = 48<LI>Call Chain = BSP_RTC_Init &rArr; RTC_Write &rArr; RTC_SendByte &rArr; RTC_Delay
</UL>
<BR>[Calls]<UL><LI><a href="#[cc]">&gt;&gt;</a>&nbsp;&nbsp;&nbsp;rcu_periph_clock_enable
<LI><a href="#[dc]">&gt;&gt;</a>&nbsp;&nbsp;&nbsp;gpio_init
<LI><a href="#[f0]">&gt;&gt;</a>&nbsp;&nbsp;&nbsp;RTC_Write
<LI><a href="#[ef]">&gt;&gt;</a>&nbsp;&nbsp;&nbsp;RTC_Stop
</UL>
<BR>[Called By]<UL><LI><a href="#[df]">&gt;&gt;</a>&nbsp;&nbsp;&nbsp;BSP_Init
</UL>

<P><STRONG><a name="[e3]"></a>BSP_TIM_Init</STRONG> (Thumb, 16 bytes, Stack size 8 bytes, bsp_timer.o(i.BSP_TIM_Init))
<BR><BR>[Stack]<UL><LI>Max Depth = 64<LI>Call Chain = BSP_TIM_Init &rArr; TIM1_Init &rArr; timer_external_clock_mode1_config &rArr; timer_external_trigger_config
</UL>
<BR>[Calls]<UL><LI><a href="#[f3]">&gt;&gt;</a>&nbsp;&nbsp;&nbsp;TIM5_Init
<LI><a href="#[f2]">&gt;&gt;</a>&nbsp;&nbsp;&nbsp;TIM1_Init
<LI><a href="#[f1]">&gt;&gt;</a>&nbsp;&nbsp;&nbsp;TIM0_Init
</UL>
<BR>[Called By]<UL><LI><a href="#[df]">&gt;&gt;</a>&nbsp;&nbsp;&nbsp;BSP_Init
</UL>

<P><STRONG><a name="[e4]"></a>BSP_Uart_Init</STRONG> (Thumb, 334 bytes, Stack size 8 bytes, bsp_uart.o(i.BSP_Uart_Init))
<BR><BR>[Stack]<UL><LI>Max Depth = 120<LI>Call Chain = BSP_Uart_Init &rArr; usart_baudrate_set &rArr; rcu_clock_freq_get
</UL>
<BR>[Calls]<UL><LI><a href="#[cc]">&gt;&gt;</a>&nbsp;&nbsp;&nbsp;rcu_periph_clock_enable
<LI><a href="#[100]">&gt;&gt;</a>&nbsp;&nbsp;&nbsp;nvic_irq_enable
<LI><a href="#[dc]">&gt;&gt;</a>&nbsp;&nbsp;&nbsp;gpio_init
<LI><a href="#[f4]">&gt;&gt;</a>&nbsp;&nbsp;&nbsp;uart_var_init
<LI><a href="#[f8]">&gt;&gt;</a>&nbsp;&nbsp;&nbsp;usart_word_length_set
<LI><a href="#[fc]">&gt;&gt;</a>&nbsp;&nbsp;&nbsp;usart_transmit_config
<LI><a href="#[f9]">&gt;&gt;</a>&nbsp;&nbsp;&nbsp;usart_stop_bit_set
<LI><a href="#[fd]">&gt;&gt;</a>&nbsp;&nbsp;&nbsp;usart_receive_config
<LI><a href="#[f7]">&gt;&gt;</a>&nbsp;&nbsp;&nbsp;usart_parity_config
<LI><a href="#[ff]">&gt;&gt;</a>&nbsp;&nbsp;&nbsp;usart_interrupt_enable
<LI><a href="#[fa]">&gt;&gt;</a>&nbsp;&nbsp;&nbsp;usart_hardware_flow_rts_config
<LI><a href="#[fb]">&gt;&gt;</a>&nbsp;&nbsp;&nbsp;usart_hardware_flow_cts_config
<LI><a href="#[fe]">&gt;&gt;</a>&nbsp;&nbsp;&nbsp;usart_enable
<LI><a href="#[f5]">&gt;&gt;</a>&nbsp;&nbsp;&nbsp;usart_deinit
<LI><a href="#[f6]">&gt;&gt;</a>&nbsp;&nbsp;&nbsp;usart_baudrate_set
</UL>
<BR>[Called By]<UL><LI><a href="#[df]">&gt;&gt;</a>&nbsp;&nbsp;&nbsp;BSP_Init
</UL>

<P><STRONG><a name="[163]"></a>BeepStateProcess</STRONG> (Thumb, 126 bytes, Stack size 0 bytes, task_status.o(i.BeepStateProcess))
<BR><BR>[Called By]<UL><LI><a href="#[162]">&gt;&gt;</a>&nbsp;&nbsp;&nbsp;Task_status
</UL>

<P><STRONG><a name="[30]"></a>BusFault_Handler</STRONG> (Thumb, 4 bytes, Stack size 0 bytes, gd32f10x_it.o(i.BusFault_Handler))
<BR>[Address Reference Count : 1]<UL><LI> startup_gd32f10x_hd.o(RESET)
</UL>
<P><STRONG><a name="[139]"></a>Byte_BCDToBin</STRONG> (Thumb, 20 bytes, Stack size 0 bytes, sys.o(i.Byte_BCDToBin))
<BR><BR>[Called By]<UL><LI><a href="#[11e]">&gt;&gt;</a>&nbsp;&nbsp;&nbsp;Get_RTC_Time
</UL>

<P><STRONG><a name="[150]"></a>Byte_BinToBCD</STRONG> (Thumb, 30 bytes, Stack size 0 bytes, sys.o(i.Byte_BinToBCD))
<BR><BR>[Called By]<UL><LI><a href="#[14f]">&gt;&gt;</a>&nbsp;&nbsp;&nbsp;Set_RTC_Time
</UL>

<P><STRONG><a name="[104]"></a>CHG_GetChgState</STRONG> (Thumb, 102 bytes, Stack size 0 bytes, bsp_gpio.o(i.CHG_GetChgState))
<BR><BR>[Called By]<UL><LI><a href="#[101]">&gt;&gt;</a>&nbsp;&nbsp;&nbsp;ChgStateProcess
</UL>

<P><STRONG><a name="[103]"></a>CHG_SetChg</STRONG> (Thumb, 24 bytes, Stack size 0 bytes, bsp_gpio.o(i.CHG_SetChg))
<BR><BR>[Called By]<UL><LI><a href="#[101]">&gt;&gt;</a>&nbsp;&nbsp;&nbsp;ChgStateProcess
</UL>

<P><STRONG><a name="[102]"></a>CHG_plugCheck</STRONG> (Thumb, 10 bytes, Stack size 0 bytes, bsp_gpio.o(i.CHG_plugCheck))
<BR><BR>[Called By]<UL><LI><a href="#[101]">&gt;&gt;</a>&nbsp;&nbsp;&nbsp;ChgStateProcess
<LI><a href="#[10d]">&gt;&gt;</a>&nbsp;&nbsp;&nbsp;Display_bat
</UL>

<P><STRONG><a name="[101]"></a>ChgStateProcess</STRONG> (Thumb, 78 bytes, Stack size 8 bytes, task_status.o(i.ChgStateProcess))
<BR><BR>[Stack]<UL><LI>Max Depth = 128<LI>Call Chain = ChgStateProcess &rArr; ADC_GetVolPer &rArr; Get_BatValueSOC &rArr; __aeabi_fmul
</UL>
<BR>[Calls]<UL><LI><a href="#[c5]">&gt;&gt;</a>&nbsp;&nbsp;&nbsp;ADC_GetVolPer
<LI><a href="#[102]">&gt;&gt;</a>&nbsp;&nbsp;&nbsp;CHG_plugCheck
<LI><a href="#[103]">&gt;&gt;</a>&nbsp;&nbsp;&nbsp;CHG_SetChg
<LI><a href="#[104]">&gt;&gt;</a>&nbsp;&nbsp;&nbsp;CHG_GetChgState
</UL>
<BR>[Called By]<UL><LI><a href="#[162]">&gt;&gt;</a>&nbsp;&nbsp;&nbsp;Task_status
</UL>

<P><STRONG><a name="[105]"></a>DebugDataParse</STRONG> (Thumb, 26 bytes, Stack size 88 bytes, task_com.o(i.DebugDataParse))
<BR><BR>[Stack]<UL><LI>Max Depth = 112<LI>Call Chain = DebugDataParse &rArr; uart_send_buf
</UL>
<BR>[Calls]<UL><LI><a href="#[106]">&gt;&gt;</a>&nbsp;&nbsp;&nbsp;uart_send_buf
</UL>
<BR>[Called By]<UL><LI><a href="#[160]">&gt;&gt;</a>&nbsp;&nbsp;&nbsp;Task_com
</UL>

<P><STRONG><a name="[33]"></a>DebugMon_Handler</STRONG> (Thumb, 2 bytes, Stack size 0 bytes, gd32f10x_it.o(i.DebugMon_Handler))
<BR>[Address Reference Count : 1]<UL><LI> startup_gd32f10x_hd.o(RESET)
</UL>
<P><STRONG><a name="[107]"></a>DetectoCom</STRONG> (Thumb, 184 bytes, Stack size 232 bytes, task_com.o(i.DetectoCom))
<BR><BR>[Stack]<UL><LI>Max Depth = 740<LI>Call Chain = DetectoCom &rArr; __0sscanf &rArr; __vfscanf_char &rArr; __vfscanf &rArr; _scanf_real &rArr; _scanf_really_real &rArr; _fp_value &rArr; _btod_etento &rArr; _btod_emul &rArr; _e2e
</UL>
<BR>[Calls]<UL><LI><a href="#[106]">&gt;&gt;</a>&nbsp;&nbsp;&nbsp;uart_send_buf
<LI><a href="#[108]">&gt;&gt;</a>&nbsp;&nbsp;&nbsp;memcmp
<LI><a href="#[99]">&gt;&gt;</a>&nbsp;&nbsp;&nbsp;__0sscanf
</UL>
<BR>[Called By]<UL><LI><a href="#[160]">&gt;&gt;</a>&nbsp;&nbsp;&nbsp;Task_com
</UL>

<P><STRONG><a name="[109]"></a>Display_ProgressBar</STRONG> (Thumb, 104 bytes, Stack size 32 bytes, display.o(i.Display_ProgressBar))
<BR><BR>[Stack]<UL><LI>Max Depth = 92<LI>Call Chain = Display_ProgressBar &rArr; GUI_SetString1608 &rArr; GUI_SetChar1608
</UL>
<BR>[Calls]<UL><LI><a href="#[10c]">&gt;&gt;</a>&nbsp;&nbsp;&nbsp;GUI_SetString1608
<LI><a href="#[10b]">&gt;&gt;</a>&nbsp;&nbsp;&nbsp;GUI_SetRect
<LI><a href="#[10a]">&gt;&gt;</a>&nbsp;&nbsp;&nbsp;GUI_SetFillRect
</UL>
<BR>[Called By]<UL><LI><a href="#[5]">&gt;&gt;</a>&nbsp;&nbsp;&nbsp;menu_main1
</UL>

<P><STRONG><a name="[10d]"></a>Display_bat</STRONG> (Thumb, 42 bytes, Stack size 24 bytes, display.o(i.Display_bat))
<BR><BR>[Stack]<UL><LI>Max Depth = 80<LI>Call Chain = Display_bat &rArr; GUI_SetBat
</UL>
<BR>[Calls]<UL><LI><a href="#[102]">&gt;&gt;</a>&nbsp;&nbsp;&nbsp;CHG_plugCheck
<LI><a href="#[10e]">&gt;&gt;</a>&nbsp;&nbsp;&nbsp;GUI_SetBat
</UL>
<BR>[Called By]<UL><LI><a href="#[5]">&gt;&gt;</a>&nbsp;&nbsp;&nbsp;menu_main1
<LI><a href="#[11d]">&gt;&gt;</a>&nbsp;&nbsp;&nbsp;Display_statusBar
</UL>

<P><STRONG><a name="[10f]"></a>Display_brightness</STRONG> (Thumb, 98 bytes, Stack size 40 bytes, display.o(i.Display_brightness))
<BR><BR>[Stack]<UL><LI>Max Depth = 176 + Unknown Stack Size
<LI>Call Chain = Display_brightness &rArr; __2sprintf &rArr; _printf_char_common &rArr; __printf
</UL>
<BR>[Calls]<UL><LI><a href="#[93]">&gt;&gt;</a>&nbsp;&nbsp;&nbsp;__2sprintf
<LI><a href="#[10b]">&gt;&gt;</a>&nbsp;&nbsp;&nbsp;GUI_SetRect
<LI><a href="#[111]">&gt;&gt;</a>&nbsp;&nbsp;&nbsp;GUI_SetString2412
<LI><a href="#[110]">&gt;&gt;</a>&nbsp;&nbsp;&nbsp;GUI_SetLine
</UL>
<BR>[Called By]<UL><LI><a href="#[13]">&gt;&gt;</a>&nbsp;&nbsp;&nbsp;menu0141
<LI><a href="#[e]">&gt;&gt;</a>&nbsp;&nbsp;&nbsp;menu014
</UL>

<P><STRONG><a name="[112]"></a>Display_dose</STRONG> (Thumb, 224 bytes, Stack size 56 bytes, display.o(i.Display_dose))
<BR><BR>[Stack]<UL><LI>Max Depth = 192 + Unknown Stack Size
<LI>Call Chain = Display_dose &rArr; __2sprintf &rArr; _printf_char_common &rArr; __printf
</UL>
<BR>[Calls]<UL><LI><a href="#[113]">&gt;&gt;</a>&nbsp;&nbsp;&nbsp;__aeabi_cfrcmple
<LI><a href="#[c8]">&gt;&gt;</a>&nbsp;&nbsp;&nbsp;__aeabi_fdiv
<LI><a href="#[114]">&gt;&gt;</a>&nbsp;&nbsp;&nbsp;__aeabi_f2d
<LI><a href="#[115]">&gt;&gt;</a>&nbsp;&nbsp;&nbsp;strlen
<LI><a href="#[93]">&gt;&gt;</a>&nbsp;&nbsp;&nbsp;__2sprintf
<LI><a href="#[111]">&gt;&gt;</a>&nbsp;&nbsp;&nbsp;GUI_SetString2412
</UL>
<BR>[Called By]<UL><LI><a href="#[5]">&gt;&gt;</a>&nbsp;&nbsp;&nbsp;menu_main1
</UL>

<P><STRONG><a name="[116]"></a>Display_doseVal</STRONG> (Thumb, 318 bytes, Stack size 48 bytes, display.o(i.Display_doseVal))
<BR><BR>[Stack]<UL><LI>Max Depth = 184 + Unknown Stack Size
<LI>Call Chain = Display_doseVal &rArr; __2sprintf &rArr; _printf_char_common &rArr; __printf
</UL>
<BR>[Calls]<UL><LI><a href="#[113]">&gt;&gt;</a>&nbsp;&nbsp;&nbsp;__aeabi_cfrcmple
<LI><a href="#[c9]">&gt;&gt;</a>&nbsp;&nbsp;&nbsp;__aeabi_fmul
<LI><a href="#[117]">&gt;&gt;</a>&nbsp;&nbsp;&nbsp;__aeabi_f2uiz
<LI><a href="#[c8]">&gt;&gt;</a>&nbsp;&nbsp;&nbsp;__aeabi_fdiv
<LI><a href="#[93]">&gt;&gt;</a>&nbsp;&nbsp;&nbsp;__2sprintf
<LI><a href="#[118]">&gt;&gt;</a>&nbsp;&nbsp;&nbsp;GUI_SetString4824
<LI><a href="#[111]">&gt;&gt;</a>&nbsp;&nbsp;&nbsp;GUI_SetString2412
<LI><a href="#[119]">&gt;&gt;</a>&nbsp;&nbsp;&nbsp;GUI_SetChar2412
</UL>
<BR>[Called By]<UL><LI><a href="#[5]">&gt;&gt;</a>&nbsp;&nbsp;&nbsp;menu_main1
</UL>

<P><STRONG><a name="[11a]"></a>Display_setWarnVal</STRONG> (Thumb, 314 bytes, Stack size 24 bytes, display.o(i.Display_setWarnVal))
<BR><BR>[Stack]<UL><LI>Max Depth = 84<LI>Call Chain = Display_setWarnVal &rArr; GUI_SetString3216 &rArr; GUI_SetChar3216
</UL>
<BR>[Calls]<UL><LI><a href="#[11c]">&gt;&gt;</a>&nbsp;&nbsp;&nbsp;GUI_SetString3216
<LI><a href="#[11b]">&gt;&gt;</a>&nbsp;&nbsp;&nbsp;GUI_SetChar4824
<LI><a href="#[119]">&gt;&gt;</a>&nbsp;&nbsp;&nbsp;GUI_SetChar2412
</UL>
<BR>[Called By]<UL><LI><a href="#[1c]">&gt;&gt;</a>&nbsp;&nbsp;&nbsp;menu121
<LI><a href="#[1b]">&gt;&gt;</a>&nbsp;&nbsp;&nbsp;menu111
</UL>

<P><STRONG><a name="[11d]"></a>Display_statusBar</STRONG> (Thumb, 68 bytes, Stack size 32 bytes, display.o(i.Display_statusBar))
<BR><BR>[Stack]<UL><LI>Max Depth = 168 + Unknown Stack Size
<LI>Call Chain = Display_statusBar &rArr; __2sprintf &rArr; _printf_char_common &rArr; __printf
</UL>
<BR>[Calls]<UL><LI><a href="#[11e]">&gt;&gt;</a>&nbsp;&nbsp;&nbsp;Get_RTC_Time
<LI><a href="#[93]">&gt;&gt;</a>&nbsp;&nbsp;&nbsp;__2sprintf
<LI><a href="#[10c]">&gt;&gt;</a>&nbsp;&nbsp;&nbsp;GUI_SetString1608
<LI><a href="#[10d]">&gt;&gt;</a>&nbsp;&nbsp;&nbsp;Display_bat
</UL>
<BR>[Called By]<UL><LI><a href="#[24]">&gt;&gt;</a>&nbsp;&nbsp;&nbsp;menu511
<LI><a href="#[23]">&gt;&gt;</a>&nbsp;&nbsp;&nbsp;menu51
<LI><a href="#[22]">&gt;&gt;</a>&nbsp;&nbsp;&nbsp;menu5
<LI><a href="#[2b]">&gt;&gt;</a>&nbsp;&nbsp;&nbsp;menu44
<LI><a href="#[2a]">&gt;&gt;</a>&nbsp;&nbsp;&nbsp;menu43
<LI><a href="#[29]">&gt;&gt;</a>&nbsp;&nbsp;&nbsp;menu42
<LI><a href="#[28]">&gt;&gt;</a>&nbsp;&nbsp;&nbsp;menu41
<LI><a href="#[18]">&gt;&gt;</a>&nbsp;&nbsp;&nbsp;menu4
<LI><a href="#[1e]">&gt;&gt;</a>&nbsp;&nbsp;&nbsp;menu311
<LI><a href="#[1d]">&gt;&gt;</a>&nbsp;&nbsp;&nbsp;menu31
<LI><a href="#[17]">&gt;&gt;</a>&nbsp;&nbsp;&nbsp;menu3
<LI><a href="#[27]">&gt;&gt;</a>&nbsp;&nbsp;&nbsp;menu223
<LI><a href="#[26]">&gt;&gt;</a>&nbsp;&nbsp;&nbsp;menu222
<LI><a href="#[25]">&gt;&gt;</a>&nbsp;&nbsp;&nbsp;menu221
<LI><a href="#[20]">&gt;&gt;</a>&nbsp;&nbsp;&nbsp;menu22
<LI><a href="#[21]">&gt;&gt;</a>&nbsp;&nbsp;&nbsp;menu211
<LI><a href="#[1f]">&gt;&gt;</a>&nbsp;&nbsp;&nbsp;menu21
<LI><a href="#[16]">&gt;&gt;</a>&nbsp;&nbsp;&nbsp;menu2
<LI><a href="#[1c]">&gt;&gt;</a>&nbsp;&nbsp;&nbsp;menu121
<LI><a href="#[1a]">&gt;&gt;</a>&nbsp;&nbsp;&nbsp;menu12
<LI><a href="#[1b]">&gt;&gt;</a>&nbsp;&nbsp;&nbsp;menu111
<LI><a href="#[19]">&gt;&gt;</a>&nbsp;&nbsp;&nbsp;menu11
<LI><a href="#[15]">&gt;&gt;</a>&nbsp;&nbsp;&nbsp;menu1
<LI><a href="#[a]">&gt;&gt;</a>&nbsp;&nbsp;&nbsp;menu03
<LI><a href="#[9]">&gt;&gt;</a>&nbsp;&nbsp;&nbsp;menu02
<LI><a href="#[14]">&gt;&gt;</a>&nbsp;&nbsp;&nbsp;menu0151
<LI><a href="#[f]">&gt;&gt;</a>&nbsp;&nbsp;&nbsp;menu015
<LI><a href="#[13]">&gt;&gt;</a>&nbsp;&nbsp;&nbsp;menu0141
<LI><a href="#[e]">&gt;&gt;</a>&nbsp;&nbsp;&nbsp;menu014
<LI><a href="#[12]">&gt;&gt;</a>&nbsp;&nbsp;&nbsp;menu0131
<LI><a href="#[d]">&gt;&gt;</a>&nbsp;&nbsp;&nbsp;menu013
<LI><a href="#[11]">&gt;&gt;</a>&nbsp;&nbsp;&nbsp;menu0121
<LI><a href="#[c]">&gt;&gt;</a>&nbsp;&nbsp;&nbsp;menu012
<LI><a href="#[10]">&gt;&gt;</a>&nbsp;&nbsp;&nbsp;menu0111
<LI><a href="#[b]">&gt;&gt;</a>&nbsp;&nbsp;&nbsp;menu011
<LI><a href="#[8]">&gt;&gt;</a>&nbsp;&nbsp;&nbsp;menu01
</UL>

<P><STRONG><a name="[11f]"></a>Display_unitParam</STRONG> (Thumb, 86 bytes, Stack size 16 bytes, display.o(i.Display_unitParam))
<BR><BR>[Stack]<UL><LI>Max Depth = 76<LI>Call Chain = Display_unitParam &rArr; GUI_SetString2412 &rArr; GUI_SetChar2412
</UL>
<BR>[Calls]<UL><LI><a href="#[111]">&gt;&gt;</a>&nbsp;&nbsp;&nbsp;GUI_SetString2412
</UL>
<BR>[Called By]<UL><LI><a href="#[21]">&gt;&gt;</a>&nbsp;&nbsp;&nbsp;menu211
</UL>

<P><STRONG><a name="[dd]"></a>EE_Stop</STRONG> (Thumb, 36 bytes, Stack size 8 bytes, bsp_eeprom.o(i.EE_Stop))
<BR><BR>[Stack]<UL><LI>Max Depth = 16<LI>Call Chain = EE_Stop &rArr; EE_Delay
</UL>
<BR>[Calls]<UL><LI><a href="#[120]">&gt;&gt;</a>&nbsp;&nbsp;&nbsp;EE_Delay
</UL>
<BR>[Called By]<UL><LI><a href="#[db]">&gt;&gt;</a>&nbsp;&nbsp;&nbsp;BSP_EEPROM_Init
</UL>

<P><STRONG><a name="[122]"></a>ExtDoseCalc</STRONG> (Thumb, 346 bytes, Stack size 16 bytes, task_dose.o(i.ExtDoseCalc))
<BR><BR>[Stack]<UL><LI>Max Depth = 56<LI>Call Chain = ExtDoseCalc &rArr; get_list_avage &rArr; __aeabi_fdiv
</UL>
<BR>[Calls]<UL><LI><a href="#[113]">&gt;&gt;</a>&nbsp;&nbsp;&nbsp;__aeabi_cfrcmple
<LI><a href="#[c9]">&gt;&gt;</a>&nbsp;&nbsp;&nbsp;__aeabi_fmul
[...]
<LI><a href="#[16f]">&gt;&gt;</a>&nbsp;&nbsp;&nbsp;__mathlib_tofloat
</UL>

<P><STRONG><a name="[18e]"></a>_dcmpeq</STRONG> (Thumb, 120 bytes, Stack size 32 bytes, deqf.o(x$fpl$deqf), UNUSED)
<BR><BR>[Calls]<UL><LI><a href="#[18f]">&gt;&gt;</a>&nbsp;&nbsp;&nbsp;__fpl_dcmp_Inf
<LI><a href="#[18b]">&gt;&gt;</a>&nbsp;&nbsp;&nbsp;__fpl_dnaninf
</UL>

<P><STRONG><a name="[1df]"></a>__aeabi_cdcmple</STRONG> (Thumb, 0 bytes, Stack size 32 bytes, dleqf.o(x$fpl$dleqf), UNUSED)

<P><STRONG><a name="[190]"></a>_dcmple</STRONG> (Thumb, 120 bytes, Stack size 32 bytes, dleqf.o(x$fpl$dleqf), UNUSED)
<BR><BR>[Calls]<UL><LI><a href="#[18f]">&gt;&gt;</a>&nbsp;&nbsp;&nbsp;__fpl_dcmp_Inf
<LI><a href="#[18b]">&gt;&gt;</a>&nbsp;&nbsp;&nbsp;__fpl_dnaninf
</UL>

<P><STRONG><a name="[192]"></a>__fpl_dcmple_InfNaN</STRONG> (Thumb, 0 bytes, Stack size unknown bytes, dleqf.o(x$fpl$dleqf), UNUSED)
<BR><BR>[Called By]<UL><LI><a href="#[191]">&gt;&gt;</a>&nbsp;&nbsp;&nbsp;_drcmple
</UL>

<P><STRONG><a name="[18b]"></a>__fpl_dnaninf</STRONG> (Thumb, 156 bytes, Stack size 16 bytes, dnaninf.o(x$fpl$dnaninf), UNUSED)
<BR><BR>[Called By]<UL><LI><a href="#[190]">&gt;&gt;</a>&nbsp;&nbsp;&nbsp;_dcmple
<LI><a href="#[189]">&gt;&gt;</a>&nbsp;&nbsp;&nbsp;_d2f
<LI><a href="#[18e]">&gt;&gt;</a>&nbsp;&nbsp;&nbsp;_dcmpeq
</UL>

<P><STRONG><a name="[195]"></a>__fpl_dretinf</STRONG> (Thumb, 12 bytes, Stack size 0 bytes, dretinf.o(x$fpl$dretinf), UNUSED)
<BR><BR>[Called By]<UL><LI><a href="#[193]">&gt;&gt;</a>&nbsp;&nbsp;&nbsp;_f2d
</UL>

<P><STRONG><a name="[173]"></a>__aeabi_cdrcmple</STRONG> (Thumb, 0 bytes, Stack size 16 bytes, drleqf.o(x$fpl$drleqf))
<BR><BR>[Stack]<UL><LI>Max Depth = 16<LI>Call Chain = __aeabi_cdrcmple
</UL>
<BR>[Called By]<UL><LI><a href="#[16f]">&gt;&gt;</a>&nbsp;&nbsp;&nbsp;__mathlib_tofloat
</UL>

<P><STRONG><a name="[191]"></a>_drcmple</STRONG> (Thumb, 108 bytes, Stack size 16 bytes, drleqf.o(x$fpl$drleqf), UNUSED)
<BR><BR>[Calls]<UL><LI><a href="#[192]">&gt;&gt;</a>&nbsp;&nbsp;&nbsp;__fpl_dcmple_InfNaN
</UL>

<P><STRONG><a name="[114]"></a>__aeabi_f2d</STRONG> (Thumb, 0 bytes, Stack size 16 bytes, f2d.o(x$fpl$f2d))
<BR><BR>[Stack]<UL><LI>Max Depth = 16<LI>Call Chain = __aeabi_f2d
</UL>
<BR>[Called By]<UL><LI><a href="#[112]">&gt;&gt;</a>&nbsp;&nbsp;&nbsp;Display_dose
</UL>

<P><STRONG><a name="[193]"></a>_f2d</STRONG> (Thumb, 86 bytes, Stack size 16 bytes, f2d.o(x$fpl$f2d), UNUSED)
<BR><BR>[Calls]<UL><LI><a href="#[194]">&gt;&gt;</a>&nbsp;&nbsp;&nbsp;__fpl_fnaninf
<LI><a href="#[195]">&gt;&gt;</a>&nbsp;&nbsp;&nbsp;__fpl_dretinf
</UL>

<P><STRONG><a name="[13d]"></a>__aeabi_fadd</STRONG> (Thumb, 0 bytes, Stack size 16 bytes, faddsub_clz.o(x$fpl$fadd))
<BR><BR>[Stack]<UL><LI>Max Depth = 16<LI>Call Chain = __aeabi_fadd
</UL>
<BR>[Called By]<UL><LI><a href="#[126]">&gt;&gt;</a>&nbsp;&nbsp;&nbsp;get_list_avage
<LI><a href="#[13b]">&gt;&gt;</a>&nbsp;&nbsp;&nbsp;IntDoseCalc
</UL>

<P><STRONG><a name="[196]"></a>_fadd</STRONG> (Thumb, 196 bytes, Stack size 16 bytes, faddsub_clz.o(x$fpl$fadd), UNUSED)
<BR><BR>[Calls]<UL><LI><a href="#[18a]">&gt;&gt;</a>&nbsp;&nbsp;&nbsp;__fpl_fretinf
<LI><a href="#[194]">&gt;&gt;</a>&nbsp;&nbsp;&nbsp;__fpl_fnaninf
<LI><a href="#[197]">&gt;&gt;</a>&nbsp;&nbsp;&nbsp;_fsub1
</UL>

<P><STRONG><a name="[19b]"></a>__fpl_fcmp_Inf</STRONG> (Thumb, 24 bytes, Stack size 0 bytes, fcmpi.o(x$fpl$fcmpinf), UNUSED)
<BR><BR>[Called By]<UL><LI><a href="#[19a]">&gt;&gt;</a>&nbsp;&nbsp;&nbsp;_fcmple
</UL>

<P><STRONG><a name="[c8]"></a>__aeabi_fdiv</STRONG> (Thumb, 0 bytes, Stack size 16 bytes, fdiv.o(x$fpl$fdiv))
<BR><BR>[Stack]<UL><LI>Max Depth = 16<LI>Call Chain = __aeabi_fdiv
</UL>
<BR>[Called By]<UL><LI><a href="#[ca]">&gt;&gt;</a>&nbsp;&nbsp;&nbsp;Get_BatValueSOC
<LI><a href="#[c5]">&gt;&gt;</a>&nbsp;&nbsp;&nbsp;ADC_GetVolPer
<LI><a href="#[5]">&gt;&gt;</a>&nbsp;&nbsp;&nbsp;menu_main1
<LI><a href="#[1c]">&gt;&gt;</a>&nbsp;&nbsp;&nbsp;menu121
<LI><a href="#[1b]">&gt;&gt;</a>&nbsp;&nbsp;&nbsp;menu111
<LI><a href="#[162]">&gt;&gt;</a>&nbsp;&nbsp;&nbsp;Task_status
<LI><a href="#[126]">&gt;&gt;</a>&nbsp;&nbsp;&nbsp;get_list_avage
<LI><a href="#[13b]">&gt;&gt;</a>&nbsp;&nbsp;&nbsp;IntDoseCalc
<LI><a href="#[122]">&gt;&gt;</a>&nbsp;&nbsp;&nbsp;ExtDoseCalc
<LI><a href="#[116]">&gt;&gt;</a>&nbsp;&nbsp;&nbsp;Display_doseVal
<LI><a href="#[112]">&gt;&gt;</a>&nbsp;&nbsp;&nbsp;Display_dose
</UL>

<P><STRONG><a name="[198]"></a>_fdiv</STRONG> (Thumb, 384 bytes, Stack size 16 bytes, fdiv.o(x$fpl$fdiv), UNUSED)
<BR><BR>[Calls]<UL><LI><a href="#[18a]">&gt;&gt;</a>&nbsp;&nbsp;&nbsp;__fpl_fretinf
<LI><a href="#[194]">&gt;&gt;</a>&nbsp;&nbsp;&nbsp;__fpl_fnaninf
</UL>

<P><STRONG><a name="[117]"></a>__aeabi_f2uiz</STRONG> (Thumb, 0 bytes, Stack size 16 bytes, ffixu.o(x$fpl$ffixu))
<BR><BR>[Stack]<UL><LI>Max Depth = 16<LI>Call Chain = __aeabi_f2uiz
</UL>
<BR>[Called By]<UL><LI><a href="#[ca]">&gt;&gt;</a>&nbsp;&nbsp;&nbsp;Get_BatValueSOC
<LI><a href="#[5]">&gt;&gt;</a>&nbsp;&nbsp;&nbsp;menu_main1
<LI><a href="#[1c]">&gt;&gt;</a>&nbsp;&nbsp;&nbsp;menu121
<LI><a href="#[1b]">&gt;&gt;</a>&nbsp;&nbsp;&nbsp;menu111
<LI><a href="#[162]">&gt;&gt;</a>&nbsp;&nbsp;&nbsp;Task_status
<LI><a href="#[116]">&gt;&gt;</a>&nbsp;&nbsp;&nbsp;Display_doseVal
</UL>

<P><STRONG><a name="[199]"></a>_ffixu</STRONG> (Thumb, 62 bytes, Stack size 16 bytes, ffixu.o(x$fpl$ffixu), UNUSED)
<BR><BR>[Calls]<UL><LI><a href="#[194]">&gt;&gt;</a>&nbsp;&nbsp;&nbsp;__fpl_fnaninf
</UL>

<P><STRONG><a name="[c7]"></a>__aeabi_ui2f</STRONG> (Thumb, 0 bytes, Stack size 0 bytes, fflt_clz.o(x$fpl$ffltu))
<BR><BR>[Called By]<UL><LI><a href="#[ca]">&gt;&gt;</a>&nbsp;&nbsp;&nbsp;Get_BatValueSOC
<LI><a href="#[c5]">&gt;&gt;</a>&nbsp;&nbsp;&nbsp;ADC_GetVolPer
<LI><a href="#[1c]">&gt;&gt;</a>&nbsp;&nbsp;&nbsp;menu121
<LI><a href="#[1b]">&gt;&gt;</a>&nbsp;&nbsp;&nbsp;menu111
<LI><a href="#[126]">&gt;&gt;</a>&nbsp;&nbsp;&nbsp;get_list_avage
<LI><a href="#[13b]">&gt;&gt;</a>&nbsp;&nbsp;&nbsp;IntDoseCalc
<LI><a href="#[122]">&gt;&gt;</a>&nbsp;&nbsp;&nbsp;ExtDoseCalc
</UL>

<P><STRONG><a name="[1e0]"></a>_ffltu</STRONG> (Thumb, 38 bytes, Stack size 0 bytes, fflt_clz.o(x$fpl$ffltu), UNUSED)

<P><STRONG><a name="[123]"></a>__aeabi_cfcmple</STRONG> (Thumb, 0 bytes, Stack size 16 bytes, fleqf.o(x$fpl$fleqf))
<BR><BR>[Stack]<UL><LI>Max Depth = 16<LI>Call Chain = __aeabi_cfcmple
</UL>
<BR>[Called By]<UL><LI><a href="#[ca]">&gt;&gt;</a>&nbsp;&nbsp;&nbsp;Get_BatValueSOC
<LI><a href="#[122]">&gt;&gt;</a>&nbsp;&nbsp;&nbsp;ExtDoseCalc
</UL>

<P><STRONG><a name="[19a]"></a>_fcmple</STRONG> (Thumb, 104 bytes, Stack size 16 bytes, fleqf.o(x$fpl$fleqf), UNUSED)
<BR><BR>[Calls]<UL><LI><a href="#[194]">&gt;&gt;</a>&nbsp;&nbsp;&nbsp;__fpl_fnaninf
<LI><a href="#[19b]">&gt;&gt;</a>&nbsp;&nbsp;&nbsp;__fpl_fcmp_Inf
</UL>

<P><STRONG><a name="[19e]"></a>__fpl_fcmple_InfNaN</STRONG> (Thumb, 0 bytes, Stack size unknown bytes, fleqf.o(x$fpl$fleqf), UNUSED)
<BR><BR>[Called By]<UL><LI><a href="#[19d]">&gt;&gt;</a>&nbsp;&nbsp;&nbsp;_frcmple
</UL>

<P><STRONG><a name="[c9]"></a>__aeabi_fmul</STRONG> (Thumb, 0 bytes, Stack size 16 bytes, fmul.o(x$fpl$fmul))
<BR><BR>[Stack]<UL><LI>Max Depth = 16<LI>Call Chain = __aeabi_fmul
</UL>
<BR>[Called By]<UL><LI><a href="#[ca]">&gt;&gt;</a>&nbsp;&nbsp;&nbsp;Get_BatValueSOC
<LI><a href="#[c5]">&gt;&gt;</a>&nbsp;&nbsp;&nbsp;ADC_GetVolPer
<LI><a href="#[5]">&gt;&gt;</a>&nbsp;&nbsp;&nbsp;menu_main1
<LI><a href="#[1c]">&gt;&gt;</a>&nbsp;&nbsp;&nbsp;menu121
<LI><a href="#[1b]">&gt;&gt;</a>&nbsp;&nbsp;&nbsp;menu111
<LI><a href="#[13b]">&gt;&gt;</a>&nbsp;&nbsp;&nbsp;IntDoseCalc
<LI><a href="#[122]">&gt;&gt;</a>&nbsp;&nbsp;&nbsp;ExtDoseCalc
<LI><a href="#[116]">&gt;&gt;</a>&nbsp;&nbsp;&nbsp;Display_doseVal
</UL>

<P><STRONG><a name="[19c]"></a>_fmul</STRONG> (Thumb, 258 bytes, Stack size 16 bytes, fmul.o(x$fpl$fmul), UNUSED)
<BR><BR>[Calls]<UL><LI><a href="#[18a]">&gt;&gt;</a>&nbsp;&nbsp;&nbsp;__fpl_fretinf
<LI><a href="#[194]">&gt;&gt;</a>&nbsp;&nbsp;&nbsp;__fpl_fnaninf
</UL>

<P><STRONG><a name="[194]"></a>__fpl_fnaninf</STRONG> (Thumb, 140 bytes, Stack size 8 bytes, fnaninf.o(x$fpl$fnaninf), UNUSED)
<BR><BR>[Called By]<UL><LI><a href="#[19c]">&gt;&gt;</a>&nbsp;&nbsp;&nbsp;_fmul
<LI><a href="#[19a]">&gt;&gt;</a>&nbsp;&nbsp;&nbsp;_fcmple
<LI><a href="#[199]">&gt;&gt;</a>&nbsp;&nbsp;&nbsp;_ffixu
<LI><a href="#[198]">&gt;&gt;</a>&nbsp;&nbsp;&nbsp;_fdiv
<LI><a href="#[1a1]">&gt;&gt;</a>&nbsp;&nbsp;&nbsp;_fsub
<LI><a href="#[196]">&gt;&gt;</a>&nbsp;&nbsp;&nbsp;_fadd
<LI><a href="#[193]">&gt;&gt;</a>&nbsp;&nbsp;&nbsp;_f2d
</UL>

<P><STRONG><a name="[18a]"></a>__fpl_fretinf</STRONG> (Thumb, 10 bytes, Stack size 0 bytes, fretinf.o(x$fpl$fretinf), UNUSED)
<BR><BR>[Called By]<UL><LI><a href="#[19c]">&gt;&gt;</a>&nbsp;&nbsp;&nbsp;_fmul
<LI><a href="#[198]">&gt;&gt;</a>&nbsp;&nbsp;&nbsp;_fdiv
<LI><a href="#[196]">&gt;&gt;</a>&nbsp;&nbsp;&nbsp;_fadd
<LI><a href="#[189]">&gt;&gt;</a>&nbsp;&nbsp;&nbsp;_d2f
</UL>

<P><STRONG><a name="[113]"></a>__aeabi_cfrcmple</STRONG> (Thumb, 0 bytes, Stack size 0 bytes, frleqf.o(x$fpl$frleqf))
<BR><BR>[Called By]<UL><LI><a href="#[ca]">&gt;&gt;</a>&nbsp;&nbsp;&nbsp;Get_BatValueSOC
<LI><a href="#[13b]">&gt;&gt;</a>&nbsp;&nbsp;&nbsp;IntDoseCalc
<LI><a href="#[122]">&gt;&gt;</a>&nbsp;&nbsp;&nbsp;ExtDoseCalc
<LI><a href="#[137]">&gt;&gt;</a>&nbsp;&nbsp;&nbsp;GetDoseUnit
<LI><a href="#[116]">&gt;&gt;</a>&nbsp;&nbsp;&nbsp;Display_doseVal
<LI><a href="#[112]">&gt;&gt;</a>&nbsp;&nbsp;&nbsp;Display_dose
</UL>

<P><STRONG><a name="[19d]"></a>_frcmple</STRONG> (Thumb, 98 bytes, Stack size 0 bytes, frleqf.o(x$fpl$frleqf), UNUSED)
<BR><BR>[Calls]<UL><LI><a href="#[19e]">&gt;&gt;</a>&nbsp;&nbsp;&nbsp;__fpl_fcmple_InfNaN
</UL>

<P><STRONG><a name="[13c]"></a>__aeabi_frsub</STRONG> (Thumb, 0 bytes, Stack size 0 bytes, faddsub_clz.o(x$fpl$frsb))
<BR><BR>[Called By]<UL><LI><a href="#[13b]">&gt;&gt;</a>&nbsp;&nbsp;&nbsp;IntDoseCalc
</UL>

<P><STRONG><a name="[19f]"></a>_frsb</STRONG> (Thumb, 20 bytes, Stack size 0 bytes, faddsub_clz.o(x$fpl$frsb), UNUSED)
<BR><BR>[Calls]<UL><LI><a href="#[197]">&gt;&gt;</a>&nbsp;&nbsp;&nbsp;_fsub1
<LI><a href="#[1a0]">&gt;&gt;</a>&nbsp;&nbsp;&nbsp;_fadd1
</UL>

<P><STRONG><a name="[127]"></a>__aeabi_fsub</STRONG> (Thumb, 0 bytes, Stack size 16 bytes, faddsub_clz.o(x$fpl$fsub))
<BR><BR>[Stack]<UL><LI>Max Depth = 16<LI>Call Chain = __aeabi_fsub
</UL>
<BR>[Called By]<UL><LI><a href="#[122]">&gt;&gt;</a>&nbsp;&nbsp;&nbsp;ExtDoseCalc
</UL>

<P><STRONG><a name="[1a1]"></a>_fsub</STRONG> (Thumb, 234 bytes, Stack size 16 bytes, faddsub_clz.o(x$fpl$fsub), UNUSED)
<BR><BR>[Calls]<UL><LI><a href="#[194]">&gt;&gt;</a>&nbsp;&nbsp;&nbsp;__fpl_fnaninf
<LI><a href="#[1a0]">&gt;&gt;</a>&nbsp;&nbsp;&nbsp;_fadd1
</UL>

<P><STRONG><a name="[0]"></a>__ieee_status</STRONG> (Thumb, 6 bytes, Stack size 0 bytes, istatus.o(x$fpl$ieeestatus))
<BR><BR>[Called By]<UL><LI><a href="#[ac]">&gt;&gt;</a>&nbsp;&nbsp;&nbsp;_fp_value
</UL>

<P><STRONG><a name="[80]"></a>_printf_fp_dec</STRONG> (Thumb, 4 bytes, Stack size 0 bytes, printf1.o(x$fpl$printf1))
<BR><BR>[Stack]<UL><LI>Max Depth = 324<LI>Call Chain = _printf_fp_dec &rArr; _printf_fp_dec_real &rArr; _fp_digits &rArr; _btod_etento &rArr; _btod_emul &rArr; _e2e
</UL>
<BR>[Calls]<UL><LI><a href="#[a9]">&gt;&gt;</a>&nbsp;&nbsp;&nbsp;_printf_fp_dec_real
</UL>
<BR>[Called By]<UL><LI><a href="#[7f]">&gt;&gt;</a>&nbsp;&nbsp;&nbsp;_printf_f
</UL>

<P><STRONG><a name="[18d]"></a>__fpl_return_NaN</STRONG> (Thumb, 100 bytes, Stack size 0 bytes, retnan.o(x$fpl$retnan))
<BR><BR>[Calls]<UL><LI><a href="#[1a2]">&gt;&gt;</a>&nbsp;&nbsp;&nbsp;__fpl_cmpreturn
</UL>
<BR>[Called By]<UL><LI><a href="#[18c]">&gt;&gt;</a>&nbsp;&nbsp;&nbsp;__fpl_dcheck_NaN1
</UL>

<P><STRONG><a name="[16d]"></a>__ARM_scalbn</STRONG> (Thumb, 92 bytes, Stack size 0 bytes, scalbn.o(x$fpl$scalbn))
<BR><BR>[Calls]<UL><LI><a href="#[18c]">&gt;&gt;</a>&nbsp;&nbsp;&nbsp;__fpl_dcheck_NaN1
</UL>
<BR>[Called By]<UL><LI><a href="#[16e]">&gt;&gt;</a>&nbsp;&nbsp;&nbsp;__mathlib_dbl_underflow
<LI><a href="#[16c]">&gt;&gt;</a>&nbsp;&nbsp;&nbsp;__mathlib_dbl_overflow
<LI><a href="#[174]">&gt;&gt;</a>&nbsp;&nbsp;&nbsp;ldexp
<LI><a href="#[170]">&gt;&gt;</a>&nbsp;&nbsp;&nbsp;frexp
</UL>

<P><STRONG><a name="[b6]"></a>_scanf_real</STRONG> (Thumb, 4 bytes, Stack size 0 bytes, scanf1.o(x$fpl$scanf1))
<BR><BR>[Stack]<UL><LI>Max Depth = 340<LI>Call Chain = _scanf_real &rArr; _scanf_really_real &rArr; _fp_value &rArr; _btod_etento &rArr; _btod_emul &rArr; _e2e
</UL>
<BR>[Calls]<UL><LI><a href="#[b0]">&gt;&gt;</a>&nbsp;&nbsp;&nbsp;_scanf_really_real
</UL>
<BR>[Called By]<UL><LI><a href="#[b4]">&gt;&gt;</a>&nbsp;&nbsp;&nbsp;__vfscanf
</UL>

<P><STRONG><a name="[b2]"></a>_scanf_hex_real</STRONG> (Thumb, 4 bytes, Stack size 0 bytes, scanf2.o(x$fpl$scanf2))
<BR><BR>[Stack]<UL><LI>Max Depth = 144<LI>Call Chain = _scanf_hex_real &rArr; _scanf_really_hex_real &rArr; __support_ldexp &rArr; ldexp &rArr; __aeabi_cdcmpeq
</UL>
<BR>[Calls]<UL><LI><a href="#[bb]">&gt;&gt;</a>&nbsp;&nbsp;&nbsp;_scanf_really_hex_real
</UL>
<BR>[Called By]<UL><LI><a href="#[b0]">&gt;&gt;</a>&nbsp;&nbsp;&nbsp;_scanf_really_real
</UL>

<P><STRONG><a name="[b1]"></a>_scanf_infnan</STRONG> (Thumb, 4 bytes, Stack size 0 bytes, scanf2.o(x$fpl$scanf2))
<BR><BR>[Stack]<UL><LI>Max Depth = 72<LI>Call Chain = _scanf_infnan &rArr; _scanf_really_infnan
</UL>
<BR>[Calls]<UL><LI><a href="#[1a3]">&gt;&gt;</a>&nbsp;&nbsp;&nbsp;_scanf_really_infnan
</UL>
<BR>[Called By]<UL><LI><a href="#[b0]">&gt;&gt;</a>&nbsp;&nbsp;&nbsp;_scanf_really_real
</UL>

<P><STRONG><a name="[1a2]"></a>__fpl_cmpreturn</STRONG> (Thumb, 48 bytes, Stack size 0 bytes, trapv.o(x$fpl$trapveneer))
<BR><BR>[Called By]<UL><LI><a href="#[18d]">&gt;&gt;</a>&nbsp;&nbsp;&nbsp;__fpl_return_NaN
</UL>
<P>
<H3>
Local Symbols
</H3>
<P><STRONG><a name="[185]"></a>system_clock_108m_hxtal</STRONG> (Thumb, 182 bytes, Stack size 0 bytes, system_gd32f10x.o(i.system_clock_108m_hxtal))
<BR><BR>[Called By]<UL><LI><a href="#[152]">&gt;&gt;</a>&nbsp;&nbsp;&nbsp;system_clock_config
</UL>

<P><STRONG><a name="[152]"></a>system_clock_config</STRONG> (Thumb, 8 bytes, Stack size 8 bytes, system_gd32f10x.o(i.system_clock_config))
<BR><BR>[Stack]<UL><LI>Max Depth = 8<LI>Call Chain = system_clock_config
</UL>
<BR>[Calls]<UL><LI><a href="#[185]">&gt;&gt;</a>&nbsp;&nbsp;&nbsp;system_clock_108m_hxtal
</UL>
<BR>[Called By]<UL><LI><a href="#[72]">&gt;&gt;</a>&nbsp;&nbsp;&nbsp;SystemInit
</UL>

<P><STRONG><a name="[120]"></a>EE_Delay</STRONG> (Thumb, 10 bytes, Stack size 8 bytes, bsp_eeprom.o(i.EE_Delay))
<BR><BR>[Stack]<UL><LI>Max Depth = 8<LI>Call Chain = EE_Delay
</UL>
<BR>[Calls]<UL><LI><a href="#[121]">&gt;&gt;</a>&nbsp;&nbsp;&nbsp;delay_us
</UL>
<BR>[Called By]<UL><LI><a href="#[dd]">&gt;&gt;</a>&nbsp;&nbsp;&nbsp;EE_Stop
</UL>

<P><STRONG><a name="[f4]"></a>uart_var_init</STRONG> (Thumb, 66 bytes, Stack size 0 bytes, bsp_uart.o(i.uart_var_init))
<BR><BR>[Called By]<UL><LI><a href="#[e4]">&gt;&gt;</a>&nbsp;&nbsp;&nbsp;BSP_Uart_Init
</UL>

<P><STRONG><a name="[cb]"></a>Adc_Init</STRONG> (Thumb, 130 bytes, Stack size 8 bytes, bsp_adc.o(i.Adc_Init))
<BR><BR>[Stack]<UL><LI>Max Depth = 28<LI>Call Chain = Adc_Init &rArr; adc_regular_channel_config
</UL>
<BR>[Calls]<UL><LI><a href="#[d0]">&gt;&gt;</a>&nbsp;&nbsp;&nbsp;adc_special_function_config
<LI><a href="#[d3]">&gt;&gt;</a>&nbsp;&nbsp;&nbsp;adc_regular_channel_config
<LI><a href="#[cf]">&gt;&gt;</a>&nbsp;&nbsp;&nbsp;adc_mode_config
<LI><a href="#[d4]">&gt;&gt;</a>&nbsp;&nbsp;&nbsp;adc_external_trigger_source_config
<LI><a href="#[d5]">&gt;&gt;</a>&nbsp;&nbsp;&nbsp;adc_external_trigger_config
<LI><a href="#[d6]">&gt;&gt;</a>&nbsp;&nbsp;&nbsp;adc_enable
<LI><a href="#[ce]">&gt;&gt;</a>&nbsp;&nbsp;&nbsp;adc_deinit
<LI><a href="#[d1]">&gt;&gt;</a>&nbsp;&nbsp;&nbsp;adc_data_alignment_config
<LI><a href="#[d2]">&gt;&gt;</a>&nbsp;&nbsp;&nbsp;adc_channel_length_config
<LI><a href="#[d8]">&gt;&gt;</a>&nbsp;&nbsp;&nbsp;adc_calibration_enable
<LI><a href="#[cc]">&gt;&gt;</a>&nbsp;&nbsp;&nbsp;rcu_periph_clock_enable
<LI><a href="#[cd]">&gt;&gt;</a>&nbsp;&nbsp;&nbsp;rcu_adc_clock_config
<LI><a href="#[d7]">&gt;&gt;</a>&nbsp;&nbsp;&nbsp;delay_ms
</UL>
<BR>[Called By]<UL><LI><a href="#[d9]">&gt;&gt;</a>&nbsp;&nbsp;&nbsp;BSP_ADC_Init
</UL>

<P><STRONG><a name="[da]"></a>Gpio_Init</STRONG> (Thumb, 24 bytes, Stack size 8 bytes, bsp_adc.o(i.Gpio_Init))
<BR><BR>[Stack]<UL><LI>Max Depth = 28<LI>Call Chain = Gpio_Init &rArr; gpio_init
</UL>
<BR>[Calls]<UL><LI><a href="#[cc]">&gt;&gt;</a>&nbsp;&nbsp;&nbsp;rcu_periph_clock_enable
<LI><a href="#[dc]">&gt;&gt;</a>&nbsp;&nbsp;&nbsp;gpio_init
</UL>
<BR>[Called By]<UL><LI><a href="#[d9]">&gt;&gt;</a>&nbsp;&nbsp;&nbsp;BSP_ADC_Init
</UL>

<P><STRONG><a name="[149]"></a>RTC_Delay</STRONG> (Thumb, 10 bytes, Stack size 8 bytes, bsp_rtc.o(i.RTC_Delay))
<BR><BR>[Stack]<UL><LI>Max Depth = 8<LI>Call Chain = RTC_Delay
</UL>
<BR>[Calls]<UL><LI><a href="#[121]">&gt;&gt;</a>&nbsp;&nbsp;&nbsp;delay_us
</UL>
<BR>[Called By]<UL><LI><a href="#[14d]">&gt;&gt;</a>&nbsp;&nbsp;&nbsp;RTC_WaitAck
<LI><a href="#[ef]">&gt;&gt;</a>&nbsp;&nbsp;&nbsp;RTC_Stop
<LI><a href="#[14b]">&gt;&gt;</a>&nbsp;&nbsp;&nbsp;RTC_Start
<LI><a href="#[14c]">&gt;&gt;</a>&nbsp;&nbsp;&nbsp;RTC_SendByte
<LI><a href="#[14e]">&gt;&gt;</a>&nbsp;&nbsp;&nbsp;RTC_ReadByte
<LI><a href="#[14a]">&gt;&gt;</a>&nbsp;&nbsp;&nbsp;RTC_NAck
<LI><a href="#[148]">&gt;&gt;</a>&nbsp;&nbsp;&nbsp;RTC_Ack
</UL>

<P><STRONG><a name="[181]"></a>NVIC_SetPriority</STRONG> (Thumb, 32 bytes, Stack size 8 bytes, sys_config.o(i.NVIC_SetPriority))
<BR><BR>[Stack]<UL><LI>Max Depth = 8<LI>Call Chain = NVIC_SetPriority
</UL>
<BR>[Called By]<UL><LI><a href="#[17d]">&gt;&gt;</a>&nbsp;&nbsp;&nbsp;setSystemTick
</UL>

<P><STRONG><a name="[1a0]"></a>_fadd1</STRONG> (Thumb, 0 bytes, Stack size unknown bytes, faddsub_clz.o(x$fpl$fadd), UNUSED)
<BR><BR>[Called By]<UL><LI><a href="#[1a1]">&gt;&gt;</a>&nbsp;&nbsp;&nbsp;_fsub
<LI><a href="#[19f]">&gt;&gt;</a>&nbsp;&nbsp;&nbsp;_frsb
</UL>

<P><STRONG><a name="[197]"></a>_fsub1</STRONG> (Thumb, 0 bytes, Stack size unknown bytes, faddsub_clz.o(x$fpl$fsub), UNUSED)
<BR><BR>[Called By]<UL><LI><a href="#[19f]">&gt;&gt;</a>&nbsp;&nbsp;&nbsp;_frsb
<LI><a href="#[196]">&gt;&gt;</a>&nbsp;&nbsp;&nbsp;_fadd
</UL>

<P><STRONG><a name="[a3]"></a>_fp_digits</STRONG> (Thumb, 432 bytes, Stack size 96 bytes, _printf_fp_dec.o(.text))
<BR><BR>[Stack]<UL><LI>Max Depth = 220<LI>Call Chain = _fp_digits &rArr; _btod_etento &rArr; _btod_emul &rArr; _e2e
</UL>
<BR>[Calls]<UL><LI><a href="#[a7]">&gt;&gt;</a>&nbsp;&nbsp;&nbsp;_btod_emul
<LI><a href="#[a6]">&gt;&gt;</a>&nbsp;&nbsp;&nbsp;_btod_ediv
<LI><a href="#[a5]">&gt;&gt;</a>&nbsp;&nbsp;&nbsp;_btod_d2e
<LI><a href="#[a4]">&gt;&gt;</a>&nbsp;&nbsp;&nbsp;_btod_etento
<LI><a href="#[a8]">&gt;&gt;</a>&nbsp;&nbsp;&nbsp;_ll_udiv10
</UL>
<BR>[Called By]<UL><LI><a href="#[a9]">&gt;&gt;</a>&nbsp;&nbsp;&nbsp;_printf_fp_dec_real
</UL>

<P><STRONG><a name="[77]"></a>_printf_input_char</STRONG> (Thumb, 10 bytes, Stack size 0 bytes, _printf_char_common.o(.text))
<BR>[Address Reference Count : 1]<UL><LI> _printf_char_common.o(.text)
</UL>
<P><STRONG><a name="[ac]"></a>_fp_value</STRONG> (Thumb, 588 bytes, Stack size 96 bytes, scanf_fp.o(.text))
<BR><BR>[Stack]<UL><LI>Max Depth = 220<LI>Call Chain = _fp_value &rArr; _btod_etento &rArr; _btod_emul &rArr; _e2e
</UL>
<BR>[Calls]<UL><LI><a href="#[ae]">&gt;&gt;</a>&nbsp;&nbsp;&nbsp;_btod_emuld
<LI><a href="#[af]">&gt;&gt;</a>&nbsp;&nbsp;&nbsp;_btod_edivd
<LI><a href="#[a4]">&gt;&gt;</a>&nbsp;&nbsp;&nbsp;_btod_etento
<LI><a href="#[ad]">&gt;&gt;</a>&nbsp;&nbsp;&nbsp;__aeabi_errno_addr
<LI><a href="#[0]">&gt;&gt;</a>&nbsp;&nbsp;&nbsp;__ieee_status
</UL>
<BR>[Called By]<UL><LI><a href="#[b0]">&gt;&gt;</a>&nbsp;&nbsp;&nbsp;_scanf_really_real
</UL>

<P><STRONG><a name="[78]"></a>_scanf_char_input</STRONG> (Thumb, 12 bytes, Stack size 0 bytes, scanf_char.o(.text))
<BR>[Address Reference Count : 1]<UL><LI> scanf_char.o(.text)
</UL><P>
<H3>
Undefined Global Symbols
</H3><HR></body></html>
